TAP version 13
# Subtest: U01 A4 receipts: array and keyed results identify one tarball; malformed or ambiguous output fails
ok 1 - U01 A4 receipts: array and keyed results identify one tarball; malformed or ambiguous output fails
  ---
  duration_ms: 1.278541
  type: 'test'
  ...
# Subtest: U01 A4: actual packed, offline installed and skill-installed instructions equal source
ok 2 - U01 A4: actual packed, offline installed and skill-installed instructions equal source
  ---
  duration_ms: 408.010542
  type: 'test'
  ...
1..2
# tests 2
# suites 0
# pass 2
# fail 0
# cancelled 0
# skipped 0
# todo 0
# duration_ms 605.410959
