$ pnpm build && node --test dist/tests/*.test.js
$ node scripts/build-html.mjs --clean && tsc -p tsconfig.build.json
TAP version 13
# Subtest: F04A acceptance 1–3: replay real PDFs, full text, fonts, colors and frozen input integrity
    # Subtest: PDFKit reopens and re-extracts every candidate page; negative controls really discriminate
    ok 1 - PDFKit reopens and re-extracts every candidate page; negative controls really discriminate
      ---
      duration_ms: 41238.3485
      type: 'test'
      ...
    1..1
ok 1 - F04A acceptance 1–3: replay real PDFs, full text, fonts, colors and frozen input integrity
  ---
  duration_ms: 41289.881167
  type: 'test'
  ...
# Subtest: F04A acceptance 3: installed Chrome really exports frozen file:// fixture offline; not a product PDF action
ok 2 - F04A acceptance 3: installed Chrome really exports frozen file:// fixture offline; not a product PDF action
  ---
  duration_ms: 1286.379792
  type: 'test'
  ...
# Subtest: F04A acceptance 2: every human selection and physical-browser requirement remains explicitly pending
ok 3 - F04A acceptance 2: every human selection and physical-browser requirement remains explicitly pending
  ---
  duration_ms: 54.201208
  type: 'test'
  ...
# Subtest: F04A acceptance 4: only external qualification requires HOLD; neither qualified cannot enable F04
ok 4 - F04A acceptance 4: only external qualification requires HOLD; neither qualified cannot enable F04
  ---
  duration_ms: 15.252708
  type: 'test'
  ...
# Subtest: F01 A1/A2: one direct image chooser, no retired shortcuts/menus, disabled truthful top-level PDF and responsive shell
ok 5 - F01 A1/A2: one direct image chooser, no retired shortcuts/menus, disabled truthful top-level PDF and responsive shell
  ---
  duration_ms: 5143.525917
  type: 'test'
  ...
# Subtest: F01 A3: no history and all author content survive edit/download/full browser restart
ok 6 - F01 A3: no history and all author content survive edit/download/full browser restart
  ---
  duration_ms: 3174.479625
  type: 'test'
  ...
# Subtest: F01 A3: valid history and all author content survive edit/download/full browser restart
ok 7 - F01 A3: valid history and all author content survive edit/download/full browser restart
  ---
  duration_ms: 3019.89775
  type: 'test'
  ...
# Subtest: F01 A3: broken history and all author content survive edit/download/full browser restart
ok 8 - F01 A3: broken history and all author content survive edit/download/full browser restart
  ---
  duration_ms: 3669.626959
  type: 'test'
  ...
# Subtest: F01 A3: unknown history and all author content survive edit/download/full browser restart
ok 9 - F01 A3: unknown history and all author content survive edit/download/full browser restart
  ---
  duration_ms: 2989.492125
  type: 'test'
  ...
# Subtest: F01 A3: simulated native adapter writes real disk and preserves old media history without new snapshots
ok 10 - F01 A3: simulated native adapter writes real disk and preserves old media history without new snapshots
  ---
  duration_ms: 3329.886083
  type: 'test'
  ...
# Subtest: F01 A1–A3: audited Cherry ten-page document upgrades without content loss and keeps focused controls
ok 11 - F01 A1–A3: audited Cherry ten-page document upgrades without content loss and keeps focused controls
  ---
  duration_ms: 7691.044667
  type: 'test'
  ...
# (node:36050) ExperimentalWarning: The MockTimers API is an experimental feature and might change at any time
# (Use `node --trace-warnings ...` to show where the warning was created)
# Subtest: F02 errors survive editing and draft quota failure; pending automatic timer cannot retry without consent
ok 12 - F02 errors survive editing and draft quota failure; pending automatic timer cannot retry without consent
  ---
  duration_ms: 0.871
  type: 'test'
  ...
# Subtest: F02 recovery serializes and stores once per revision/base; next acknowledged baseline checkpoints latest revision
ok 13 - F02 recovery serializes and stores once per revision/base; next acknowledged baseline checkpoints latest revision
  ---
  duration_ms: 0.138
  type: 'test'
  ...
# Subtest: F02 cancel, denial, picker/read errors and unsupported save never download; explicit download retains content
ok 14 - F02 cancel, denial, picker/read errors and unsupported save never download; explicit download retains content
  ---
  duration_ms: 8318.493625
  type: 'test'
  ...
# Subtest: F02 B1 actual Enter/Shift+Enter, inline formatting, multiline clipboard event, undo/redo, download and fresh process editing
ok 15 - F02 B1 actual Enter/Shift+Enter, inline formatting, multiline clipboard event, undo/redo, download and fresh process editing
  ---
  duration_ms: 6110.387125
  type: 'test'
  ...
# Subtest: F03 A1/A2/A3 absolute: image UI placement, pointer/order, resize/crop/replace, undo/redo and fresh-process saved reopen
ok 16 - F03 A1/A2/A3 absolute: image UI placement, pointer/order, resize/crop/replace, undo/redo and fresh-process saved reopen
  ---
  duration_ms: 14659.954083
  type: 'test'
  ...
# Subtest: F03 A1/A2/A3 block: image UI placement, pointer/order, resize/crop/replace, undo/redo and fresh-process saved reopen
ok 17 - F03 A1/A2/A3 block: image UI placement, pointer/order, resize/crop/replace, undo/redo and fresh-process saved reopen
  ---
  duration_ms: 15094.333583
  type: 'test'
  ...
# Subtest: F03 A1/A2/A3 flex: image UI placement, pointer/order, resize/crop/replace, undo/redo and fresh-process saved reopen
ok 18 - F03 A1/A2/A3 flex: image UI placement, pointer/order, resize/crop/replace, undo/redo and fresh-process saved reopen
  ---
  duration_ms: 12573.067167
  type: 'test'
  ...
# Subtest: F03 A1/A2/A3 grid: image UI placement, pointer/order, resize/crop/replace, undo/redo and fresh-process saved reopen
ok 19 - F03 A1/A2/A3 grid: image UI placement, pointer/order, resize/crop/replace, undo/redo and fresh-process saved reopen
  ---
  duration_ms: 12695.121041
  type: 'test'
  ...
# Subtest: F03 failures/cancel: cancelled chooser, invalid bytes/type/oversize preserve original and undo stack; same replacement can be retried
ok 20 - F03 failures/cancel: cancelled chooser, invalid bytes/type/oversize preserve original and undo stack; same replacement can be retried
  ---
  duration_ms: 2683.7965
  type: 'test'
  ...
# Subtest: F03 bounded async image import: progress, cancel and leaving edit discard delayed decode without dirty/history changes
ok 21 - F03 bounded async image import: progress, cancel and leaving edit discard delayed decode without dirty/history changes
  ---
  duration_ms: 6025.035583
  type: 'test'
  ...
# Subtest: F03 A1/A2 prototype: actual author draft, consecutive images, pointer resize, resource reuse and author content preserved
ok 22 - F03 A1/A2 prototype: actual author draft, consecutive images, pointer resize, resource reuse and author content preserved
  ---
  duration_ms: 2947.775125
  type: 'test'
  ...
# Subtest: F03 A1/A2 cherry: actual author draft, consecutive images, pointer resize, resource reuse and author content preserved
ok 23 - F03 A1/A2 cherry: actual author draft, consecutive images, pointer resize, resource reuse and author content preserved
  ---
  duration_ms: 2501.570375
  type: 'test'
  ...
# Subtest: F05 A1/A2: scoped controls, no retired menu/gutter, honest PDF state, navigation endpoints and keyboard focus
ok 24 - F05 A1/A2: scoped controls, no retired menu/gutter, honest PDF state, navigation endpoints and keyboard focus
  ---
  duration_ms: 3373.390583
  type: 'test'
  ...
# Subtest: F05 A1/A2/A3: same Cherry draft at 1440/1024/390, unclipped centered page, inspector, save status and pure presentation
ok 25 - F05 A1/A2/A3: same Cherry draft at 1440/1024/390, unclipped centered page, inspector, save status and pure presentation
  ---
  duration_ms: 7998.619708
  type: 'test'
  ...
# Subtest: F05 A3: 40-page rail scrolls independently; last page/add footer and keyboard reorder remain reachable at desktop and narrow width
ok 26 - F05 A3: 40-page rail scrolls independently; last page/add footer and keyboard reorder remain reachable at desktop and narrow width
  ---
  duration_ms: 4084.788292
  type: 'test'
  ...
# Subtest: F06 A1/A4: same offline Cherry draft edits text and image, downloads once, reopens in fresh process and presents all pages; PDF stays unqualified
ok 27 - F06 A1/A4: same offline Cherry draft edits text and image, downloads once, reopens in fresh process and presents all pages; PDF stays unqualified
  ---
  duration_ms: 5972.601333
  type: 'test'
  ...
# Subtest: F06 A2/A3: native acceptance and audit gaps cannot be closed by automated evidence
ok 28 - F06 A2/A3: native acceptance and audit gaps cannot be closed by automated evidence
  ---
  duration_ms: 16.276875
  type: 'test'
  ...
# Subtest: F06 A4: frozen delivered HTML matches recorded download hash and carries ten editable pages without external runtime dependencies
ok 29 - F06 A4: frozen delivered HTML matches recorded download hash and carries ten editable pages without external runtime dependencies
  ---
  duration_ms: 28.648667
  type: 'test'
  ...
# Subtest: H01 acceptance 1: native Grid/Flex/SVG/font hierarchy and nested resources retain computed layout and exact pixels
ok 30 - H01 acceptance 1: native Grid/Flex/SVG/font hierarchy and nested resources retain computed layout and exact pixels
  ---
  duration_ms: 1774.025334
  type: 'test'
  ...
# Subtest: H01 acceptance 1: deterministic IDs reserve author identities, repair duplicates and preserve nested template escaping
ok 31 - H01 acceptance 1: deterministic IDs reserve author identities, repair duplicates and preserve nested template escaping
  ---
  duration_ms: 106.076625
  type: 'test'
  ...
# Subtest: H01 acceptance 2: 100 actual browser serialize/write/close/reopen cycles retain one payload and no editing residue
ok 32 - H01 acceptance 2: 100 actual browser serialize/write/close/reopen cycles retain one payload and no editing residue
  ---
  duration_ms: 25390.741375
  type: 'test'
  ...
# Subtest: H01 acceptance 2: sanitizer reports executable content; runtime sandbox/CSP block independent script/event/network/navigation attempts
ok 33 - H01 acceptance 2: sanitizer reports executable content; runtime sandbox/CSP block independent script/event/network/navigation attempts
  ---
  duration_ms: 519.8055
  type: 'test'
  ...
# Subtest: H01 acceptance 2: safe serialization fails closed for executable CSS, SVG data, remote resource and malformed metadata
ok 34 - H01 acceptance 2: safe serialization fails closed for executable CSS, SVG data, remote resource and malformed metadata
  ---
  duration_ms: 125.843958
  type: 'test'
  ...
# Subtest: H01 acceptance 3: offline CLI with no PATH/keys/browser writes exactly one HTML and <=1KB summary
ok 35 - H01 acceptance 3: offline CLI with no PATH/keys/browser writes exactly one HTML and <=1KB summary
  ---
  duration_ms: 454.849875
  type: 'test'
  ...
# Subtest: H01 acceptance 3: rejection creates no output; local resource root, symlinks, missing resources and import cycles fail explicitly
ok 36 - H01 acceptance 3: rejection creates no output; local resource root, symlinks, missing resources and import cycles fail explicitly
  ---
  duration_ms: 227.042917
  type: 'test'
  ...
# Subtest: H01 acceptance 4: actual bundled CLI/runtime import graphs exclude old representations; all three H00 drafts enhance directly
ok 37 - H01 acceptance 4: actual bundled CLI/runtime import graphs exclude old representations; all three H00 drafts enhance directly
  ---
  duration_ms: 228.826292
  type: 'test'
  ...
# Subtest: H01 acceptance 1/3: embedded SVG references preserve fragment identity and diagnostics obey byte limits
ok 38 - H01 acceptance 1/3: embedded SVG references preserve fragment identity and diagnostics obey byte limits
  ---
  duration_ms: 222.744542
  type: 'test'
  ...
# Subtest: H03 acceptance 2/3: viewport changes retain focused format control, selection and original DOM without edits
ok 39 - H03 acceptance 2/3: viewport changes retain focused format control, selection and original DOM without edits
  ---
  duration_ms: 1910.530708
  type: 'test'
  ...
# Subtest: H03 acceptance 1: real object selection, empty/multiple/mixed contextual shell and screenshots
ok 40 - H03 acceptance 1: real object selection, empty/multiple/mixed contextual shell and screenshots
  ---
  duration_ms: 2922.383334
  type: 'test'
  ...
# Subtest: H03 acceptance 2: computed normal text contrast >=4.5, visible keyboard focus and keyboard object/format path
ok 41 - H03 acceptance 2: computed normal text contrast >=4.5, visible keyboard focus and keyboard object/format path
  ---
  duration_ms: 1183.301125
  type: 'test'
  ...
# Subtest: H03 acceptance 3: local text/range history preserves sibling identity, native Grid/Flex strategies and protected Agent hash
ok 42 - H03 acceptance 3: local text/range history preserves sibling identity, native Grid/Flex strategies and protected Agent hash
  ---
  duration_ms: 1737.090208
  type: 'test'
  ...
# Subtest: H03 acceptance 4: original-file reopen retains text, range style, layout, media, table/background/lock; errors retain work
ok 43 - H03 acceptance 4: original-file reopen retains text, range style, layout, media, table/background/lock; errors retain work
  ---
  duration_ms: 4224.279875
  type: 'test'
  ...
# Subtest: H03 native typing history, atomic multi-edit failure, table cell and page insertion history
ok 44 - H03 native typing history, atomic multi-edit failure, table cell and page insertion history
  ---
  duration_ms: 1959.911667
  type: 'test'
  ...
# Subtest: H03 original-file persisted range formatting and keyboard/pointer layout; clean preview returns to edit
ok 45 - H03 original-file persisted range formatting and keyboard/pointer layout; clean preview returns to edit
  ---
  duration_ms: 2971.824583
  type: 'test'
  ...
# Subtest: H03 guarded SVG replacement, protected native input, composition events coalesce and hash race rejects
ok 46 - H03 guarded SVG replacement, protected native input, composition events coalesce and hash race rejects
  ---
  duration_ms: 1024.3805
  type: 'test'
  ...
# Subtest: H00 acceptance 1: frozen positive HTML contract excludes retired formats and IR pipeline
ok 47 - H00 acceptance 1: frozen positive HTML contract excludes retired formats and IR pipeline
  ---
  duration_ms: 4.381542
  type: 'test'
  ...
# Subtest: H00 acceptance 2: real fixed materials, all nine pairs and cold/hot missing data stay pending
ok 48 - H00 acceptance 2: real fixed materials, all nine pairs and cold/hot missing data stay pending
  ---
  duration_ms: 83.053417
  type: 'test'
  ...
# Subtest: H00 acceptance 2: missing timings/tokens, changed model/materials, omitted runs and fake success fail
ok 49 - H00 acceptance 2: missing timings/tokens, changed model/materials, omitted runs and fake success fail
  ---
  duration_ms: 16.173083
  type: 'test'
  ...
# Subtest: H00 acceptance 2: observed failures are retained, never repaired away or silently excluded
ok 50 - H00 acceptance 2: observed failures are retained, never repaired away or silently excluded
  ---
  duration_ms: 8.977417
  type: 'test'
  ...
# Subtest: H00 acceptance 2: artifact bytes must exist inside evidence root including symlink resolution
ok 51 - H00 acceptance 2: artifact bytes must exist inside evidence root including symlink resolution
  ---
  duration_ms: 37.993083
  type: 'test'
  ...
# Subtest: H00 acceptance 2: capture records actual subprocess time/bytes/failure and refuses overwrite
ok 52 - H00 acceptance 2: capture records actual subprocess time/bytes/failure and refuses overwrite
  ---
  duration_ms: 65.615542
  type: 'test'
  ...
# Subtest: H00 retained exploratory HTML has twelve pages, no runtime/network and real data table; not timing evidence
ok 53 - H00 retained exploratory HTML has twelve pages, no runtime/network and real data table; not timing evidence
  ---
  duration_ms: 1.478083
  type: 'test'
  ...
# Subtest: H00 dependency inventory preserves evidence of live retired dependencies without declaring retirement
ok 54 - H00 dependency inventory preserves evidence of live retired dependencies without declaring retirement
  ---
  duration_ms: 1.308625
  type: 'test'
  ...
# Subtest: H05 acceptance 1: static CLI/runtime graph and actual installed npm tarball contain only HTML dependencies
ok 55 - H05 acceptance 1: static CLI/runtime graph and actual installed npm tarball contain only HTML dependencies
  ---
  duration_ms: 2.131083
  type: 'test'
  ...
# Subtest: H05 acceptance 2: offline installed CLI generates HTML with network and external processes forbidden
ok 56 - H05 acceptance 2: offline installed CLI generates HTML with network and external processes forbidden
  ---
  duration_ms: 134.920083
  type: 'test'
  ...
# Subtest: H05 acceptance 3: candidate runtime <=250 KB gzip and three twelve-page light HTMLs <=1 MB measured
ok 57 - H05 acceptance 3: candidate runtime <=250 KB gzip and three twelve-page light HTMLs <=1 MB measured
  ---
  duration_ms: 300.185583
  type: 'test'
  ...
# Subtest: H05 acceptance 4: isolated install, reusable skill and overwrite refusal preserve existing user files
ok 58 - H05 acceptance 4: isolated install, reusable skill and overwrite refusal preserve existing user files
  ---
  duration_ms: 543.048958
  type: 'test'
  ...
# Subtest: H05 acceptance 2: packaged HTML prints through separately available Chrome PDF toolchain
ok 59 - H05 acceptance 2: packaged HTML prints through separately available Chrome PDF toolchain # SKIP F01 scope retirement: docs/focused-product/evidence/F01/TEST-MIGRATION.json; not a pass
  ---
  duration_ms: 0.078875
  type: 'test'
  ...
# Subtest: H05 retirement: all historical test files remain byte-identical to the pre-H05 manifest
ok 60 - H05 retirement: all historical test files remain byte-identical to the pre-H05 manifest
  ---
  duration_ms: 12.422959
  type: 'test'
  ...
# Subtest: H04 acceptance 1/2: clean audience, idle controls, black pixels, steps, media clicks, fullscreen denial and Escape restore
ok 61 - H04 acceptance 1/2: clean audience, idle controls, black pixels, steps, media clicks, fullscreen denial and Escape restore
  ---
  duration_ms: 3918.873667
  type: 'test'
  ...
# Subtest: H04 acceptance 2: blocked presenter leaves audience usable; real popup has notes/next preview and shared navigation
ok 62 - H04 acceptance 2: blocked presenter leaves audience usable; real popup has notes/next preview and shared navigation
  ---
  duration_ms: 1989.432917
  type: 'test'
  ...
# Subtest: H04 acceptance 3: actual browser PDF has two sized pages, selectable revealed text, no editor UI and print restores content
ok 63 - H04 acceptance 3: actual browser PDF has two sized pages, selectable revealed text, no editor UI and print restores content # SKIP F01 scope retirement: docs/focused-product/evidence/F01/TEST-MIGRATION.json; not a pass
  ---
  duration_ms: 0.392208
  type: 'test'
  ...
# Subtest: H04 acceptance 4: generation and reading create only HTML; new export/runtime graph excludes retired formats
    # Subtest: Retired product system-print action
    ok 1 - Retired product system-print action # SKIP F01 forbids system-print export; assertions preserved
      ---
      duration_ms: 0.102875
      type: 'test'
      ...
    1..1
ok 64 - H04 acceptance 4: generation and reading create only HTML; new export/runtime graph excludes retired formats
  ---
  duration_ms: 963.910834
  type: 'test'
  ...
# Subtest: H04 actual fullscreen exit, Grid slide layout, print from presentation, mount and read return
    # Subtest: Retired system-print product path — F04A/F04 pending
    ok 1 - Retired system-print product path — F04A/F04 pending # SKIP F01: user forbids system printing; original assertions preserved
      ---
      duration_ms: 0.540166
      type: 'test'
      ...
    1..1
ok 65 - H04 actual fullscreen exit, Grid slide layout, print from presentation, mount and read return
  ---
  duration_ms: 1389.9075
  type: 'test'
  ...
# Subtest: H02 acceptance 1: original path autosave, close/reopen and service restart preserve text with no download
ok 66 - H02 acceptance 1: original path autosave, close/reopen and service restart preserve text with no download
  ---
  duration_ms: 3601.270417
  type: 'test'
  ...
# Subtest: H02 acceptance 2: OS read-only, ENOSPC fault, interrupted replace retain original and recoverable version
ok 67 - H02 acceptance 2: OS read-only, ENOSPC fault, interrupted replace retain original and recoverable version
  ---
  duration_ms: 613.95275
  type: 'test'
  ...
# Subtest: H02 acceptance 2: two services/windows serialize one winner and detect external Agent edits at replace
ok 68 - H02 acceptance 2: two services/windows serialize one winner and detect external Agent edits at replace
  ---
  duration_ms: 242.8565
  type: 'test'
  ...
# Subtest: H02 acceptance 2: kill process before rename, restart recovers stale lock and preserves original
ok 69 - H02 acceptance 2: kill process before rename, restart recovers stale lock and preserves original
  ---
  duration_ms: 315.643125
  type: 'test'
  ...
# Subtest: H02 acceptance 2/3: browser two-window conflict keeps draft; explicit reread and retry after network failure
ok 70 - H02 acceptance 2/3: browser two-window conflict keeps draft; explicit reread and retry after network failure
  ---
  duration_ms: 4530.494459
  type: 'test'
  ...
# Subtest: H02 acceptance 3: IME does not save half composition; 1000ms pause and delayed acknowledgement remain dirty/saving
ok 71 - H02 acceptance 3: IME does not save half composition; 1000ms pause and delayed acknowledgement remain dirty/saving
  ---
  duration_ms: 2659.074209
  type: 'test'
  ...
# Subtest: H02 acceptance 2/3: two real windows retain the failed draft after the other file save is acknowledged
ok 72 - H02 acceptance 2/3: two real windows retain the failed draft after the other file save is acknowledged
  ---
  duration_ms: 3191.649375
  type: 'test'
  ...
# Subtest: H02 acceptance 2/3: a delayed acknowledgement never deletes another window recovery draft
ok 73 - H02 acceptance 2/3: a delayed acknowledgement never deletes another window recovery draft
  ---
  duration_ms: 0.908542
  type: 'test'
  ...
# Subtest: H02 acceptance 3: edits during in-flight save remain queued; draft base matching, quotas and copied identity
ok 74 - H02 acceptance 3: edits during in-flight save remain queued; draft base matching, quotas and copied identity
  ---
  duration_ms: 0.918875
  type: 'test'
  ...
# Subtest: H02 acceptance 2/3: File System Access permission revoked, conflict, failed close and confirmation (API contract test)
ok 75 - H02 acceptance 2/3: File System Access permission revoked, conflict, failed close and confirmation (API contract test)
  ---
  duration_ms: 10.506042
  type: 'test'
  ...
# Subtest: H02 acceptance 4: loopback bind, hostile Origin/Host, no token, traversal, arbitrary fields and unsafe content rejected
ok 76 - H02 acceptance 4: loopback bind, hostile Origin/Host, no token, traversal, arbitrary fields and unsafe content rejected
  ---
  duration_ms: 352.278708
  type: 'test'
  ...
# Subtest: H02 acceptance 5: real installed Chrome file URL shows limitation, keeps draft and never claims file save
ok 77 - H02 acceptance 5: real installed Chrome file URL shows limitation, keeps draft and never claims file save
  ---
  duration_ms: 2677.104625
  type: 'test'
  ...
# Subtest: H02 acceptance 5: Safari actual WebDriver journey or explicit blocked evidence (not simulated Safari)
ok 78 - H02 acceptance 5: Safari actual WebDriver journey or explicit blocked evidence (not simulated Safari)
  ---
  duration_ms: 336.991458
  type: 'test'
  ...
# Subtest: H02 acceptance 1/4: explicit development ppte serve retains packaged npm install, stable restart URL and multiple file mappings
ok 79 - H02 acceptance 1/4: explicit development ppte serve retains packaged npm install, stable restart URL and multiple file mappings
  ---
  duration_ms: 1920.321375
  type: 'test'
  ...
# Subtest: H02 acceptance 2: history bounded by count and rejected restoration paths never write
ok 80 - H02 acceptance 2: history bounded by count and rejected restoration paths never write
  ---
  duration_ms: 2130.204458
  type: 'test'
  ...
# Subtest: H02 acceptance 2: actual bounded full disk returns ENOSPC without replacing original (macOS HFS+)
ok 81 - H02 acceptance 2: actual bounded full disk returns ENOSPC without replacing original (macOS HFS+)
  ---
  duration_ms: 1934.772542
  type: 'test'
  ...
# Subtest: H02 acceptance 2/3: failed-save draft survives page close, restores on matching file base and flushes to original
ok 82 - H02 acceptance 2/3: failed-save draft survives page close, restores on matching file base and flushes to original
  ---
  duration_ms: 2849.914208
  type: 'test'
  ...
# Subtest: CLOSING: delivered CLI file supports offline editing, history, download and fresh-process reopening; same-content responsive comparisons
ok 83 - CLOSING: delivered CLI file supports offline editing, history, download and fresh-process reopening; same-content responsive comparisons
  ---
  duration_ms: 6215.627042
  type: 'test'
  ...
# Subtest: GAPS N04: fixed sRGB rasterization preserves original >4000 gates and rejects missing red, blue, and image
ok 84 - GAPS N04: fixed sRGB rasterization preserves original >4000 gates and rejects missing red, blue, and image
  ---
  duration_ms: 5164.947584
  type: 'test'
  ...
# Subtest: GAPS A4: real navigation, image edit undo, versions, download/reopen, presentation and PDF demand/release
    # Subtest: Retired history preview UI
    ok 1 - Retired history preview UI # SKIP F01 confirmed history UI removal
      ---
      duration_ms: 0.242917
      type: 'test'
      ...
    # Subtest: Retired system-print action
    ok 2 - Retired system-print action # SKIP F01 PDF pending F04A/F04
      ---
      duration_ms: 0.125
      type: 'test'
      ...
    1..2
ok 85 - GAPS A4: real navigation, image edit undo, versions, download/reopen, presentation and PDF demand/release
  ---
  duration_ms: 4314.805042
  type: 'test'
  ...
# Subtest: GAPS S04: real mouse/keyboard measurements report the unchanged 50/100ms gates, including unmet targets
ok 86 - GAPS S04: real mouse/keyboard measurements report the unchanged 50/100ms gates, including unmet targets
  ---
  duration_ms: 19026.147875
  type: 'test'
  ...
# Subtest: R1 audit native div: actual click, keyboard input, styles, undo/redo and offline download/new-process reopen
ok 87 - R1 audit native div: actual click, keyboard input, styles, undo/redo and offline download/new-process reopen
  ---
  duration_ms: 4403.235084
  type: 'test'
  ...
# Subtest: R1 native span and nested inline runs use one safe host; range style, input, undo and saved markup survive
ok 88 - R1 native span and nested inline runs use one safe host; range style, input, undo and saved markup survive
  ---
  duration_ms: 3476.920209
  type: 'test'
  ...
# Subtest: R1 mixed media/block/positioned/declared containers stay noneditable and explain unsupported text structure
ok 89 - R1 mixed media/block/positioned/declared containers stay noneditable and explain unsupported text structure
  ---
  duration_ms: 2897.625708
  type: 'test'
  ...
# Subtest: R2 audit text: image UI or explicit legacy command fixture, mouse selection, actual Alt+Right, resize, undo/redo and offline download/new-process reopen
ok 90 - R2 audit text: image UI or explicit legacy command fixture, mouse selection, actual Alt+Right, resize, undo/redo and offline download/new-process reopen
  ---
  duration_ms: 5396.494834
  type: 'test'
  ...
# Subtest: R2 audit image: image UI or explicit legacy command fixture, mouse selection, actual Alt+Right, resize, undo/redo and offline download/new-process reopen
ok 91 - R2 audit image: image UI or explicit legacy command fixture, mouse selection, actual Alt+Right, resize, undo/redo and offline download/new-process reopen
  ---
  duration_ms: 4040.858125
  type: 'test'
  ...
# Subtest: R2 audit shape: image UI or explicit legacy command fixture, mouse selection, actual Alt+Right, resize, undo/redo and offline download/new-process reopen
ok 92 - R2 audit shape: image UI or explicit legacy command fixture, mouse selection, actual Alt+Right, resize, undo/redo and offline download/new-process reopen
  ---
  duration_ms: 3715.4465
  type: 'test'
  ...
# Subtest: R2 audit table: image UI or explicit legacy command fixture, mouse selection, actual Alt+Right, resize, undo/redo and offline download/new-process reopen
ok 93 - R2 audit table: image UI or explicit legacy command fixture, mouse selection, actual Alt+Right, resize, undo/redo and offline download/new-process reopen
  ---
  duration_ms: 4135.187083
  type: 'test'
  ...
# Subtest: R2 block: image UI and legacy command fixtures use real order, spacing/alignment and retain native layout after download
ok 94 - R2 block: image UI and legacy command fixtures use real order, spacing/alignment and retain native layout after download
  ---
  duration_ms: 7981.309916
  type: 'test'
  ...
# Subtest: R2 flex: image UI and legacy command fixtures use real order, spacing/alignment and retain native layout after download
ok 95 - R2 flex: image UI and legacy command fixtures use real order, spacing/alignment and retain native layout after download
  ---
  duration_ms: 8076.029
  type: 'test'
  ...
# Subtest: R2 grid: image UI and legacy command fixtures use real order, spacing/alignment and retain native layout after download
ok 96 - R2 grid: image UI and legacy command fixtures use real order, spacing/alignment and retain native layout after download
  ---
  duration_ms: 6887.0345
  type: 'test'
  ...
# Subtest: R2 no available space: image UI / legacy command fixture insertion rolls back DOM and undo history with an accurate visible error
ok 97 - R2 no available space: image UI / legacy command fixture insertion rolls back DOM and undo history with an accurate visible error
  ---
  duration_ms: 1276.6915
  type: 'test'
  ...
# Subtest: R2 native media wrapper and mixed text: insert beside the canvas object, and protect non-heading direct text
ok 98 - R2 native media wrapper and mixed text: insert beside the canvas object, and protect non-heading direct text
  ---
  duration_ms: 2090.616667
  type: 'test'
  ...
# Subtest: R3 current page fits with padding through inspector, rail, viewport changes, mouse/keyboard navigation and modes
ok 99 - R3 current page fits with padding through inspector, rail, viewport changes, mouse/keyboard navigation and modes
  ---
  duration_ms: 3366.550042
  type: 'test'
  ...
# Subtest: R3 manual zoom scrolls only the current work area, reset fits; real drag/resize keep author units
ok 100 - R3 manual zoom scrolls only the current work area, reset fits; real drag/resize keep author units
  ---
  duration_ms: 3448.2925
  type: 'test'
  ...
# Subtest: R3 responsive author CSS reflows on window resize; transient fits do not change saved layouts; download/new-process reopen
ok 101 - R3 responsive author CSS reflows on window resize; transient fits do not change saved layouts; download/new-process reopen
  ---
  duration_ms: 3522.994125
  type: 'test'
  ...
# Subtest: R3 twelve-page audit source: current-page navigation and added page stay isolated and fitted
ok 102 - R3 twelve-page audit source: current-page navigation and added page stay isolated and fitted
  ---
  duration_ms: 1756.273416
  type: 'test'
  ...
# Subtest: R4 hierarchy: actual text controls, stable status, contextual page ordering, offline download and prototype comparisons
ok 103 - R4 hierarchy: actual text controls, stable status, contextual page ordering, offline download and prototype comparisons
  ---
  duration_ms: 6901.562792
  type: 'test'
  ...
# Subtest: R5: mobile inspector reserves visible current page, closes by mouse/Escape, navigation is exclusive, primary controls remain reachable
ok 104 - R5: mobile inspector reserves visible current page, closes by mouse/Escape, navigation is exclusive, primary controls remain reachable
  ---
  duration_ms: 4162.897125
  type: 'test'
  ...
# Subtest: R6: audit source mouse/keyboard naming, validation, cancellation, scoped confirmations, quota review, offline history round trip
ok 105 - R6: audit source mouse/keyboard naming, validation, cancellation, scoped confirmations, quota review, offline history round trip # SKIP F01 scope retirement: docs/focused-product/evidence/F01/TEST-MIGRATION.json; not a pass
  ---
  duration_ms: 0.35375
  type: 'test'
  ...
# Subtest: S00 frozen current contract rejects weakened requirements and cross-version relabelling
ok 106 - S00 frozen current contract rejects weakened requirements and cross-version relabelling
  ---
  duration_ms: 1.807209
  type: 'test'
  ...
# Subtest: S00 version changes cannot promote the historical baseline or bypass missing telemetry
ok 107 - S00 version changes cannot promote the historical baseline or bypass missing telemetry
  ---
  duration_ms: 24.448083
  type: 'test'
  ...
# Subtest: S00 active instructions and actual CLI help agree on delivery and disclose migration
ok 108 - S00 active instructions and actual CLI help agree on delivery and disclose migration
  ---
  duration_ms: 348.363458
  type: 'test'
  ...
# Subtest: S00 no new runtime or dependency requirement and historical bytes stay unchanged
ok 109 - S00 no new runtime or dependency requirement and historical bytes stay unchanged
  ---
  duration_ms: 172.259792
  type: 'test'
  ...
# Subtest: S00 real enhancement supports both extensions and refuses to rewrite existing user files
ok 110 - S00 real enhancement supports both extensions and refuses to rewrite existing user files
  ---
  duration_ms: 705.952167
  type: 'test'
  ...
# Subtest: S03 F02-F05 file UI: protected local insert/history, unique identity, native context, background, download/reopen and PDF
    # Subtest: Retired system-print product path
    ok 1 - Retired system-print product path # SKIP F01 PDF remains pending F04A/F04
      ---
      duration_ms: 0.3395
      type: 'test'
      ...
    1..1
ok 111 - S03 F02-F05 file UI: protected local insert/history, unique identity, native context, background, download/reopen and PDF
  ---
  duration_ms: 10289.083833
  type: 'test'
  ...
# Subtest: S03 contextual UI: real cell mouse/keyboard range format, collapse/zoom focus, handles and composition refresh
ok 112 - S03 contextual UI: real cell mouse/keyboard range format, collapse/zoom focus, handles and composition refresh
  ---
  duration_ms: 4845.566917
  type: 'test'
  ...
# Subtest: S01 file URL: offline visible entry, native canvas, text/format/undo, present/Esc, copied file and complete download
ok 113 - S01 file URL: offline visible entry, native canvas, text/format/undo, present/Esc, copied file and complete download
  ---
  duration_ms: 9950.942958
  type: 'test'
  ...
# Subtest: S01 CLI edit exits with file URL, rejects service flags and leaves original bytes unchanged
ok 114 - S01 CLI edit exits with file URL, rejects service flags and leaves original bytes unchanged
  ---
  duration_ms: 458.514916
  type: 'test'
  ...
# Subtest: S07 continuous file journey: offline download, browser shutdown, fresh reopen, presentation and optional PDF
    # Subtest: Retired system-print product path — F04A/F04 pending
    ok 1 - Retired system-print product path — F04A/F04 pending # SKIP F01: user forbids system printing; original assertions preserved
      ---
      duration_ms: 0.31475
      type: 'test'
      ...
    1..1
ok 115 - S07 continuous file journey: offline download, browser shutdown, fresh reopen, presentation and optional PDF
  ---
  duration_ms: 2718.807625
  type: 'test'
  ...
# Subtest: S06 table: SHA-256 vectors, legacy identity, dedup, stable references, missing/corrupt resources, no CSP expansion
ok 116 - S06 table: SHA-256 vectors, legacy identity, dedup, stable references, missing/corrupt resources, no CSP expansion
  ---
  duration_ms: 101.309667
  type: 'test'
  ...
# Subtest: S06 file journey: mixed ratios, insert/replace/focus/reset, guarded history, download/reopen, print and speaker
    # Subtest: Retired system-print product path — F04A/F04 pending
    ok 1 - Retired system-print product path — F04A/F04 pending # SKIP F01: user forbids system printing; original assertions preserved
      ---
      duration_ms: 0.193125
      type: 'test'
      ...
    1..1
ok 117 - S06 file journey: mixed ratios, insert/replace/focus/reset, guarded history, download/reopen, print and speaker
  ---
  duration_ms: 4755.41425
  type: 'test'
  ...
# Subtest: S04 evidence refuses changed environment, content, undersampling and nonfinite timings
ok 118 - S04 evidence refuses changed environment, content, undersampling and nonfinite timings
  ---
  duration_ms: 1.865916
  type: 'test'
  ...
# Subtest: S04 cache: bytes, MIME, requirement/transform context, root authorization and budget cannot be stale
ok 119 - S04 cache: bytes, MIME, requirement/transform context, root authorization and budget cannot be stale
  ---
  duration_ms: 305.801917
  type: 'test'
  ...
# Subtest: S04 draft: bounded checkpoints, revision reuse, latest recovery and permission checks on each flush
ok 120 - S04 draft: bounded checkpoints, revision reuse, latest recovery and permission checks on each flush
  ---
  duration_ms: 255.668666
  type: 'test'
  ...
# Subtest: S04 file browser: one input revision, local thumbnail, stable tools and synchronous index invalidation
ok 121 - S04 file browser: one input revision, local thumbnail, stable tools and synchronous index invalidation
  ---
  duration_ms: 1278.384584
  type: 'test'
  ...
# Subtest: S02 file entry: no API and denied permission require explicit download, reopen content/style/lock/media offline
    # Subtest: Retired new-file-instance menu
    ok 1 - Retired new-file-instance menu # SKIP F01 confirmed removal; identity compatibility covered by focused-product-f01
      ---
      duration_ms: 0.432208
      type: 'test'
      ...
    1..1
ok 122 - S02 file entry: no API and denied permission require explicit download, reopen content/style/lock/media offline
  ---
  duration_ms: 6135.12
  type: 'test'
  ...
# Subtest: S02 conflict remains latched through input; exported and confirmed revisions are independent
ok 123 - S02 conflict remains latched through input; exported and confirmed revisions are independent
  ---
  duration_ms: 0.856833
  type: 'test'
  ...
# Subtest: S02 file handle contract bridge: real file bytes, permission lifecycle, autosave, conflicts and delayed receipts
ok 124 - S02 file handle contract bridge: real file bytes, permission lifecycle, autosave, conflicts and delayed receipts
  ---
  duration_ms: 8876.616541
  type: 'test'
  ...
# Subtest: UI01 acceptance 1: offline initial, copied and downloaded files reopen in reading in a fresh process
ok 125 - UI01 acceptance 1: offline initial, copied and downloaded files reopen in reading in a fresh process
  ---
  duration_ms: 2724.494
  type: 'test'
  ...
# Subtest: UI01 acceptance 2: editor expands context on real selection, closes properties, keeps author DOM and input through mode switches
ok 126 - UI01 acceptance 2: editor expands context on real selection, closes properties, keeps author DOM and input through mode switches
  ---
  duration_ms: 2189.060875
  type: 'test'
  ...
# Subtest: UI01 acceptance 3: audience contains no menu or HUD before/after pointer, Tab, idle and black screen
ok 127 - UI01 acceptance 3: audience contains no menu or HUD before/after pointer, Tab, idle and black screen
  ---
  duration_ms: 4087.805208
  type: 'test'
  ...
# Subtest: UI01 acceptance 4: fullscreen reject/throw and native exit restore prior mode and current page; delayed grant cannot strand fullscreen
ok 128 - UI01 acceptance 4: fullscreen reject/throw and native exit restore prior mode and current page; delayed grant cannot strand fullscreen
  ---
  duration_ms: 3087.124375
  type: 'test'
  ...
# Subtest: UI02 acceptance 1: command-seeded legacy object fixtures adjust through UI and survive actual download / fresh process
ok 129 - UI02 acceptance 1: command-seeded legacy object fixtures adjust through UI and survive actual download / fresh process
  ---
  duration_ms: 6048.806375
  type: 'test'
  ...
# Subtest: UI02 acceptance 2: command fixture placement follows author Flex/Grid/flow and retains positioned author CSS
ok 130 - UI02 acceptance 2: command fixture placement follows author Flex/Grid/flow and retains positioned author CSS
  ---
  duration_ms: 3367.102584
  type: 'test'
  ...
# Subtest: UI02 acceptance 3: protection is bounded, command fixture/duplicate/delete history remains atomic and invalid actions leave content intact
ok 131 - UI02 acceptance 3: protection is bounded, command fixture/duplicate/delete history remains atomic and invalid actions leave content intact
  ---
  duration_ms: 4446.732125
  type: 'test'
  ...
# Subtest: UI02 acceptance 4: one labeled SVG menu, keyboard navigation/escape/outside close and focus-safe properties
ok 132 - UI02 acceptance 4: one labeled SVG menu, keyboard navigation/escape/outside close and focus-safe properties # SKIP F01 scope retirement: docs/focused-product/evidence/F01/TEST-MIGRATION.json; not a pass
  ---
  duration_ms: 0.128084
  type: 'test'
  ...
# Subtest: UI03 acceptance 1: long page rail has independent scroll, fixed add footer and unobstructed controls
ok 133 - UI03 acceptance 1: long page rail has independent scroll, fixed add footer and unobstructed controls
  ---
  duration_ms: 3972.876041
  type: 'test'
  ...
# Subtest: UI03 acceptance 2: new pages retain responsive/fixed/Grid declarations across modes, resize and download
ok 134 - UI03 acceptance 2: new pages retain responsive/fixed/Grid declarations across modes, resize and download
  ---
  duration_ms: 6956.896333
  type: 'test'
  ...
# Subtest: UI03 acceptance 3: nested stacking title and image do not overlap; real hit selection, layout, crop, undo and saved content
ok 135 - UI03 acceptance 3: nested stacking title and image do not overlap; real hit selection, layout, crop, undo and saved content
  ---
  duration_ms: 2139.270542
  type: 'test'
  ...
# Subtest: UI03 acceptance 4: keyboard buttons/Alt arrows and drag reorder share undo history, identity and boundaries
ok 136 - UI03 acceptance 4: keyboard buttons/Alt arrows and drag reorder share undo history, identity and boundaries
  ---
  duration_ms: 2313.132667
  type: 'test'
  ...
# Subtest: UI03 audit N01–N03 regression: original 12-page author source, responsive blank page and image hit
ok 137 - UI03 audit N01–N03 regression: original 12-page author source, responsive blank page and image hit
  ---
  duration_ms: 2597.332917
  type: 'test'
  ...
# (node:37482) ExperimentalWarning: The MockTimers API is an experimental feature and might change at any time
# (Use `node --trace-warnings ...` to show where the warning was created)
# Subtest: UI04 A5: 1s debounce, 10s sustained input, default autosave and manual override
ok 138 - UI04 A5: 1s debounce, 10s sustained input, default autosave and manual override
  ---
  duration_ms: 2.079833
  type: 'test'
  ...
# Subtest: UI04 A6: one writer, stale acknowledgement stays dirty and manual queued revision runs with auto off
ok 139 - UI04 A6: one writer, stale acknowledgement stays dirty and manual queued revision runs with auto off
  ---
  duration_ms: 0.19425
  type: 'test'
  ...
# Subtest: UI04 A4/A7/A8: errors latch; composition never serializes partial drafts or writes; retry retains baseline
ok 140 - UI04 A4/A7/A8: errors latch; composition never serializes partial drafts or writes; retry retains baseline
  ---
  duration_ms: 3.151834
  type: 'test'
  ...
# Subtest: UI04 A1/A3/A7/A8: product save panel, wrong same-name document refusal, complete IME download and fresh browser process
ok 141 - UI04 A1/A3/A7/A8: product save panel, wrong same-name document refusal, complete IME download and fresh browser process
  ---
  duration_ms: 3005.40925
  type: 'test'
  ...
# Subtest: UI05 acceptance 1: 1440/1024/820/390 reading/editing, mutually exclusive drawers and reachable primary controls
ok 142 - UI05 acceptance 1: 1440/1024/820/390 reading/editing, mutually exclusive drawers and reachable primary controls
  ---
  duration_ms: 5050.138458
  type: 'test'
  ...
# Subtest: UI05 acceptance 2: 200% equivalent layout viewport, large font, coarse 44px targets and table grid
ok 143 - UI05 acceptance 2: 200% equivalent layout viewport, large font, coarse 44px targets and table grid
  ---
  duration_ms: 2035.266084
  type: 'test'
  ...
# Subtest: UI05 acceptance 3: menu arrows/Home/End/Enter/Escape/Tab, focus restoration, edge placement and disclosure semantics
ok 144 - UI05 acceptance 3: menu arrows/Home/End/Enter/Escape/Tab, focus restoration, edge placement and disclosure semantics # SKIP F01 scope retirement: docs/focused-product/evidence/F01/TEST-MIGRATION.json; not a pass
  ---
  duration_ms: 0.094042
  type: 'test'
  ...
# Subtest: UI05 acceptance 4: icon names/tooltips, visible focus, modes and measured important text contrast
ok 145 - UI05 acceptance 4: icon names/tooltips, visible focus, modes and measured important text contrast
  ---
  duration_ms: 1182.477
  type: 'test'
  ...
# Subtest: UI06 A1/A2: product offline four-object history → download → full shutdown → copy → preview/restore → download → fresh read/show/PDF
ok 146 - UI06 A1/A2: product offline four-object history → download → full shutdown → copy → preview/restore → download → fresh read/show/PDF # SKIP F01 scope retirement: docs/focused-product/evidence/F01/TEST-MIGRATION.json; not a pass
  ---
  duration_ms: 0.370625
  type: 'test'
  ...
# Subtest: UI06 A3 evidence contract: native/Safari unknowns cannot inherit headless or bridge passes
ok 147 - UI06 A3 evidence contract: native/Safari unknowns cannot inherit headless or bridge passes
  ---
  duration_ms: 2.122792
  type: 'test'
  ...
# Subtest: UI06 A4 evidence contract: UI feedback and sample aesthetics have separate unfilled human records and vetoes
ok 148 - UI06 A4 evidence contract: UI feedback and sample aesthetics have separate unfilled human records and vetoes
  ---
  duration_ms: 5.156917
  type: 'test'
  ...
# Subtest: UI07 A1: named checkpoints deduplicate; restore is atomic and retains target, later and before-restore states
ok 149 - UI07 A1: named checkpoints deduplicate; restore is atomic and retains target, later and before-restore states
  ---
  duration_ms: 13.535375
  type: 'test'
  ...
# Subtest: UI07 A3: 5 minute generation, count/bytes quotas, named retention and failed pre-restore preserve all history
ok 150 - UI07 A3: 5 minute generation, count/bytes quotas, named retention and failed pre-restore preserve all history
  ---
  duration_ms: 16.958583
  type: 'test'
  ...
# Subtest: UI07 A2/A4: portable wire, shared media across current and checkpoints, lazy decode and independent checkpoints after deletion
ok 151 - UI07 A2/A4: portable wire, shared media across current and checkpoints, lazy decode and independent checkpoints after deletion
  ---
  duration_ms: 19.263542
  type: 'test'
  ...
# Subtest: UI07 A5: truncation, unknown schema, missing resource, bad checkpoint, hostile HTML and expansion limits are isolated
ok 152 - UI07 A5: truncation, unknown schema, missing resource, bad checkpoint, hostile HTML and expansion limits are isolated
  ---
  duration_ms: 16.47625
  type: 'test'
  ...
# Subtest: UI07 A2/A5: CLI re-enhancement preserves opaque history and single-file identity
ok 153 - UI07 A2/A5: CLI re-enhancement preserves opaque history and single-file identity
  ---
  duration_ms: 146.019042
  type: 'test'
  ...
# Subtest: UI07 A1–A6: product controls, actual offline download, copied file in fresh process, preview/restore and media timings
ok 154 - UI07 A1–A6: product controls, actual offline download, copied file in fresh process, preview/restore and media timings # SKIP F01 scope retirement: docs/focused-product/evidence/F01/TEST-MIGRATION.json; not a pass
  ---
  duration_ms: 0.187958
  type: 'test'
  ...
# Subtest: UI07 A3/A5/A6: real disk bridge writes media history; quota never blocks current save; no-history export removes private resources
ok 155 - UI07 A3/A5/A6: real disk bridge writes media history; quota never blocks current save; no-history export removes private resources # SKIP F01 scope retirement: docs/focused-product/evidence/F01/TEST-MIGRATION.json; not a pass
  ---
  duration_ms: 0.090292
  type: 'test'
  ...
# Subtest: UI07 A3/A4/A5: quota measures escaped transport bytes; reference fan-out is bounded before resource expansion
ok 156 - UI07 A3/A4/A5: quota measures escaped transport bytes; reference fan-out is bounded before resource expansion
  ---
  duration_ms: 45.726584
  type: 'test'
  ...
# Subtest: U01 A1/A2: three newly authored native pages in one offline runtime, text/image bounds and clean presentation
ok 157 - U01 A1/A2: three newly authored native pages in one offline runtime, text/image bounds and clean presentation
  ---
  duration_ms: 2464.419458
  type: 'test'
  ...
# Subtest: U01 A1: actual text editing, undo/redo, explicit download and new browser process retain the representative source
ok 158 - U01 A1: actual text editing, undo/redo, explicit download and new browser process retain the representative source
  ---
  duration_ms: 3956.367917
  type: 'test'
  ...
# Subtest: U01 A4: actual packed, offline installed and skill-installed instructions equal source
ok 159 - U01 A4: actual packed, offline installed and skill-installed instructions equal source
  ---
  duration_ms: 1228.633375
  type: 'test'
  ...
# Subtest: U01 A3/full-deck: explicit decision gate preserves rejected human status and blocks expansion
ok 160 - U01 A3/full-deck: explicit decision gate preserves rejected human status and blocks expansion
  ---
  duration_ms: 5.222666
  type: 'test'
  ...
# Subtest: U02 absolute: real pointers, all corners, crop/cancel, transaction undo, siblings and saved restart
ok 161 - U02 absolute: real pointers, all corners, crop/cancel, transaction undo, siblings and saved restart
  ---
  duration_ms: 11460.319333
  type: 'test'
  ...
# Subtest: U02 block: real pointers, all corners, crop/cancel, transaction undo, siblings and saved restart
ok 162 - U02 block: real pointers, all corners, crop/cancel, transaction undo, siblings and saved restart
  ---
  duration_ms: 8516.629709
  type: 'test'
  ...
# Subtest: U02 grid: real pointers, all corners, crop/cancel, transaction undo, siblings and saved restart
ok 163 - U02 grid: real pointers, all corners, crop/cancel, transaction undo, siblings and saved restart
  ---
  duration_ms: 6894.084792
  type: 'test'
  ...
# Subtest: U02 flex: real pointers, all corners, crop/cancel, transaction undo, siblings and saved restart
ok 164 - U02 flex: real pointers, all corners, crop/cancel, transaction undo, siblings and saved restart
  ---
  duration_ms: 14484.449292
  type: 'test'
  ...
# Subtest: U02 insert/replace: portrait, landscape, transparent, tiny and large; frame retention, decoding cancel/error and history
ok 165 - U02 insert/replace: portrait, landscape, transparent, tiny and large; frame retention, decoding cancel/error and history
  ---
  duration_ms: 10850.8805
  type: 'test'
  ...
# U02 coordinates: zoom
# U02 coordinates: cancel drag
# U02 coordinates: text
# U02 coordinates: IME
# U02 coordinates: bounded drag
# U02 coordinates: modes
# Subtest: U02 zoom/scroll/resize, bounded drag, pointer cancellation, text/IME and read/present guards
ok 166 - U02 zoom/scroll/resize, bounded drag, pointer cancellation, text/IME and read/present guards
  ---
  duration_ms: 7121.455584
  type: 'test'
  ...
# Subtest: U02 unsupported transformed author image reports boundary before handles; no accidental multi-image selection
ok 167 - U02 unsupported transformed author image reports boundary before handles; no accidental multi-image selection
  ---
  duration_ms: 976.025209
  type: 'test'
  ...
# Subtest: U02 static multi-page author coordinates survive save and preserve prior image insertion undo chain
ok 168 - U02 static multi-page author coordinates survive save and preserve prior image insertion undo chain
  ---
  duration_ms: 3002.016041
  type: 'test'
  ...
# Subtest: U03 A1/A2/A3: discoverable primary save, explanatory gesture, manual/automatic disk bridge then full browser restart
ok 169 - U03 A1/A2/A3: discoverable primary save, explanatory gesture, manual/automatic disk bridge then full browser restart
  ---
  duration_ms: 5415.524041
  type: 'test'
  ...
# Subtest: U03 A1/A3/A4: unsupported primary action downloads exactly one complete file; cache failure and beforeunload retain dirty state
ok 170 - U03 A1/A3/A4: unsupported primary action downloads exactly one complete file; cache failure and beforeunload retain dirty state
  ---
  duration_ms: 1207.43025
  type: 'test'
  ...
# (node:37643) ExperimentalWarning: The MockTimers API is an experimental feature and might change at any time
# (Use `node --trace-warnings ...` to show where the warning was created)
# Subtest: U03 A4: recovery requires preview, keeps editing and pre-recovery content, cancellation and storage errors are independent of file saves
ok 171 - U03 A4: recovery requires preview, keeps editing and pre-recovery content, cancellation and storage errors are independent of file saves
  ---
  duration_ms: 2842.176708
  type: 'test'
  ...
# Subtest: U03 A4: corrupt recovery does not become a file-write failure; quota cannot block verified manual save
ok 172 - U03 A4: corrupt recovery does not become a file-write failure; quota cannot block verified manual save
  ---
  duration_ms: 1.021625
  type: 'test'
  ...
# Subtest: U03 A2/A4 performance: large raster, real keyboard edits, natural cache quota, crop and verified manual write survive fresh browser
ok 173 - U03 A2/A4 performance: large raster, real keyboard edits, natural cache quota, crop and verified manual write survive fresh browser
  ---
  duration_ms: 15708.749125
  type: 'test'
  ...
# Subtest: U03 A4: known cache failure backs off repeated checkpoints, retains cached content and retries on manual save
ok 174 - U03 A4: known cache failure backs off repeated checkpoints, retains cached content and retries on manual save
  ---
  duration_ms: 0.418709
  type: 'test'
  ...
# Subtest: U03 A4: failed disk reread/mount cannot clear unsaved revision or replace the confirmed baseline
ok 175 - U03 A4: failed disk reread/mount cannot clear unsaved revision or replace the confirmed baseline
  ---
  duration_ms: 988.979125
  type: 'test'
  ...
1..175
# tests 184
# suites 0
# pass 168
# fail 0
# cancelled 0
# skipped 16
# todo 0
# duration_ms 111297.382083
