$ pnpm build && node scripts/release-check.mjs
$ node scripts/build-html.mjs --clean && tsc -p tsconfig.build.json
TAP version 13
# Subtest: H05 acceptance 1: static CLI/runtime graph and actual installed npm tarball contain only HTML dependencies
ok 1 - H05 acceptance 1: static CLI/runtime graph and actual installed npm tarball contain only HTML dependencies
  ---
  duration_ms: 1.483458
  type: 'test'
  ...
# Subtest: H05 acceptance 2: offline installed CLI generates HTML with network and external processes forbidden
ok 2 - H05 acceptance 2: offline installed CLI generates HTML with network and external processes forbidden
  ---
  duration_ms: 88.187917
  type: 'test'
  ...
# Subtest: H05 acceptance 3: candidate runtime <=250 KB gzip and three twelve-page light HTMLs <=1 MB measured
ok 3 - H05 acceptance 3: candidate runtime <=250 KB gzip and three twelve-page light HTMLs <=1 MB measured
  ---
  duration_ms: 172.343458
  type: 'test'
  ...
# Subtest: H05 acceptance 4: isolated install, reusable skill and overwrite refusal preserve existing user files
ok 4 - H05 acceptance 4: isolated install, reusable skill and overwrite refusal preserve existing user files
  ---
  duration_ms: 422.2795
  type: 'test'
  ...
# Subtest: H05 acceptance 2: packaged HTML prints through separately available Chrome PDF toolchain
ok 5 - H05 acceptance 2: packaged HTML prints through separately available Chrome PDF toolchain
  ---
  duration_ms: 541.282958
  type: 'test'
  ...
# Subtest: H05 retirement: all historical test files remain byte-identical to the pre-H05 manifest
ok 6 - H05 retirement: all historical test files remain byte-identical to the pre-H05 manifest
  ---
  duration_ms: 2.081292
  type: 'test'
  ...
1..6
# tests 6
# suites 0
# pass 6
# fail 0
# cancelled 0
# skipped 0
# todo 0
# duration_ms 1781.576375
TAP version 13
# Subtest: H04 acceptance 1/2: clean audience, idle controls, black pixels, steps, media clicks, fullscreen denial and Escape restore
ok 1 - H04 acceptance 1/2: clean audience, idle controls, black pixels, steps, media clicks, fullscreen denial and Escape restore
  ---
  duration_ms: 3661.600542
  type: 'test'
  ...
# Subtest: H04 acceptance 2: blocked presenter leaves audience usable; real popup has notes/next preview and shared navigation
ok 2 - H04 acceptance 2: blocked presenter leaves audience usable; real popup has notes/next preview and shared navigation
  ---
  duration_ms: 1163.9315
  type: 'test'
  ...
# Subtest: H04 acceptance 3: actual browser PDF has two sized pages, selectable revealed text, no editor UI and print restores content
ok 3 - H04 acceptance 3: actual browser PDF has two sized pages, selectable revealed text, no editor UI and print restores content
  ---
  duration_ms: 884.593375
  type: 'test'
  ...
# Subtest: H04 acceptance 4: generation and reading create only HTML; new export/runtime graph excludes retired formats
ok 4 - H04 acceptance 4: generation and reading create only HTML; new export/runtime graph excludes retired formats
  ---
  duration_ms: 827.396542
  type: 'test'
  ...
# Subtest: H04 actual fullscreen exit, Grid slide layout, print from presentation, mount and read return
ok 5 - H04 actual fullscreen exit, Grid slide layout, print from presentation, mount and read return
  ---
  duration_ms: 1210.184917
  type: 'test'
  ...
1..5
# tests 5
# suites 0
# pass 5
# fail 0
# cancelled 0
# skipped 0
# todo 0
# duration_ms 7943.487209
HTML candidate package and separate PDF checks passed. H00/H02/H04/H06 gaps remain in TASKS.json.
