TAP version 13
# Subtest: U05 delivery: nine-page reading, text, insert, drag/resize/crop, undo/redo, disk bridge, full process restart and presentation
ok 1 - U05 delivery: nine-page reading, text, insert, drag/resize/crop, undo/redo, disk bridge, full process restart and presentation
  ---
  duration_ms: 12276.317583
  type: 'test'
  ...
# Subtest: U05 B2: original source-with-links enhances and round-trips both explicit web links
ok 2 - U05 B2: original source-with-links enhances and round-trips both explicit web links
  ---
  duration_ms: 50.688625
  type: 'test'
  ...
# Subtest: U05 B2: navigation allowlist rejects executable/relative URLs and automatic loads
ok 3 - U05 B2: navigation allowlist rejects executable/relative URLs and automatic loads
  ---
  duration_ms: 1.081167
  type: 'test'
  ...
# Subtest: U05 B2: actual file clicks open isolated navigation; no automatic fetch; links survive save/reopen
ok 4 - U05 B2: actual file clicks open isolated navigation; no automatic fetch; links survive save/reopen
  ---
  duration_ms: 3743.89525
  type: 'test'
  ...
1..4
# tests 4
# suites 0
# pass 4
# fail 0
# cancelled 0
# skipped 0
# todo 0
# duration_ms 12478.932042
