TAP version 13
# Subtest: U04 decision gate: no qualified route, no product integration, explicit native/human pending
not ok 1 - U04 decision gate: no qualified route, no product integration, explicit native/human pending
  ---
  duration_ms: 1.738833
  type: 'test'
  location: '/private/tmp/ppte8/dist/tests/u04-diagnosis.test.js:105:1'
  failureType: 'testCodeFailure'
  error: |-
    Expected values to be strictly equal:
    + actual - expected
    
    + 'decided-option-1-pdf-incomplete'
    - 'awaiting-user-decision'
    
  code: 'ERR_ASSERTION'
  name: 'AssertionError'
  expected: 'awaiting-user-decision'
  actual: 'decided-option-1-pdf-incomplete'
  operator: 'strictEqual'
  stack: |-
    TestContext.<anonymous> (file:///private/tmp/ppte8/dist/tests/u04-diagnosis.test.js:118:12)
    async Test.run (node:internal/test_runner/test:1054:7)
    async startSubtestAfterBootstrap (node:internal/test_runner/harness:296:3)
  ...
1..1
# tests 1
# suites 0
# pass 0
# fail 1
# cancelled 0
# skipped 0
# todo 0
# duration_ms 35.366541
