TAP version 13
# Subtest: H03 acceptance 2/3: viewport changes retain focused format control, selection and original DOM without edits
ok 1 - H03 acceptance 2/3: viewport changes retain focused format control, selection and original DOM without edits
  ---
  duration_ms: 1839.554
  type: 'test'
  ...
# Subtest: H03 acceptance 1: real object selection, empty/multiple/mixed contextual shell and screenshots
ok 2 - H03 acceptance 1: real object selection, empty/multiple/mixed contextual shell and screenshots
  ---
  duration_ms: 2486.2465
  type: 'test'
  ...
# Subtest: H03 acceptance 2: computed normal text contrast >=4.5, visible keyboard focus and keyboard object/format path
ok 3 - H03 acceptance 2: computed normal text contrast >=4.5, visible keyboard focus and keyboard object/format path
  ---
  duration_ms: 647.270208
  type: 'test'
  ...
# Subtest: H03 acceptance 3: local text/range history preserves sibling identity, native Grid/Flex strategies and protected Agent hash
ok 4 - H03 acceptance 3: local text/range history preserves sibling identity, native Grid/Flex strategies and protected Agent hash
  ---
  duration_ms: 1024.728084
  type: 'test'
  ...
# Subtest: H03 acceptance 4: original-file reopen retains text, range style, layout, media, table/background/lock; errors retain work
ok 5 - H03 acceptance 4: original-file reopen retains text, range style, layout, media, table/background/lock; errors retain work
  ---
  duration_ms: 2787.878625
  type: 'test'
  ...
# Subtest: H03 native typing history, atomic multi-edit failure, table cell and page insertion history
ok 6 - H03 native typing history, atomic multi-edit failure, table cell and page insertion history
  ---
  duration_ms: 967.908125
  type: 'test'
  ...
# Subtest: H03 original-file persisted range formatting and keyboard/pointer layout; clean preview returns to edit
ok 7 - H03 original-file persisted range formatting and keyboard/pointer layout; clean preview returns to edit
  ---
  duration_ms: 2222.17225
  type: 'test'
  ...
# Subtest: H03 guarded SVG replacement, protected native input, composition events coalesce and hash race rejects
ok 8 - H03 guarded SVG replacement, protected native input, composition events coalesce and hash race rejects
  ---
  duration_ms: 461.89225
  type: 'test'
  ...
# Subtest: H04 acceptance 1/2: clean audience, idle controls, black pixels, steps, media clicks, fullscreen denial and Escape restore
ok 9 - H04 acceptance 1/2: clean audience, idle controls, black pixels, steps, media clicks, fullscreen denial and Escape restore
  ---
  duration_ms: 4295.202417
  type: 'test'
  ...
# Subtest: H04 acceptance 2: blocked presenter leaves audience usable; real popup has notes/next preview and shared navigation
ok 10 - H04 acceptance 2: blocked presenter leaves audience usable; real popup has notes/next preview and shared navigation
  ---
  duration_ms: 1161.0755
  type: 'test'
  ...
# Subtest: H04 acceptance 3: actual browser PDF has two sized pages, selectable revealed text, no editor UI and print restores content
ok 11 - H04 acceptance 3: actual browser PDF has two sized pages, selectable revealed text, no editor UI and print restores content
  ---
  duration_ms: 817.207833
  type: 'test'
  ...
# Subtest: H04 acceptance 4: generation and reading create only HTML; new export/runtime graph excludes retired formats
ok 12 - H04 acceptance 4: generation and reading create only HTML; new export/runtime graph excludes retired formats
  ---
  duration_ms: 861.650959
  type: 'test'
  ...
# Subtest: H04 actual fullscreen exit, Grid slide layout, print from presentation, mount and read return
ok 13 - H04 actual fullscreen exit, Grid slide layout, print from presentation, mount and read return
  ---
  duration_ms: 1150.042083
  type: 'test'
  ...
# Subtest: S03 F02-F05 file UI: protected local insert/history, unique identity, native context, background, download/reopen and PDF
ok 14 - S03 F02-F05 file UI: protected local insert/history, unique identity, native context, background, download/reopen and PDF
  ---
  duration_ms: 12930.778042
  type: 'test'
  ...
# Subtest: S03 contextual UI: real cell mouse/keyboard range format, collapse/zoom focus, handles and composition refresh
ok 15 - S03 contextual UI: real cell mouse/keyboard range format, collapse/zoom focus, handles and composition refresh
  ---
  duration_ms: 3776.269667
  type: 'test'
  ...
# Subtest: S01 file URL: offline visible entry, native canvas, text/format/undo, present/Esc, copied file and complete download
ok 16 - S01 file URL: offline visible entry, native canvas, text/format/undo, present/Esc, copied file and complete download
  ---
  duration_ms: 8732.129333
  type: 'test'
  ...
# Subtest: S01 CLI edit exits with file URL, rejects service flags and leaves original bytes unchanged
ok 17 - S01 CLI edit exits with file URL, rejects service flags and leaves original bytes unchanged
  ---
  duration_ms: 99.403333
  type: 'test'
  ...
# Subtest: UI01 acceptance 1: offline initial, copied and downloaded files reopen in reading in a fresh process
ok 18 - UI01 acceptance 1: offline initial, copied and downloaded files reopen in reading in a fresh process
  ---
  duration_ms: 2219.983667
  type: 'test'
  ...
# Subtest: UI01 acceptance 2: editor expands context on real selection, closes properties, keeps author DOM and input through mode switches
ok 19 - UI01 acceptance 2: editor expands context on real selection, closes properties, keeps author DOM and input through mode switches
  ---
  duration_ms: 1522.518875
  type: 'test'
  ...
# Subtest: UI01 acceptance 3: audience contains no menu or HUD before/after pointer, Tab, idle and black screen
ok 20 - UI01 acceptance 3: audience contains no menu or HUD before/after pointer, Tab, idle and black screen
  ---
  duration_ms: 2704.93175
  type: 'test'
  ...
# Subtest: UI01 acceptance 4: fullscreen reject/throw and native exit restore prior mode and current page; delayed grant cannot strand fullscreen
ok 21 - UI01 acceptance 4: fullscreen reject/throw and native exit restore prior mode and current page; delayed grant cannot strand fullscreen
  ---
  duration_ms: 2170.325292
  type: 'test'
  ...
1..21
# tests 21
# suites 0
# pass 21
# fail 0
# cancelled 0
# skipped 0
# todo 0
# duration_ms 16974.989542
