TAP version 13
# Subtest: H03 acceptance 2/3: viewport changes retain focused format control, selection and original DOM without edits
ok 1 - H03 acceptance 2/3: viewport changes retain focused format control, selection and original DOM without edits
  ---
  duration_ms: 1704.00675
  type: 'test'
  ...
# Subtest: H03 acceptance 1: real object selection, empty/multiple/mixed contextual shell and screenshots
ok 2 - H03 acceptance 1: real object selection, empty/multiple/mixed contextual shell and screenshots
  ---
  duration_ms: 2600.277625
  type: 'test'
  ...
# Subtest: H03 acceptance 2: computed normal text contrast >=4.5, visible keyboard focus and keyboard object/format path
ok 3 - H03 acceptance 2: computed normal text contrast >=4.5, visible keyboard focus and keyboard object/format path
  ---
  duration_ms: 797.380541
  type: 'test'
  ...
# Subtest: H03 acceptance 3: local text/range history preserves sibling identity, native Grid/Flex strategies and protected Agent hash
ok 4 - H03 acceptance 3: local text/range history preserves sibling identity, native Grid/Flex strategies and protected Agent hash
  ---
  duration_ms: 927.411792
  type: 'test'
  ...
# Subtest: H03 acceptance 4: original-file reopen retains text, range style, layout, media, table/background/lock; errors retain work
ok 5 - H03 acceptance 4: original-file reopen retains text, range style, layout, media, table/background/lock; errors retain work
  ---
  duration_ms: 2833.018541
  type: 'test'
  ...
# Subtest: H03 native typing history, atomic multi-edit failure, table cell and page insertion history
ok 6 - H03 native typing history, atomic multi-edit failure, table cell and page insertion history
  ---
  duration_ms: 851.923875
  type: 'test'
  ...
# Subtest: H03 original-file persisted range formatting and keyboard/pointer layout; clean preview returns to edit
not ok 7 - H03 original-file persisted range formatting and keyboard/pointer layout; clean preview returns to edit
  ---
  duration_ms: 1918.817875
  type: 'test'
  location: '/private/tmp/ppte7/dist/tests/html-editor.test.js:343:1'
  failureType: 'testCodeFailure'
  error: |-
    Expected values to be strictly equal:
    
    false !== true
    
  code: 'ERR_ASSERTION'
  name: 'AssertionError'
  expected: true
  actual: false
  operator: 'strictEqual'
  stack: |-
    TestContext.<anonymous> (file:///private/tmp/ppte7/dist/tests/html-editor.test.js:379:16)
    async Test.run (node:internal/test_runner/test:1054:7)
    async Test.processPendingSubtests (node:internal/test_runner/test:744:7)
  ...
# Subtest: H03 guarded SVG replacement, protected native input, composition events coalesce and hash race rejects
ok 8 - H03 guarded SVG replacement, protected native input, composition events coalesce and hash race rejects
  ---
  duration_ms: 472.9095
  type: 'test'
  ...
# Subtest: H04 acceptance 1/2: clean audience, idle controls, black pixels, steps, media clicks, fullscreen denial and Escape restore
ok 9 - H04 acceptance 1/2: clean audience, idle controls, black pixels, steps, media clicks, fullscreen denial and Escape restore
  ---
  duration_ms: 4273.645916
  type: 'test'
  ...
# Subtest: H04 acceptance 2: blocked presenter leaves audience usable; real popup has notes/next preview and shared navigation
ok 10 - H04 acceptance 2: blocked presenter leaves audience usable; real popup has notes/next preview and shared navigation
  ---
  duration_ms: 1142.713208
  type: 'test'
  ...
# Subtest: H04 acceptance 3: actual browser PDF has two sized pages, selectable revealed text, no editor UI and print restores content
not ok 11 - H04 acceptance 3: actual browser PDF has two sized pages, selectable revealed text, no editor UI and print restores content
  ---
  duration_ms: 1101.818166
  type: 'test'
  location: '/private/tmp/ppte7/dist/tests/html-player.test.js:102:1'
  failureType: 'testCodeFailure'
  error: |-
    The input did not match the regular expression /Second slide/. Input:
    
    ''
    
  code: 'ERR_ASSERTION'
  name: 'AssertionError'
  expected:
  actual: ''
  operator: 'match'
  stack: |-
    TestContext.<anonymous> (file:///private/tmp/ppte7/dist/tests/html-player.test.js:126:16)
    async Test.run (node:internal/test_runner/test:1054:7)
    async Test.processPendingSubtests (node:internal/test_runner/test:744:7)
  ...
# Subtest: H04 acceptance 4: generation and reading create only HTML; new export/runtime graph excludes retired formats
not ok 12 - H04 acceptance 4: generation and reading create only HTML; new export/runtime graph excludes retired formats
  ---
  duration_ms: 499.050083
  type: 'test'
  location: '/private/tmp/ppte7/dist/tests/html-player.test.js:142:1'
  failureType: 'testCodeFailure'
  error: |-
    locator.click: Error: strict mode violation: locator('summary') resolved to 2 elements:
        1) <summary>更多</summary> aka getByText('更多')
        2) <summary>快捷键与帮助</summary> aka getByText('快捷键与帮助')
    
    Call log:
    [2m  - waiting for locator('summary')[22m
    
  code: 'ERR_TEST_FAILURE'
  stack: |-
    TestContext.<anonymous> (/private/tmp/ppte7/dist/tests/html-player.test.js:149:41)
  ...
# Subtest: H04 actual fullscreen exit, Grid slide layout, print from presentation, mount and read return
not ok 13 - H04 actual fullscreen exit, Grid slide layout, print from presentation, mount and read return
  ---
  duration_ms: 30647.511583
  type: 'test'
  location: '/private/tmp/ppte7/dist/tests/html-player.test.js:161:1'
  failureType: 'testCodeFailure'
  error: 'page.waitForFunction: Timeout 30000ms exceeded.'
  code: 'ERR_TEST_FAILURE'
  name: 'TimeoutError'
  stack: |-
    TestContext.<anonymous> (/private/tmp/ppte7/dist/tests/html-player.test.js:171:17)
  ...
# Subtest: S03 F02-F05 file UI: protected local insert/history, unique identity, native context, background, download/reopen and PDF
ok 14 - S03 F02-F05 file UI: protected local insert/history, unique identity, native context, background, download/reopen and PDF
  ---
  duration_ms: 9951.388291
  type: 'test'
  ...
# Subtest: S03 contextual UI: real cell mouse/keyboard range format, collapse/zoom focus, handles and composition refresh
not ok 15 - S03 contextual UI: real cell mouse/keyboard range format, collapse/zoom focus, handles and composition refresh
  ---
  duration_ms: 31293.254375
  type: 'test'
  location: '/private/tmp/ppte7/dist/tests/single-file-editing.test.js:140:1'
  failureType: 'testCodeFailure'
  error: |-
    locator.click: Timeout 30000ms exceeded.
    Call log:
    [2m  - waiting for getByRole('button', { name: '折叠缩略图', exact: true })[22m
    
  code: 'ERR_TEST_FAILURE'
  name: 'TimeoutError'
  stack: |-
    TestContext.<anonymous> (/private/tmp/ppte7/dist/tests/single-file-editing.test.js:167:64)
  ...
# Subtest: S01 file URL: offline visible entry, native canvas, text/format/undo, present/Esc, copied file and complete download
not ok 16 - S01 file URL: offline visible entry, native canvas, text/format/undo, present/Esc, copied file and complete download
  ---
  duration_ms: 31119.123
  type: 'test'
  location: '/private/tmp/ppte7/dist/tests/single-file-entry.test.js:11:1'
  failureType: 'testCodeFailure'
  error: |-
    locator.textContent: Timeout 30000ms exceeded.
    Call log:
    [2m  - waiting for getByRole('status')[22m
    
  code: 'ERR_TEST_FAILURE'
  name: 'TimeoutError'
  stack: |-
    TestContext.<anonymous> (/private/tmp/ppte7/dist/tests/single-file-entry.test.js:34:57)
  ...
# Subtest: S01 CLI edit exits with file URL, rejects service flags and leaves original bytes unchanged
ok 17 - S01 CLI edit exits with file URL, rejects service flags and leaves original bytes unchanged
  ---
  duration_ms: 92.34275
  type: 'test'
  ...
1..17
# tests 17
# suites 0
# pass 11
# fail 6
# cancelled 0
# skipped 0
# todo 0
# duration_ms 41488.682875
