TAP version 13
# Subtest: UI01 acceptance 1: offline initial, copied and downloaded files reopen in reading in a fresh process
ok 1 - UI01 acceptance 1: offline initial, copied and downloaded files reopen in reading in a fresh process
  ---
  duration_ms: 1620.449667
  type: 'test'
  ...
# Subtest: UI01 acceptance 2: editor expands context on real selection, closes properties, keeps author DOM and input through mode switches
ok 2 - UI01 acceptance 2: editor expands context on real selection, closes properties, keeps author DOM and input through mode switches
  ---
  duration_ms: 1687.909791
  type: 'test'
  ...
# Subtest: UI01 acceptance 3: audience contains no menu or HUD before/after pointer, Tab, idle and black screen
ok 3 - UI01 acceptance 3: audience contains no menu or HUD before/after pointer, Tab, idle and black screen
  ---
  duration_ms: 2725.695916
  type: 'test'
  ...
# Subtest: UI01 acceptance 4: fullscreen reject/throw and native exit restore prior mode and current page; delayed grant cannot strand fullscreen
not ok 4 - UI01 acceptance 4: fullscreen reject/throw and native exit restore prior mode and current page; delayed grant cannot strand fullscreen
  ---
  duration_ms: 31561.509458
  type: 'test'
  location: '/private/tmp/ppte7/dist/tests/ui01-shell.test.js:128:1'
  failureType: 'testCodeFailure'
  error: 'page.waitForFunction: Timeout 30000ms exceeded.'
  code: 'ERR_TEST_FAILURE'
  name: 'TimeoutError'
  stack: |-
    TestContext.<anonymous> (/private/tmp/ppte7/dist/tests/ui01-shell.test.js:148:17)
  ...
1..4
# tests 4
# suites 0
# pass 3
# fail 1
# cancelled 0
# skipped 0
# todo 0
# duration_ms 37779.768584
