TAP version 13
# Subtest: U01 A1/A2: three newly authored native pages in one offline runtime, text/image bounds and clean presentation
ok 1 - U01 A1/A2: three newly authored native pages in one offline runtime, text/image bounds and clean presentation
  ---
  duration_ms: 2450.399667
  type: 'test'
  ...
# Subtest: U01 A1: actual text editing, undo/redo, explicit download and new browser process retain the representative source
ok 2 - U01 A1: actual text editing, undo/redo, explicit download and new browser process retain the representative source
  ---
  duration_ms: 2531.469792
  type: 'test'
  ...
# Subtest: U01 A4: actual packed, offline installed and skill-installed instructions equal source
ok 3 - U01 A4: actual packed, offline installed and skill-installed instructions equal source
  ---
  duration_ms: 395.41
  type: 'test'
  ...
1..3
# tests 3
# suites 0
# pass 3
# fail 0
# cancelled 0
# skipped 0
# todo 0
# duration_ms 5570.728292
