TAP version 13
# Subtest: U01 A1/A2: three newly authored native pages in one offline runtime, text/image bounds and clean presentation
ok 1 - U01 A1/A2: three newly authored native pages in one offline runtime, text/image bounds and clean presentation
  ---
  duration_ms: 2167.972791
  type: 'test'
  ...
# Subtest: U01 A1: actual text editing, undo/redo, explicit download and new browser process retain the representative source
ok 2 - U01 A1: actual text editing, undo/redo, explicit download and new browser process retain the representative source
  ---
  duration_ms: 2514.356333
  type: 'test'
  ...
# Subtest: U01 A4: actual packed, offline installed and skill-installed instructions equal source
ok 3 - U01 A4: actual packed, offline installed and skill-installed instructions equal source
  ---
  duration_ms: 395.476417
  type: 'test'
  ...
# Subtest: U01 A3/full-deck: explicit decision gate preserves rejected human status and blocks expansion
ok 4 - U01 A3/full-deck: explicit decision gate preserves rejected human status and blocks expansion
  ---
  duration_ms: 0.69025
  type: 'test'
  ...
1..4
# tests 4
# suites 0
# pass 4
# fail 0
# cancelled 0
# skipped 0
# todo 0
# duration_ms 5262.70425
