TAP version 13
# Subtest: F02 A13 TSV preserves spaces, blanks, CRLF, Chinese and long numbers; rejects ragged, overflow and merged boundaries atomically
ok 1 - F02 A13 TSV preserves spaces, blanks, CRLF, Chinese and long numbers; rejects ragged, overflow and merged boundaries atomically
  ---
  duration_ms: 28.157333
  type: 'test'
  ...
# Subtest: F02 A13 rectangle selection and keyboard navigation skip covered cells and clamp edges
ok 2 - F02 A13 rectangle selection and keyboard navigation skip covered cells and clamp edges
  ---
  duration_ms: 0.267792
  type: 'test'
  ...
# Subtest: F02 A13 structure retains untouched cell identities and fact/source references; referenced deletion rejected; empty table can grow
ok 3 - F02 A13 structure retains untouched cell identities and fact/source references; referenced deletion rejected; empty table can grow
  ---
  duration_ms: 20.0605
  type: 'test'
  ...
# Subtest: F02 A13 Portable profile permissions, locks, presentation guard, style rendering and checkpoint undo
ok 4 - F02 A13 Portable profile permissions, locks, presentation guard, style rendering and checkpoint undo
  ---
  duration_ms: 17.750625
  type: 'test'
  ...
# Subtest: F02 A21 table rerenders retain keyboard focus, draft selection and navigation without stealing outside focus
ok 5 - F02 A21 table rerenders retain keyboard focus, draft selection and navigation without stealing outside focus
  ---
  duration_ms: 150.598458
  type: 'test'
  ...
# Subtest: F02 A13/A21 real Host and file Portable table selection, paste, styles, structure, save/reopen/undo journey
ok 6 - F02 A13/A21 real Host and file Portable table selection, paste, styles, structure, save/reopen/undo journey
  ---
  duration_ms: 3444.685625
  type: 'test'
  ...
1..6
# tests 6
# suites 0
# pass 6
# fail 0
# cancelled 0
# skipped 0
# todo 0
# duration_ms 3870.231542
