$ pnpm build && node --test dist/tests/*.test.js
$ node scripts/build-html.mjs --clean && tsc -p tsconfig.build.json
TAP version 13
# Subtest: F04A acceptance 1–3: replay real PDFs, full text, fonts, colors and frozen input integrity
    # Subtest: PDFKit reopens and re-extracts every candidate page; negative controls really discriminate
    ok 1 - PDFKit reopens and re-extracts every candidate page; negative controls really discriminate
      ---
      duration_ms: 33946.539375
      type: 'test'
      ...
    1..1
ok 1 - F04A acceptance 1–3: replay real PDFs, full text, fonts, colors and frozen input integrity
  ---
  duration_ms: 34008.732
  type: 'test'
  ...
# Subtest: F04A acceptance 3: installed Chrome really exports frozen file:// fixture offline; not a product PDF action
ok 2 - F04A acceptance 3: installed Chrome really exports frozen file:// fixture offline; not a product PDF action
  ---
  duration_ms: 850.000667
  type: 'test'
  ...
# Subtest: F04A acceptance 2: every human selection and physical-browser requirement remains explicitly pending
ok 3 - F04A acceptance 2: every human selection and physical-browser requirement remains explicitly pending
  ---
  duration_ms: 13.869
  type: 'test'
  ...
# Subtest: F04A acceptance 4: only external qualification requires HOLD; neither qualified cannot enable F04
ok 4 - F04A acceptance 4: only external qualification requires HOLD; neither qualified cannot enable F04
  ---
  duration_ms: 1.212625
  type: 'test'
  ...
# Subtest: F01 A1/A2: one direct image chooser, no retired shortcuts/menus, disabled truthful top-level PDF and responsive shell
not ok 5 - F01 A1/A2: one direct image chooser, no retired shortcuts/menus, disabled truthful top-level PDF and responsive shell
  ---
  duration_ms: 11966.129709
  type: 'test'
  location: '/private/tmp/ppte8/dist/tests/focused-product-f01.test.js:53:1'
  failureType: 'testCodeFailure'
  error: |-
    page.waitForEvent: Timeout 10000ms exceeded while waiting for event "filechooser"
    =========================== logs ===========================
    waiting for event "filechooser"
    ============================================================
  code: 'ERR_TEST_FAILURE'
  name: 'TimeoutError'
  stack: |-
    TestContext.<anonymous> (/private/tmp/ppte8/dist/tests/focused-product-f01.test.js:87:29)
  ...
# Subtest: F01 A3: no history and all author content survive edit/download/full browser restart
ok 6 - F01 A3: no history and all author content survive edit/download/full browser restart
  ---
  duration_ms: 3604.325917
  type: 'test'
  ...
# Subtest: F01 A3: valid history and all author content survive edit/download/full browser restart
ok 7 - F01 A3: valid history and all author content survive edit/download/full browser restart
  ---
  duration_ms: 3453.934417
  type: 'test'
  ...
# Subtest: F01 A3: broken history and all author content survive edit/download/full browser restart
ok 8 - F01 A3: broken history and all author content survive edit/download/full browser restart
  ---
  duration_ms: 3179.074166
  type: 'test'
  ...
# Subtest: F01 A3: unknown history and all author content survive edit/download/full browser restart
ok 9 - F01 A3: unknown history and all author content survive edit/download/full browser restart
  ---
  duration_ms: 2874.580875
  type: 'test'
  ...
# Subtest: F01 A3: simulated native adapter writes real disk and preserves old media history without new snapshots
ok 10 - F01 A3: simulated native adapter writes real disk and preserves old media history without new snapshots
  ---
  duration_ms: 3319.391125
  type: 'test'
  ...
# Subtest: F01 A1–A3: audited Cherry ten-page document upgrades without content loss and keeps focused controls
ok 11 - F01 A1–A3: audited Cherry ten-page document upgrades without content loss and keeps focused controls
  ---
  duration_ms: 7016.452917
  type: 'test'
  ...
# (node:39269) ExperimentalWarning: The MockTimers API is an experimental feature and might change at any time
# (Use `node --trace-warnings ...` to show where the warning was created)
# Subtest: F02 errors survive editing and draft quota failure; pending automatic timer cannot retry without consent
ok 12 - F02 errors survive editing and draft quota failure; pending automatic timer cannot retry without consent
  ---
  duration_ms: 0.830792
  type: 'test'
  ...
# Subtest: F02 recovery serializes and stores once per revision/base; next acknowledged baseline checkpoints latest revision
ok 13 - F02 recovery serializes and stores once per revision/base; next acknowledged baseline checkpoints latest revision
  ---
  duration_ms: 0.144375
  type: 'test'
  ...
# Subtest: F02 cancel, denial, picker/read errors and unsupported save never download; explicit download retains content
ok 14 - F02 cancel, denial, picker/read errors and unsupported save never download; explicit download retains content
  ---
  duration_ms: 8540.682916
  type: 'test'
  ...
# Subtest: F02 B1 actual Enter/Shift+Enter, inline formatting, multiline clipboard event, undo/redo, download and fresh process editing
ok 15 - F02 B1 actual Enter/Shift+Enter, inline formatting, multiline clipboard event, undo/redo, download and fresh process editing
  ---
  duration_ms: 6464.279708
  type: 'test'
  ...
# Subtest: H01 acceptance 1: native Grid/Flex/SVG/font hierarchy and nested resources retain computed layout and exact pixels
ok 16 - H01 acceptance 1: native Grid/Flex/SVG/font hierarchy and nested resources retain computed layout and exact pixels
  ---
  duration_ms: 1624.362416
  type: 'test'
  ...
# Subtest: H01 acceptance 1: deterministic IDs reserve author identities, repair duplicates and preserve nested template escaping
ok 17 - H01 acceptance 1: deterministic IDs reserve author identities, repair duplicates and preserve nested template escaping
  ---
  duration_ms: 63.344042
  type: 'test'
  ...
# Subtest: H01 acceptance 2: 100 actual browser serialize/write/close/reopen cycles retain one payload and no editing residue
ok 18 - H01 acceptance 2: 100 actual browser serialize/write/close/reopen cycles retain one payload and no editing residue
  ---
  duration_ms: 21076.537417
  type: 'test'
  ...
# Subtest: H01 acceptance 2: sanitizer reports executable content; runtime sandbox/CSP block independent script/event/network/navigation attempts
ok 19 - H01 acceptance 2: sanitizer reports executable content; runtime sandbox/CSP block independent script/event/network/navigation attempts
  ---
  duration_ms: 376.090333
  type: 'test'
  ...
# Subtest: H01 acceptance 2: safe serialization fails closed for executable CSS, SVG data, remote resource and malformed metadata
ok 20 - H01 acceptance 2: safe serialization fails closed for executable CSS, SVG data, remote resource and malformed metadata
  ---
  duration_ms: 40.8415
  type: 'test'
  ...
# Subtest: H01 acceptance 3: offline CLI with no PATH/keys/browser writes exactly one HTML and <=1KB summary
ok 21 - H01 acceptance 3: offline CLI with no PATH/keys/browser writes exactly one HTML and <=1KB summary
  ---
  duration_ms: 241.024334
  type: 'test'
  ...
# Subtest: H01 acceptance 3: rejection creates no output; local resource root, symlinks, missing resources and import cycles fail explicitly
ok 22 - H01 acceptance 3: rejection creates no output; local resource root, symlinks, missing resources and import cycles fail explicitly
  ---
  duration_ms: 120.255125
  type: 'test'
  ...
# Subtest: H01 acceptance 4: actual bundled CLI/runtime import graphs exclude old representations; all three H00 drafts enhance directly
ok 23 - H01 acceptance 4: actual bundled CLI/runtime import graphs exclude old representations; all three H00 drafts enhance directly
  ---
  duration_ms: 154.052958
  type: 'test'
  ...
# Subtest: H01 acceptance 1/3: embedded SVG references preserve fragment identity and diagnostics obey byte limits
ok 24 - H01 acceptance 1/3: embedded SVG references preserve fragment identity and diagnostics obey byte limits
  ---
  duration_ms: 74.043459
  type: 'test'
  ...
# Subtest: H03 acceptance 2/3: viewport changes retain focused format control, selection and original DOM without edits
ok 25 - H03 acceptance 2/3: viewport changes retain focused format control, selection and original DOM without edits
  ---
  duration_ms: 2228.339083
  type: 'test'
  ...
# Subtest: H03 acceptance 1: real object selection, empty/multiple/mixed contextual shell and screenshots
ok 26 - H03 acceptance 1: real object selection, empty/multiple/mixed contextual shell and screenshots
  ---
  duration_ms: 2687.608916
  type: 'test'
  ...
# Subtest: H03 acceptance 2: computed normal text contrast >=4.5, visible keyboard focus and keyboard object/format path
ok 27 - H03 acceptance 2: computed normal text contrast >=4.5, visible keyboard focus and keyboard object/format path
  ---
  duration_ms: 1230.217042
  type: 'test'
  ...
# Subtest: H03 acceptance 3: local text/range history preserves sibling identity, native Grid/Flex strategies and protected Agent hash
ok 28 - H03 acceptance 3: local text/range history preserves sibling identity, native Grid/Flex strategies and protected Agent hash
  ---
  duration_ms: 1715.491625
  type: 'test'
  ...
# Subtest: H03 acceptance 4: original-file reopen retains text, range style, layout, media, table/background/lock; errors retain work
ok 29 - H03 acceptance 4: original-file reopen retains text, range style, layout, media, table/background/lock; errors retain work
  ---
  duration_ms: 3983.949084
  type: 'test'
  ...
# Subtest: H03 native typing history, atomic multi-edit failure, table cell and page insertion history
ok 30 - H03 native typing history, atomic multi-edit failure, table cell and page insertion history
  ---
  duration_ms: 1804.072333
  type: 'test'
  ...
# Subtest: H03 original-file persisted range formatting and keyboard/pointer layout; clean preview returns to edit
ok 31 - H03 original-file persisted range formatting and keyboard/pointer layout; clean preview returns to edit
  ---
  duration_ms: 3512.149875
  type: 'test'
  ...
# Subtest: H03 guarded SVG replacement, protected native input, composition events coalesce and hash race rejects
ok 32 - H03 guarded SVG replacement, protected native input, composition events coalesce and hash race rejects
  ---
  duration_ms: 1559.170709
  type: 'test'
  ...
# Subtest: H00 acceptance 1: frozen positive HTML contract excludes retired formats and IR pipeline
ok 33 - H00 acceptance 1: frozen positive HTML contract excludes retired formats and IR pipeline
  ---
  duration_ms: 5.831792
  type: 'test'
  ...
# Subtest: H00 acceptance 2: real fixed materials, all nine pairs and cold/hot missing data stay pending
ok 34 - H00 acceptance 2: real fixed materials, all nine pairs and cold/hot missing data stay pending
  ---
  duration_ms: 83.447958
  type: 'test'
  ...
# Subtest: H00 acceptance 2: missing timings/tokens, changed model/materials, omitted runs and fake success fail
ok 35 - H00 acceptance 2: missing timings/tokens, changed model/materials, omitted runs and fake success fail
  ---
  duration_ms: 15.936584
  type: 'test'
  ...
# Subtest: H00 acceptance 2: observed failures are retained, never repaired away or silently excluded
ok 36 - H00 acceptance 2: observed failures are retained, never repaired away or silently excluded
  ---
  duration_ms: 7.226833
  type: 'test'
  ...
# Subtest: H00 acceptance 2: artifact bytes must exist inside evidence root including symlink resolution
ok 37 - H00 acceptance 2: artifact bytes must exist inside evidence root including symlink resolution
  ---
  duration_ms: 34.391667
  type: 'test'
  ...
# Subtest: H00 acceptance 2: capture records actual subprocess time/bytes/failure and refuses overwrite
ok 38 - H00 acceptance 2: capture records actual subprocess time/bytes/failure and refuses overwrite
  ---
  duration_ms: 69.987834
  type: 'test'
  ...
# Subtest: H00 retained exploratory HTML has twelve pages, no runtime/network and real data table; not timing evidence
ok 39 - H00 retained exploratory HTML has twelve pages, no runtime/network and real data table; not timing evidence
  ---
  duration_ms: 1.669375
  type: 'test'
  ...
# Subtest: H00 dependency inventory preserves evidence of live retired dependencies without declaring retirement
ok 40 - H00 dependency inventory preserves evidence of live retired dependencies without declaring retirement
  ---
  duration_ms: 1.229167
  type: 'test'
  ...
# Subtest: H05 acceptance 1: static CLI/runtime graph and actual installed npm tarball contain only HTML dependencies
ok 41 - H05 acceptance 1: static CLI/runtime graph and actual installed npm tarball contain only HTML dependencies
  ---
  duration_ms: 1.601208
  type: 'test'
  ...
# Subtest: H05 acceptance 2: offline installed CLI generates HTML with network and external processes forbidden
ok 42 - H05 acceptance 2: offline installed CLI generates HTML with network and external processes forbidden
  ---
  duration_ms: 128.309541
  type: 'test'
  ...
# Subtest: H05 acceptance 3: candidate runtime <=250 KB gzip and three twelve-page light HTMLs <=1 MB measured
ok 43 - H05 acceptance 3: candidate runtime <=250 KB gzip and three twelve-page light HTMLs <=1 MB measured
  ---
  duration_ms: 201.064916
  type: 'test'
  ...
# Subtest: H05 acceptance 4: isolated install, reusable skill and overwrite refusal preserve existing user files
ok 44 - H05 acceptance 4: isolated install, reusable skill and overwrite refusal preserve existing user files
  ---
  duration_ms: 575.148125
  type: 'test'
  ...
# Subtest: H05 acceptance 2: packaged HTML prints through separately available Chrome PDF toolchain
ok 45 - H05 acceptance 2: packaged HTML prints through separately available Chrome PDF toolchain # SKIP F01 scope retirement: docs/focused-product/evidence/F01/TEST-MIGRATION.json; not a pass
  ---
  duration_ms: 0.070917
  type: 'test'
  ...
# Subtest: H05 retirement: all historical test files remain byte-identical to the pre-H05 manifest
ok 46 - H05 retirement: all historical test files remain byte-identical to the pre-H05 manifest
  ---
  duration_ms: 11.906834
  type: 'test'
  ...
# Subtest: H04 acceptance 1/2: clean audience, idle controls, black pixels, steps, media clicks, fullscreen denial and Escape restore
ok 47 - H04 acceptance 1/2: clean audience, idle controls, black pixels, steps, media clicks, fullscreen denial and Escape restore
  ---
  duration_ms: 4728.023542
  type: 'test'
  ...
# Subtest: H04 acceptance 2: blocked presenter leaves audience usable; real popup has notes/next preview and shared navigation
ok 48 - H04 acceptance 2: blocked presenter leaves audience usable; real popup has notes/next preview and shared navigation
  ---
  duration_ms: 1353.125875
  type: 'test'
  ...
# Subtest: H04 acceptance 3: actual browser PDF has two sized pages, selectable revealed text, no editor UI and print restores content
ok 49 - H04 acceptance 3: actual browser PDF has two sized pages, selectable revealed text, no editor UI and print restores content # SKIP F01 scope retirement: docs/focused-product/evidence/F01/TEST-MIGRATION.json; not a pass
  ---
  duration_ms: 0.191875
  type: 'test'
  ...
# Subtest: H04 acceptance 4: generation and reading create only HTML; new export/runtime graph excludes retired formats
    # Subtest: Retired product system-print action
    ok 1 - Retired product system-print action # SKIP F01 forbids system-print export; assertions preserved
      ---
      duration_ms: 0.105833
      type: 'test'
      ...
    1..1
ok 50 - H04 acceptance 4: generation and reading create only HTML; new export/runtime graph excludes retired formats
  ---
  duration_ms: 933.964167
  type: 'test'
  ...
# Subtest: H04 actual fullscreen exit, Grid slide layout, print from presentation, mount and read return
    # Subtest: Retired system-print product path — F04A/F04 pending
    ok 1 - Retired system-print product path — F04A/F04 pending # SKIP F01: user forbids system printing; original assertions preserved
      ---
      duration_ms: 0.197625
      type: 'test'
      ...
    1..1
ok 51 - H04 actual fullscreen exit, Grid slide layout, print from presentation, mount and read return
  ---
  duration_ms: 1742.893917
  type: 'test'
  ...
# Subtest: H02 acceptance 1: original path autosave, close/reopen and service restart preserve text with no download
ok 52 - H02 acceptance 1: original path autosave, close/reopen and service restart preserve text with no download
  ---
  duration_ms: 3500.830625
  type: 'test'
  ...
# Subtest: H02 acceptance 2: OS read-only, ENOSPC fault, interrupted replace retain original and recoverable version
ok 53 - H02 acceptance 2: OS read-only, ENOSPC fault, interrupted replace retain original and recoverable version
  ---
  duration_ms: 295.425083
  type: 'test'
  ...
# Subtest: H02 acceptance 2: two services/windows serialize one winner and detect external Agent edits at replace
ok 54 - H02 acceptance 2: two services/windows serialize one winner and detect external Agent edits at replace
  ---
  duration_ms: 216.995292
  type: 'test'
  ...
# Subtest: H02 acceptance 2: kill process before rename, restart recovers stale lock and preserves original
ok 55 - H02 acceptance 2: kill process before rename, restart recovers stale lock and preserves original
  ---
  duration_ms: 327.103667
  type: 'test'
  ...
# Subtest: H02 acceptance 2/3: browser two-window conflict keeps draft; explicit reread and retry after network failure
ok 56 - H02 acceptance 2/3: browser two-window conflict keeps draft; explicit reread and retry after network failure
  ---
  duration_ms: 4204.063792
  type: 'test'
  ...
# Subtest: H02 acceptance 3: IME does not save half composition; 1000ms pause and delayed acknowledgement remain dirty/saving
ok 57 - H02 acceptance 3: IME does not save half composition; 1000ms pause and delayed acknowledgement remain dirty/saving
  ---
  duration_ms: 2569.114875
  type: 'test'
  ...
# Subtest: H02 acceptance 2/3: two real windows retain the failed draft after the other file save is acknowledged
ok 58 - H02 acceptance 2/3: two real windows retain the failed draft after the other file save is acknowledged
  ---
  duration_ms: 3129.111166
  type: 'test'
  ...
# Subtest: H02 acceptance 2/3: a delayed acknowledgement never deletes another window recovery draft
ok 59 - H02 acceptance 2/3: a delayed acknowledgement never deletes another window recovery draft
  ---
  duration_ms: 1.367542
  type: 'test'
  ...
# Subtest: H02 acceptance 3: edits during in-flight save remain queued; draft base matching, quotas and copied identity
ok 60 - H02 acceptance 3: edits during in-flight save remain queued; draft base matching, quotas and copied identity
  ---
  duration_ms: 2.553375
  type: 'test'
  ...
# Subtest: H02 acceptance 2/3: File System Access permission revoked, conflict, failed close and confirmation (API contract test)
ok 61 - H02 acceptance 2/3: File System Access permission revoked, conflict, failed close and confirmation (API contract test)
  ---
  duration_ms: 4.141875
  type: 'test'
  ...
# Subtest: H02 acceptance 4: loopback bind, hostile Origin/Host, no token, traversal, arbitrary fields and unsafe content rejected
ok 62 - H02 acceptance 4: loopback bind, hostile Origin/Host, no token, traversal, arbitrary fields and unsafe content rejected
  ---
  duration_ms: 329.455375
  type: 'test'
  ...
# Subtest: H02 acceptance 5: real installed Chrome file URL shows limitation, keeps draft and never claims file save
ok 63 - H02 acceptance 5: real installed Chrome file URL shows limitation, keeps draft and never claims file save
  ---
  duration_ms: 2548.303292
  type: 'test'
  ...
# Subtest: H02 acceptance 5: Safari actual WebDriver journey or explicit blocked evidence (not simulated Safari)
ok 64 - H02 acceptance 5: Safari actual WebDriver journey or explicit blocked evidence (not simulated Safari)
  ---
  duration_ms: 281.07275
  type: 'test'
  ...
# Subtest: H02 acceptance 1/4: explicit development ppte serve retains packaged npm install, stable restart URL and multiple file mappings
ok 65 - H02 acceptance 1/4: explicit development ppte serve retains packaged npm install, stable restart URL and multiple file mappings
  ---
  duration_ms: 3554.272167
  type: 'test'
  ...
# Subtest: H02 acceptance 2: history bounded by count and rejected restoration paths never write
ok 66 - H02 acceptance 2: history bounded by count and rejected restoration paths never write
  ---
  duration_ms: 1555.454834
  type: 'test'
  ...
# Subtest: H02 acceptance 2: actual bounded full disk returns ENOSPC without replacing original (macOS HFS+)
ok 67 - H02 acceptance 2: actual bounded full disk returns ENOSPC without replacing original (macOS HFS+)
  ---
  duration_ms: 2129.305666
  type: 'test'
  ...
# Subtest: H02 acceptance 2/3: failed-save draft survives page close, restores on matching file base and flushes to original
ok 68 - H02 acceptance 2/3: failed-save draft survives page close, restores on matching file base and flushes to original
  ---
  duration_ms: 2683.604167
  type: 'test'
  ...
# Subtest: CLOSING: delivered CLI file supports offline editing, history, download and fresh-process reopening; same-content responsive comparisons
ok 69 - CLOSING: delivered CLI file supports offline editing, history, download and fresh-process reopening; same-content responsive comparisons
  ---
  duration_ms: 7487.587958
  type: 'test'
  ...
# Subtest: GAPS N04: fixed sRGB rasterization preserves original >4000 gates and rejects missing red, blue, and image
ok 70 - GAPS N04: fixed sRGB rasterization preserves original >4000 gates and rejects missing red, blue, and image
  ---
  duration_ms: 4169.192833
  type: 'test'
  ...
# Subtest: GAPS A4: real navigation, image edit undo, versions, download/reopen, presentation and PDF demand/release
    # Subtest: Retired history preview UI
    ok 1 - Retired history preview UI # SKIP F01 confirmed history UI removal
      ---
      duration_ms: 0.301708
      type: 'test'
      ...
    # Subtest: Retired system-print action
    ok 2 - Retired system-print action # SKIP F01 PDF pending F04A/F04
      ---
      duration_ms: 0.22525
      type: 'test'
      ...
    1..2
ok 71 - GAPS A4: real navigation, image edit undo, versions, download/reopen, presentation and PDF demand/release
  ---
  duration_ms: 3681.906792
  type: 'test'
  ...
# Subtest: GAPS S04: real mouse/keyboard measurements report the unchanged 50/100ms gates, including unmet targets
ok 72 - GAPS S04: real mouse/keyboard measurements report the unchanged 50/100ms gates, including unmet targets
  ---
  duration_ms: 19316.046541
  type: 'test'
  ...
# Subtest: R1 audit native div: actual click, keyboard input, styles, undo/redo and offline download/new-process reopen
ok 73 - R1 audit native div: actual click, keyboard input, styles, undo/redo and offline download/new-process reopen
  ---
  duration_ms: 4730.102042
  type: 'test'
  ...
# Subtest: R1 native span and nested inline runs use one safe host; range style, input, undo and saved markup survive
ok 74 - R1 native span and nested inline runs use one safe host; range style, input, undo and saved markup survive
  ---
  duration_ms: 3301.149959
  type: 'test'
  ...
# Subtest: R1 mixed media/block/positioned/declared containers stay noneditable and explain unsupported text structure
ok 75 - R1 mixed media/block/positioned/declared containers stay noneditable and explain unsupported text structure
  ---
  duration_ms: 2152.343375
  type: 'test'
  ...
# Subtest: R2 audit text: image UI or explicit legacy command fixture, mouse selection, actual Alt+Right, resize, undo/redo and offline download/new-process reopen
ok 76 - R2 audit text: image UI or explicit legacy command fixture, mouse selection, actual Alt+Right, resize, undo/redo and offline download/new-process reopen
  ---
  duration_ms: 4661.926292
  type: 'test'
  ...
# Subtest: R2 audit image: image UI or explicit legacy command fixture, mouse selection, actual Alt+Right, resize, undo/redo and offline download/new-process reopen
ok 77 - R2 audit image: image UI or explicit legacy command fixture, mouse selection, actual Alt+Right, resize, undo/redo and offline download/new-process reopen
  ---
  duration_ms: 5443.950042
  type: 'test'
  ...
# Subtest: R2 audit shape: image UI or explicit legacy command fixture, mouse selection, actual Alt+Right, resize, undo/redo and offline download/new-process reopen
ok 78 - R2 audit shape: image UI or explicit legacy command fixture, mouse selection, actual Alt+Right, resize, undo/redo and offline download/new-process reopen
  ---
  duration_ms: 3958.525
  type: 'test'
  ...
# Subtest: R2 audit table: image UI or explicit legacy command fixture, mouse selection, actual Alt+Right, resize, undo/redo and offline download/new-process reopen
ok 79 - R2 audit table: image UI or explicit legacy command fixture, mouse selection, actual Alt+Right, resize, undo/redo and offline download/new-process reopen
  ---
  duration_ms: 4410.498625
  type: 'test'
  ...
# Subtest: R2 block: image UI and legacy command fixtures use real order, spacing/alignment and retain native layout after download
ok 80 - R2 block: image UI and legacy command fixtures use real order, spacing/alignment and retain native layout after download
  ---
  duration_ms: 10030.799458
  type: 'test'
  ...
# Subtest: R2 flex: image UI and legacy command fixtures use real order, spacing/alignment and retain native layout after download
ok 81 - R2 flex: image UI and legacy command fixtures use real order, spacing/alignment and retain native layout after download
  ---
  duration_ms: 7417.582292
  type: 'test'
  ...
# Subtest: R2 grid: image UI and legacy command fixtures use real order, spacing/alignment and retain native layout after download
ok 82 - R2 grid: image UI and legacy command fixtures use real order, spacing/alignment and retain native layout after download
  ---
  duration_ms: 7629.91175
  type: 'test'
  ...
# Subtest: R2 no available space: image UI / legacy command fixture insertion rolls back DOM and undo history with an accurate visible error
ok 83 - R2 no available space: image UI / legacy command fixture insertion rolls back DOM and undo history with an accurate visible error
  ---
  duration_ms: 905.597792
  type: 'test'
  ...
# Subtest: R2 native media wrapper and mixed text: insert beside the canvas object, and protect non-heading direct text
ok 84 - R2 native media wrapper and mixed text: insert beside the canvas object, and protect non-heading direct text
  ---
  duration_ms: 2039.537625
  type: 'test'
  ...
# Subtest: R3 current page fits with padding through inspector, rail, viewport changes, mouse/keyboard navigation and modes
ok 85 - R3 current page fits with padding through inspector, rail, viewport changes, mouse/keyboard navigation and modes
  ---
  duration_ms: 2589.756125
  type: 'test'
  ...
# Subtest: R3 manual zoom scrolls only the current work area, reset fits; real drag/resize keep author units
ok 86 - R3 manual zoom scrolls only the current work area, reset fits; real drag/resize keep author units
  ---
  duration_ms: 3461.850166
  type: 'test'
  ...
# Subtest: R3 responsive author CSS reflows on window resize; transient fits do not change saved layouts; download/new-process reopen
ok 87 - R3 responsive author CSS reflows on window resize; transient fits do not change saved layouts; download/new-process reopen
  ---
  duration_ms: 3603.188708
  type: 'test'
  ...
# Subtest: R3 twelve-page audit source: current-page navigation and added page stay isolated and fitted
ok 88 - R3 twelve-page audit source: current-page navigation and added page stay isolated and fitted
  ---
  duration_ms: 1699.7045
  type: 'test'
  ...
# Subtest: R4 hierarchy: actual text controls, stable status, contextual page ordering, offline download and prototype comparisons
ok 89 - R4 hierarchy: actual text controls, stable status, contextual page ordering, offline download and prototype comparisons
  ---
  duration_ms: 7197.335458
  type: 'test'
  ...
# Subtest: R5: mobile inspector reserves visible current page, closes by mouse/Escape, navigation is exclusive, primary controls remain reachable
ok 90 - R5: mobile inspector reserves visible current page, closes by mouse/Escape, navigation is exclusive, primary controls remain reachable
  ---
  duration_ms: 6968.30325
  type: 'test'
  ...
# Subtest: R6: audit source mouse/keyboard naming, validation, cancellation, scoped confirmations, quota review, offline history round trip
ok 91 - R6: audit source mouse/keyboard naming, validation, cancellation, scoped confirmations, quota review, offline history round trip # SKIP F01 scope retirement: docs/focused-product/evidence/F01/TEST-MIGRATION.json; not a pass
  ---
  duration_ms: 0.310834
  type: 'test'
  ...
# Subtest: S00 frozen current contract rejects weakened requirements and cross-version relabelling
ok 92 - S00 frozen current contract rejects weakened requirements and cross-version relabelling
  ---
  duration_ms: 0.81875
  type: 'test'
  ...
# Subtest: S00 version changes cannot promote the historical baseline or bypass missing telemetry
ok 93 - S00 version changes cannot promote the historical baseline or bypass missing telemetry
  ---
  duration_ms: 22.917625
  type: 'test'
  ...
# Subtest: S00 active instructions and actual CLI help agree on delivery and disclose migration
ok 94 - S00 active instructions and actual CLI help agree on delivery and disclose migration
  ---
  duration_ms: 165.037458
  type: 'test'
  ...
# Subtest: S00 no new runtime or dependency requirement and historical bytes stay unchanged
ok 95 - S00 no new runtime or dependency requirement and historical bytes stay unchanged
  ---
  duration_ms: 134.289042
  type: 'test'
  ...
# Subtest: S00 real enhancement supports both extensions and refuses to rewrite existing user files
ok 96 - S00 real enhancement supports both extensions and refuses to rewrite existing user files
  ---
  duration_ms: 357.909458
  type: 'test'
  ...
# Subtest: S03 F02-F05 file UI: protected local insert/history, unique identity, native context, background, download/reopen and PDF
    # Subtest: Retired system-print product path
    ok 1 - Retired system-print product path # SKIP F01 PDF remains pending F04A/F04
      ---
      duration_ms: 0.35325
      type: 'test'
      ...
    1..1
ok 97 - S03 F02-F05 file UI: protected local insert/history, unique identity, native context, background, download/reopen and PDF
  ---
  duration_ms: 12724.574417
  type: 'test'
  ...
# Subtest: S03 contextual UI: real cell mouse/keyboard range format, collapse/zoom focus, handles and composition refresh
ok 98 - S03 contextual UI: real cell mouse/keyboard range format, collapse/zoom focus, handles and composition refresh
  ---
  duration_ms: 4178.390708
  type: 'test'
  ...
# Subtest: S01 file URL: offline visible entry, native canvas, text/format/undo, present/Esc, copied file and complete download
ok 99 - S01 file URL: offline visible entry, native canvas, text/format/undo, present/Esc, copied file and complete download
  ---
  duration_ms: 10074.398083
  type: 'test'
  ...
# Subtest: S01 CLI edit exits with file URL, rejects service flags and leaves original bytes unchanged
ok 100 - S01 CLI edit exits with file URL, rejects service flags and leaves original bytes unchanged
  ---
  duration_ms: 137.022292
  type: 'test'
  ...
# Subtest: S07 continuous file journey: offline download, browser shutdown, fresh reopen, presentation and optional PDF
    # Subtest: Retired system-print product path — F04A/F04 pending
    ok 1 - Retired system-print product path — F04A/F04 pending # SKIP F01: user forbids system printing; original assertions preserved
      ---
      duration_ms: 0.378459
      type: 'test'
      ...
    1..1
ok 101 - S07 continuous file journey: offline download, browser shutdown, fresh reopen, presentation and optional PDF
  ---
  duration_ms: 2897.624875
  type: 'test'
  ...
# Subtest: S06 table: SHA-256 vectors, legacy identity, dedup, stable references, missing/corrupt resources, no CSP expansion
ok 102 - S06 table: SHA-256 vectors, legacy identity, dedup, stable references, missing/corrupt resources, no CSP expansion
  ---
  duration_ms: 142.603375
  type: 'test'
  ...
# Subtest: S06 file journey: mixed ratios, insert/replace/focus/reset, guarded history, download/reopen, print and speaker
    # Subtest: Retired system-print product path — F04A/F04 pending
    ok 1 - Retired system-print product path — F04A/F04 pending # SKIP F01: user forbids system printing; original assertions preserved
      ---
      duration_ms: 0.334084
      type: 'test'
      ...
    1..1
ok 103 - S06 file journey: mixed ratios, insert/replace/focus/reset, guarded history, download/reopen, print and speaker
  ---
  duration_ms: 5220.418125
  type: 'test'
  ...
# Subtest: S04 evidence refuses changed environment, content, undersampling and nonfinite timings
ok 104 - S04 evidence refuses changed environment, content, undersampling and nonfinite timings
  ---
  duration_ms: 0.520167
  type: 'test'
  ...
# Subtest: S04 cache: bytes, MIME, requirement/transform context, root authorization and budget cannot be stale
ok 105 - S04 cache: bytes, MIME, requirement/transform context, root authorization and budget cannot be stale
  ---
  duration_ms: 169.829084
  type: 'test'
  ...
# Subtest: S04 draft: bounded checkpoints, revision reuse, latest recovery and permission checks on each flush
ok 106 - S04 draft: bounded checkpoints, revision reuse, latest recovery and permission checks on each flush
  ---
  duration_ms: 253.731291
  type: 'test'
  ...
# Subtest: S04 file browser: one input revision, local thumbnail, stable tools and synchronous index invalidation
ok 107 - S04 file browser: one input revision, local thumbnail, stable tools and synchronous index invalidation
  ---
  duration_ms: 1164.604667
  type: 'test'
  ...
# Subtest: S02 file entry: no API and denied permission require explicit download, reopen content/style/lock/media offline
    # Subtest: Retired new-file-instance menu
    ok 1 - Retired new-file-instance menu # SKIP F01 confirmed removal; identity compatibility covered by focused-product-f01
      ---
      duration_ms: 0.636167
      type: 'test'
      ...
    1..1
ok 108 - S02 file entry: no API and denied permission require explicit download, reopen content/style/lock/media offline
  ---
  duration_ms: 5445.068667
  type: 'test'
  ...
# Subtest: S02 conflict remains latched through input; exported and confirmed revisions are independent
ok 109 - S02 conflict remains latched through input; exported and confirmed revisions are independent
  ---
  duration_ms: 0.329709
  type: 'test'
  ...
# Subtest: S02 file handle contract bridge: real file bytes, permission lifecycle, autosave, conflicts and delayed receipts
ok 110 - S02 file handle contract bridge: real file bytes, permission lifecycle, autosave, conflicts and delayed receipts
  ---
  duration_ms: 8091.017833
  type: 'test'
  ...
# Subtest: UI01 acceptance 1: offline initial, copied and downloaded files reopen in reading in a fresh process
ok 111 - UI01 acceptance 1: offline initial, copied and downloaded files reopen in reading in a fresh process
  ---
  duration_ms: 2373.959708
  type: 'test'
  ...
# Subtest: UI01 acceptance 2: editor expands context on real selection, closes properties, keeps author DOM and input through mode switches
ok 112 - UI01 acceptance 2: editor expands context on real selection, closes properties, keeps author DOM and input through mode switches
  ---
  duration_ms: 1899.506959
  type: 'test'
  ...
# Subtest: UI01 acceptance 3: audience contains no menu or HUD before/after pointer, Tab, idle and black screen
ok 113 - UI01 acceptance 3: audience contains no menu or HUD before/after pointer, Tab, idle and black screen
  ---
  duration_ms: 3633.39475
  type: 'test'
  ...
# Subtest: UI01 acceptance 4: fullscreen reject/throw and native exit restore prior mode and current page; delayed grant cannot strand fullscreen
ok 114 - UI01 acceptance 4: fullscreen reject/throw and native exit restore prior mode and current page; delayed grant cannot strand fullscreen
  ---
  duration_ms: 1817.825959
  type: 'test'
  ...
# Subtest: UI02 acceptance 1: command-seeded legacy object fixtures adjust through UI and survive actual download / fresh process
ok 115 - UI02 acceptance 1: command-seeded legacy object fixtures adjust through UI and survive actual download / fresh process
  ---
  duration_ms: 5817.027625
  type: 'test'
  ...
# Subtest: UI02 acceptance 2: command fixture placement follows author Flex/Grid/flow and retains positioned author CSS
ok 116 - UI02 acceptance 2: command fixture placement follows author Flex/Grid/flow and retains positioned author CSS
  ---
  duration_ms: 3723.854583
  type: 'test'
  ...
# Subtest: UI02 acceptance 3: protection is bounded, command fixture/duplicate/delete history remains atomic and invalid actions leave content intact
ok 117 - UI02 acceptance 3: protection is bounded, command fixture/duplicate/delete history remains atomic and invalid actions leave content intact
  ---
  duration_ms: 2718.521458
  type: 'test'
  ...
# Subtest: UI02 acceptance 4: one labeled SVG menu, keyboard navigation/escape/outside close and focus-safe properties
ok 118 - UI02 acceptance 4: one labeled SVG menu, keyboard navigation/escape/outside close and focus-safe properties # SKIP F01 scope retirement: docs/focused-product/evidence/F01/TEST-MIGRATION.json; not a pass
  ---
  duration_ms: 0.118209
  type: 'test'
  ...
# Subtest: UI03 acceptance 1: long page rail has independent scroll, fixed add footer and unobstructed controls
ok 119 - UI03 acceptance 1: long page rail has independent scroll, fixed add footer and unobstructed controls
  ---
  duration_ms: 3086.196125
  type: 'test'
  ...
# Subtest: UI03 acceptance 2: new pages retain responsive/fixed/Grid declarations across modes, resize and download
ok 120 - UI03 acceptance 2: new pages retain responsive/fixed/Grid declarations across modes, resize and download
  ---
  duration_ms: 4468.97075
  type: 'test'
  ...
# Subtest: UI03 acceptance 3: nested stacking title and image do not overlap; real hit selection, layout, crop, undo and saved content
ok 121 - UI03 acceptance 3: nested stacking title and image do not overlap; real hit selection, layout, crop, undo and saved content
  ---
  duration_ms: 2053.477417
  type: 'test'
  ...
# Subtest: UI03 acceptance 4: keyboard buttons/Alt arrows and drag reorder share undo history, identity and boundaries
ok 122 - UI03 acceptance 4: keyboard buttons/Alt arrows and drag reorder share undo history, identity and boundaries
  ---
  duration_ms: 2814.693375
  type: 'test'
  ...
# Subtest: UI03 audit N01–N03 regression: original 12-page author source, responsive blank page and image hit
ok 123 - UI03 audit N01–N03 regression: original 12-page author source, responsive blank page and image hit
  ---
  duration_ms: 2800.916541
  type: 'test'
  ...
# (node:40637) ExperimentalWarning: The MockTimers API is an experimental feature and might change at any time
# (Use `node --trace-warnings ...` to show where the warning was created)
# Subtest: UI04 A5: 1s debounce, 10s sustained input, default autosave and manual override
ok 124 - UI04 A5: 1s debounce, 10s sustained input, default autosave and manual override
  ---
  duration_ms: 2.189
  type: 'test'
  ...
# Subtest: UI04 A6: one writer, stale acknowledgement stays dirty and manual queued revision runs with auto off
ok 125 - UI04 A6: one writer, stale acknowledgement stays dirty and manual queued revision runs with auto off
  ---
  duration_ms: 0.175958
  type: 'test'
  ...
# Subtest: UI04 A4/A7/A8: errors latch; composition never serializes partial drafts or writes; retry retains baseline
ok 126 - UI04 A4/A7/A8: errors latch; composition never serializes partial drafts or writes; retry retains baseline
  ---
  duration_ms: 0.481084
  type: 'test'
  ...
# Subtest: UI04 A1/A3/A7/A8: product save panel, wrong same-name document refusal, complete IME download and fresh browser process
ok 127 - UI04 A1/A3/A7/A8: product save panel, wrong same-name document refusal, complete IME download and fresh browser process
  ---
  duration_ms: 2988.565125
  type: 'test'
  ...
# Subtest: UI05 acceptance 1: 1440/1024/820/390 reading/editing, mutually exclusive drawers and reachable primary controls
ok 128 - UI05 acceptance 1: 1440/1024/820/390 reading/editing, mutually exclusive drawers and reachable primary controls
  ---
  duration_ms: 6149.1385
  type: 'test'
  ...
# Subtest: UI05 acceptance 2: 200% equivalent layout viewport, large font, coarse 44px targets and table grid
ok 129 - UI05 acceptance 2: 200% equivalent layout viewport, large font, coarse 44px targets and table grid
  ---
  duration_ms: 1529.301041
  type: 'test'
  ...
# Subtest: UI05 acceptance 3: menu arrows/Home/End/Enter/Escape/Tab, focus restoration, edge placement and disclosure semantics
ok 130 - UI05 acceptance 3: menu arrows/Home/End/Enter/Escape/Tab, focus restoration, edge placement and disclosure semantics # SKIP F01 scope retirement: docs/focused-product/evidence/F01/TEST-MIGRATION.json; not a pass
  ---
  duration_ms: 0.086208
  type: 'test'
  ...
# Subtest: UI05 acceptance 4: icon names/tooltips, visible focus, modes and measured important text contrast
ok 131 - UI05 acceptance 4: icon names/tooltips, visible focus, modes and measured important text contrast
  ---
  duration_ms: 744.5175
  type: 'test'
  ...
# Subtest: UI06 A1/A2: product offline four-object history → download → full shutdown → copy → preview/restore → download → fresh read/show/PDF
ok 132 - UI06 A1/A2: product offline four-object history → download → full shutdown → copy → preview/restore → download → fresh read/show/PDF # SKIP F01 scope retirement: docs/focused-product/evidence/F01/TEST-MIGRATION.json; not a pass
  ---
  duration_ms: 0.385625
  type: 'test'
  ...
# Subtest: UI06 A3 evidence contract: native/Safari unknowns cannot inherit headless or bridge passes
ok 133 - UI06 A3 evidence contract: native/Safari unknowns cannot inherit headless or bridge passes
  ---
  duration_ms: 2.13725
  type: 'test'
  ...
# Subtest: UI06 A4 evidence contract: UI feedback and sample aesthetics have separate unfilled human records and vetoes
ok 134 - UI06 A4 evidence contract: UI feedback and sample aesthetics have separate unfilled human records and vetoes
  ---
  duration_ms: 1.614
  type: 'test'
  ...
# Subtest: UI07 A1: named checkpoints deduplicate; restore is atomic and retains target, later and before-restore states
ok 135 - UI07 A1: named checkpoints deduplicate; restore is atomic and retains target, later and before-restore states
  ---
  duration_ms: 10.724959
  type: 'test'
  ...
# Subtest: UI07 A3: 5 minute generation, count/bytes quotas, named retention and failed pre-restore preserve all history
ok 136 - UI07 A3: 5 minute generation, count/bytes quotas, named retention and failed pre-restore preserve all history
  ---
  duration_ms: 14.547833
  type: 'test'
  ...
# Subtest: UI07 A2/A4: portable wire, shared media across current and checkpoints, lazy decode and independent checkpoints after deletion
ok 137 - UI07 A2/A4: portable wire, shared media across current and checkpoints, lazy decode and independent checkpoints after deletion
  ---
  duration_ms: 12.59425
  type: 'test'
  ...
# Subtest: UI07 A5: truncation, unknown schema, missing resource, bad checkpoint, hostile HTML and expansion limits are isolated
ok 138 - UI07 A5: truncation, unknown schema, missing resource, bad checkpoint, hostile HTML and expansion limits are isolated
  ---
  duration_ms: 11.324458
  type: 'test'
  ...
# Subtest: UI07 A2/A5: CLI re-enhancement preserves opaque history and single-file identity
ok 139 - UI07 A2/A5: CLI re-enhancement preserves opaque history and single-file identity
  ---
  duration_ms: 63.30575
  type: 'test'
  ...
# Subtest: UI07 A1–A6: product controls, actual offline download, copied file in fresh process, preview/restore and media timings
ok 140 - UI07 A1–A6: product controls, actual offline download, copied file in fresh process, preview/restore and media timings # SKIP F01 scope retirement: docs/focused-product/evidence/F01/TEST-MIGRATION.json; not a pass
  ---
  duration_ms: 0.19475
  type: 'test'
  ...
# Subtest: UI07 A3/A5/A6: real disk bridge writes media history; quota never blocks current save; no-history export removes private resources
ok 141 - UI07 A3/A5/A6: real disk bridge writes media history; quota never blocks current save; no-history export removes private resources # SKIP F01 scope retirement: docs/focused-product/evidence/F01/TEST-MIGRATION.json; not a pass
  ---
  duration_ms: 0.177667
  type: 'test'
  ...
# Subtest: UI07 A3/A4/A5: quota measures escaped transport bytes; reference fan-out is bounded before resource expansion
ok 142 - UI07 A3/A4/A5: quota measures escaped transport bytes; reference fan-out is bounded before resource expansion
  ---
  duration_ms: 32.228
  type: 'test'
  ...
1..142
# tests 151
# suites 0
# pass 134
# fail 1
# cancelled 0
# skipped 16
# todo 0
# duration_ms 56093.20175
[ELIFECYCLE] Test failed. See above for more details.
