TAP version 13
# Subtest: R3 current page fits with padding through inspector, rail, viewport changes, mouse/keyboard navigation and modes
ok 1 - R3 current page fits with padding through inspector, rail, viewport changes, mouse/keyboard navigation and modes
  ---
  duration_ms: 3333.519875
  type: 'test'
  ...
# Subtest: R3 manual zoom scrolls only the current work area, reset fits; real drag/resize keep author units
ok 2 - R3 manual zoom scrolls only the current work area, reset fits; real drag/resize keep author units
  ---
  duration_ms: 3917.1815
  type: 'test'
  ...
# Subtest: R3 responsive author CSS reflows on window resize; transient fits do not change saved layouts; download/new-process reopen
not ok 3 - R3 responsive author CSS reflows on window resize; transient fits do not change saved layouts; download/new-process reopen
  ---
  duration_ms: 2064.972083
  type: 'test'
  location: '/private/tmp/ppte8/dist/tests/r8-r3-canvas.test.js:129:1'
  failureType: 'testCodeFailure'
  error: |-
    Expected values to be strictly equal:
    + actual - expected
    
    + 'Responsive author'
    - 'Saved responsive edit'
    
  code: 'ERR_ASSERTION'
  name: 'AssertionError'
  expected: 'Saved responsive edit'
  actual: 'Responsive author'
  operator: 'strictEqual'
  stack: |-
    TestContext.<anonymous> (file:///private/tmp/ppte8/dist/tests/r8-r3-canvas.test.js:166:20)
    async Test.run (node:internal/test_runner/test:1054:7)
    async Test.processPendingSubtests (node:internal/test_runner/test:744:7)
  ...
# Subtest: R3 twelve-page audit source: current-page navigation and added page stay isolated and fitted
ok 4 - R3 twelve-page audit source: current-page navigation and added page stay isolated and fitted
  ---
  duration_ms: 854.22925
  type: 'test'
  ...
1..4
# tests 4
# suites 0
# pass 3
# fail 1
# cancelled 0
# skipped 0
# todo 0
# duration_ms 10355.47075
