TAP version 13
# Subtest: H04 acceptance 1/2: clean audience, idle controls, black pixels, steps, media clicks, fullscreen denial and Escape restore
ok 1 - H04 acceptance 1/2: clean audience, idle controls, black pixels, steps, media clicks, fullscreen denial and Escape restore
  ---
  duration_ms: 4163.216
  type: 'test'
  ...
# Subtest: H04 acceptance 2: blocked presenter leaves audience usable; real popup has notes/next preview and shared navigation
ok 2 - H04 acceptance 2: blocked presenter leaves audience usable; real popup has notes/next preview and shared navigation
  ---
  duration_ms: 930.169583
  type: 'test'
  ...
# Subtest: H04 acceptance 3: actual browser PDF has two sized pages, selectable revealed text, no editor UI and print restores content
ok 3 - H04 acceptance 3: actual browser PDF has two sized pages, selectable revealed text, no editor UI and print restores content
  ---
  duration_ms: 994.587
  type: 'test'
  ...
# Subtest: H04 acceptance 4: generation and reading create only HTML; new export/runtime graph excludes retired formats
not ok 4 - H04 acceptance 4: generation and reading create only HTML; new export/runtime graph excludes retired formats
  ---
  duration_ms: 604.97175
  type: 'test'
  location: '/private/tmp/ppte7/dist/tests/html-player.test.js:142:1'
  failureType: 'testCodeFailure'
  error: |-
    Expected values to be strictly equal:
    
    0 !== 1
    
  code: 'ERR_ASSERTION'
  name: 'AssertionError'
  expected: 1
  actual: 0
  operator: 'strictEqual'
  stack: |-
    TestContext.<anonymous> (file:///private/tmp/ppte7/dist/tests/html-player.test.js:150:16)
    async Test.run (node:internal/test_runner/test:1054:7)
    async Test.processPendingSubtests (node:internal/test_runner/test:744:7)
  ...
# Subtest: H04 actual fullscreen exit, Grid slide layout, print from presentation, mount and read return
ok 5 - H04 actual fullscreen exit, Grid slide layout, print from presentation, mount and read return
  ---
  duration_ms: 1033.897625
  type: 'test'
  ...
# Subtest: UI05 acceptance 1: 1440/1024/820/390 reading/editing, mutually exclusive drawers and reachable primary controls
ok 6 - UI05 acceptance 1: 1440/1024/820/390 reading/editing, mutually exclusive drawers and reachable primary controls
  ---
  duration_ms: 3192.188375
  type: 'test'
  ...
# Subtest: UI05 acceptance 2: 200% equivalent layout viewport, large font, coarse 44px targets and table grid
ok 7 - UI05 acceptance 2: 200% equivalent layout viewport, large font, coarse 44px targets and table grid
  ---
  duration_ms: 2420.622834
  type: 'test'
  ...
# Subtest: UI05 acceptance 3: menu arrows/Home/End/Enter/Escape/Tab, focus restoration, edge placement and disclosure semantics
ok 8 - UI05 acceptance 3: menu arrows/Home/End/Enter/Escape/Tab, focus restoration, edge placement and disclosure semantics
  ---
  duration_ms: 1268.94625
  type: 'test'
  ...
# Subtest: UI05 acceptance 4: icon names/tooltips, visible focus, modes and measured important text contrast
ok 9 - UI05 acceptance 4: icon names/tooltips, visible focus, modes and measured important text contrast
  ---
  duration_ms: 768.523042
  type: 'test'
  ...
# Subtest: UI07 A1: named checkpoints deduplicate; restore is atomic and retains target, later and before-restore states
ok 10 - UI07 A1: named checkpoints deduplicate; restore is atomic and retains target, later and before-restore states
  ---
  duration_ms: 5.9365
  type: 'test'
  ...
# Subtest: UI07 A3: 5 minute generation, count/bytes quotas, named retention and failed pre-restore preserve all history
ok 11 - UI07 A3: 5 minute generation, count/bytes quotas, named retention and failed pre-restore preserve all history
  ---
  duration_ms: 8.099209
  type: 'test'
  ...
# Subtest: UI07 A2/A4: portable wire, shared media across current and checkpoints, lazy decode and independent checkpoints after deletion
ok 12 - UI07 A2/A4: portable wire, shared media across current and checkpoints, lazy decode and independent checkpoints after deletion
  ---
  duration_ms: 8.012417
  type: 'test'
  ...
# Subtest: UI07 A5: truncation, unknown schema, missing resource, bad checkpoint, hostile HTML and expansion limits are isolated
ok 13 - UI07 A5: truncation, unknown schema, missing resource, bad checkpoint, hostile HTML and expansion limits are isolated
  ---
  duration_ms: 9.952625
  type: 'test'
  ...
# Subtest: UI07 A2/A5: CLI re-enhancement preserves opaque history and single-file identity
ok 14 - UI07 A2/A5: CLI re-enhancement preserves opaque history and single-file identity
  ---
  duration_ms: 53.33875
  type: 'test'
  ...
# Subtest: UI07 A1–A6: product controls, actual offline download, copied file in fresh process, preview/restore and media timings
ok 15 - UI07 A1–A6: product controls, actual offline download, copied file in fresh process, preview/restore and media timings
  ---
  duration_ms: 5466.512625
  type: 'test'
  ...
# Subtest: UI07 A3/A5/A6: real disk bridge writes media history; quota never blocks current save; no-history export removes private resources
ok 16 - UI07 A3/A5/A6: real disk bridge writes media history; quota never blocks current save; no-history export removes private resources
  ---
  duration_ms: 3695.008209
  type: 'test'
  ...
# Subtest: UI07 A3/A4/A5: quota measures escaped transport bytes; reference fan-out is bounded before resource expansion
ok 17 - UI07 A3/A4/A5: quota measures escaped transport bytes; reference fan-out is bounded before resource expansion
  ---
  duration_ms: 21.856583
  type: 'test'
  ...
1..17
# tests 17
# suites 0
# pass 16
# fail 1
# cancelled 0
# skipped 0
# todo 0
# duration_ms 9503.241834
