$ pnpm build && node --test dist/tests/*.test.js
$ node scripts/build-html.mjs --clean && tsc -p tsconfig.build.json
TAP version 13
# Subtest: DLV nine-page layout: nine native pages in one offline runtime, text/image bounds and clean presentation
ok 1 - DLV nine-page layout: nine native pages in one offline runtime, text/image bounds and clean presentation
  ---
  duration_ms: 6937.404209
  type: 'test'
  ...
# Subtest: DLV download roundtrip: actual text editing, undo/redo, explicit download and new browser process retain the full source
ok 2 - DLV download roundtrip: actual text editing, undo/redo, explicit download and new browser process retain the full source
  ---
  duration_ms: 4865.772875
  type: 'test'
  ...
# Subtest: DLV installed delivery equals current runtime and original nine-page content; package receipts match source
ok 3 - DLV installed delivery equals current runtime and original nine-page content; package receipts match source
  ---
  duration_ms: 71.154084
  type: 'test'
  ...
# Subtest: R02 download: preview, explicit completion, single real download bytes, fresh browser geometry and undo
ok 4 - R02 download: preview, explicit completion, single real download bytes, fresh browser geometry and undo
  ---
  duration_ms: 5157.75525
  type: 'test'
  ...
# Subtest: R02 leave 阅读: stay / discard / apply through one exit
ok 5 - R02 leave 阅读: stay / discard / apply through one exit
  ---
  duration_ms: 6005.241167
  type: 'test'
  ...
# Subtest: R02 leave 放映: stay / discard / apply through one exit
ok 6 - R02 leave 放映: stay / discard / apply through one exit
  ---
  duration_ms: 5903.104667
  type: 'test'
  ...
# Subtest: R02 leave 下一页: stay / discard / apply through one exit
ok 7 - R02 leave 下一页: stay / discard / apply through one exit
  ---
  duration_ms: 6842.475833
  type: 'test'
  ...
# Subtest: R02 leave 缩略图: stay / discard / apply through one exit
ok 8 - R02 leave 缩略图: stay / discard / apply through one exit
  ---
  duration_ms: 7538.716125
  type: 'test'
  ...
# Subtest: R02 leave 另一对象: stay / discard / apply through one exit
ok 9 - R02 leave 另一对象: stay / discard / apply through one exit
  ---
  duration_ms: 6426.59875
  type: 'test'
  ...
# Subtest: R02 leave 另一图片: stay / discard / apply through one exit
ok 10 - R02 leave 另一图片: stay / discard / apply through one exit
  ---
  duration_ms: 4261.3155
  type: 'test'
  ...
# Subtest: R02 leave 删除对象: stay / discard / apply through one exit
ok 11 - R02 leave 删除对象: stay / discard / apply through one exit
  ---
  duration_ms: 6638.403084
  type: 'test'
  ...
# Subtest: R02 leave 键盘删除: stay / discard / apply through one exit
ok 12 - R02 leave 键盘删除: stay / discard / apply through one exit
  ---
  duration_ms: 5244.308292
  type: 'test'
  ...
# Subtest: R02 leave 替换图片: stay / discard / apply through one exit
ok 13 - R02 leave 替换图片: stay / discard / apply through one exit
  ---
  duration_ms: 5629.163541
  type: 'test'
  ...
# Subtest: R02 Esc and unchanged crop: exact content and history, no reminder or leave prompt
ok 14 - R02 Esc and unchanged crop: exact content and history, no reminder or leave prompt
  ---
  duration_ms: 4918.537375
  type: 'test'
  ...
# Subtest: R02 manual and automatic disk bridge: committed bytes only, failure preserves crop/source, one undo
ok 15 - R02 manual and automatic disk bridge: committed bytes only, failure preserves crop/source, one undo
  ---
  duration_ms: 6048.465042
  type: 'test'
  ...
# Subtest: R03 cover negative-px: browser preview, no-op bytes/history, actual move/download/fresh reopen
ok 16 - R03 cover negative-px: browser preview, no-op bytes/history, actual move/download/fresh reopen
  ---
  duration_ms: 7053.475708
  type: 'test'
  ...
# Subtest: R03 cover positive-px: browser preview, no-op bytes/history, actual move/download/fresh reopen
ok 17 - R03 cover positive-px: browser preview, no-op bytes/history, actual move/download/fresh reopen
  ---
  duration_ms: 6769.274416
  type: 'test'
  ...
# Subtest: R03 cover percentage: browser preview, no-op bytes/history, actual move/download/fresh reopen
ok 18 - R03 cover percentage: browser preview, no-op bytes/history, actual move/download/fresh reopen
  ---
  duration_ms: 7101.340083
  type: 'test'
  ...
# Subtest: R03 cover left-top: browser preview, no-op bytes/history, actual move/download/fresh reopen
ok 19 - R03 cover left-top: browser preview, no-op bytes/history, actual move/download/fresh reopen
  ---
  duration_ms: 7416.344542
  type: 'test'
  ...
# Subtest: R03 cover right-bottom: browser preview, no-op bytes/history, actual move/download/fresh reopen
ok 20 - R03 cover right-bottom: browser preview, no-op bytes/history, actual move/download/fresh reopen
  ---
  duration_ms: 9395.702875
  type: 'test'
  ...
# Subtest: R03 cover edge-lengths: browser preview, no-op bytes/history, actual move/download/fresh reopen
ok 21 - R03 cover edge-lengths: browser preview, no-op bytes/history, actual move/download/fresh reopen
  ---
  duration_ms: 8323.734917
  type: 'test'
  ...
# Subtest: R03 cover calc: browser preview, no-op bytes/history, actual move/download/fresh reopen
ok 22 - R03 cover calc: browser preview, no-op bytes/history, actual move/download/fresh reopen
  ---
  duration_ms: 6857.633375
  type: 'test'
  ...
# Subtest: R03 cover math: browser preview, no-op bytes/history, actual move/download/fresh reopen
ok 23 - R03 cover math: browser preview, no-op bytes/history, actual move/download/fresh reopen
  ---
  duration_ms: 8700.852
  type: 'test'
  ...
# Subtest: R03 contain negative-px: browser preview, no-op bytes/history, actual move/download/fresh reopen
ok 24 - R03 contain negative-px: browser preview, no-op bytes/history, actual move/download/fresh reopen
  ---
  duration_ms: 6532.143792
  type: 'test'
  ...
# Subtest: R03 contain positive-px: browser preview, no-op bytes/history, actual move/download/fresh reopen
ok 25 - R03 contain positive-px: browser preview, no-op bytes/history, actual move/download/fresh reopen
  ---
  duration_ms: 6895.508833
  type: 'test'
  ...
# Subtest: R03 contain percentage: browser preview, no-op bytes/history, actual move/download/fresh reopen
ok 26 - R03 contain percentage: browser preview, no-op bytes/history, actual move/download/fresh reopen
  ---
  duration_ms: 7269.805708
  type: 'test'
  ...
# Subtest: R03 contain left-top: browser preview, no-op bytes/history, actual move/download/fresh reopen
ok 27 - R03 contain left-top: browser preview, no-op bytes/history, actual move/download/fresh reopen
  ---
  duration_ms: 8121.0065
  type: 'test'
  ...
# Subtest: R03 contain right-bottom: browser preview, no-op bytes/history, actual move/download/fresh reopen
ok 28 - R03 contain right-bottom: browser preview, no-op bytes/history, actual move/download/fresh reopen
  ---
  duration_ms: 7529.874625
  type: 'test'
  ...
# Subtest: R03 contain edge-lengths: browser preview, no-op bytes/history, actual move/download/fresh reopen
ok 29 - R03 contain edge-lengths: browser preview, no-op bytes/history, actual move/download/fresh reopen
  ---
  duration_ms: 6129.399291
  type: 'test'
  ...
# Subtest: R03 contain calc: browser preview, no-op bytes/history, actual move/download/fresh reopen
ok 30 - R03 contain calc: browser preview, no-op bytes/history, actual move/download/fresh reopen
  ---
  duration_ms: 5311.519833
  type: 'test'
  ...
# Subtest: R03 contain math: browser preview, no-op bytes/history, actual move/download/fresh reopen
ok 31 - R03 contain math: browser preview, no-op bytes/history, actual move/download/fresh reopen
  ---
  duration_ms: 5233.755625
  type: 'test'
  ...
# Subtest: R03 unsupported contextual math reports before interaction and preserves content/history
ok 32 - R03 unsupported contextual math reports before interaction and preserves content/history
  ---
  duration_ms: 964.919292
  type: 'test'
  ...
# Subtest: R03 clean nine-page delivery: latest runtime, unchanged source, offline reading/edit/no-op/download/reopen
ok 33 - R03 clean nine-page delivery: latest runtime, unchanged source, offline reading/edit/no-op/download/reopen
  ---
  duration_ms: 4316.453333
  type: 'test'
  ...
# Subtest: R01 1440 write: stable geometry, focus, bounded labels and saved reopen
ok 34 - R01 1440 write: stable geometry, focus, bounded labels and saved reopen
  ---
  duration_ms: 6113.062792
  type: 'test'
  ...
# Subtest: R01 1440 download: stable geometry, focus, bounded labels and saved reopen
ok 35 - R01 1440 download: stable geometry, focus, bounded labels and saved reopen
  ---
  duration_ms: 3715.913834
  type: 'test'
  ...
# Subtest: R01 1024 write: stable geometry, focus, bounded labels and saved reopen
ok 36 - R01 1024 write: stable geometry, focus, bounded labels and saved reopen
  ---
  duration_ms: 5970.567834
  type: 'test'
  ...
# Subtest: R01 1024 download: stable geometry, focus, bounded labels and saved reopen
ok 37 - R01 1024 download: stable geometry, focus, bounded labels and saved reopen
  ---
  duration_ms: 3782.680791
  type: 'test'
  ...
# Subtest: R01 390 write: stable geometry, focus, bounded labels and saved reopen
ok 38 - R01 390 write: stable geometry, focus, bounded labels and saved reopen
  ---
  duration_ms: 4641.270417
  type: 'test'
  ...
# Subtest: R01 390 download: stable geometry, focus, bounded labels and saved reopen
ok 39 - R01 390 download: stable geometry, focus, bounded labels and saved reopen
  ---
  duration_ms: 3598.441708
  type: 'test'
  ...
# Subtest: F04A acceptance 1–3: replay real PDFs, full text, fonts, colors and frozen input integrity
    # Subtest: PDFKit reopens and re-extracts every candidate page; negative controls really discriminate
    ok 1 - PDFKit reopens and re-extracts every candidate page; negative controls really discriminate
      ---
      duration_ms: 52364.067084
      type: 'test'
      ...
    1..1
ok 40 - F04A acceptance 1–3: replay real PDFs, full text, fonts, colors and frozen input integrity
  ---
  duration_ms: 52443.465
  type: 'test'
  ...
# Subtest: F04A acceptance 3: installed Chrome really exports frozen file:// fixture offline; not a product PDF action
ok 41 - F04A acceptance 3: installed Chrome really exports frozen file:// fixture offline; not a product PDF action
  ---
  duration_ms: 1255.2635
  type: 'test'
  ...
# Subtest: F04A acceptance 2: every human selection and physical-browser requirement remains explicitly pending
ok 42 - F04A acceptance 2: every human selection and physical-browser requirement remains explicitly pending
  ---
  duration_ms: 18.347083
  type: 'test'
  ...
# Subtest: F04A acceptance 4: only external qualification requires HOLD; neither qualified cannot enable F04
ok 43 - F04A acceptance 4: only external qualification requires HOLD; neither qualified cannot enable F04
  ---
  duration_ms: 2.130167
  type: 'test'
  ...
# Subtest: F01 A1/A2: one direct image chooser, no retired shortcuts/menus, disabled truthful top-level PDF and responsive shell
ok 44 - F01 A1/A2: one direct image chooser, no retired shortcuts/menus, disabled truthful top-level PDF and responsive shell
  ---
  duration_ms: 5412.883833
  type: 'test'
  ...
# Subtest: F01 A3: no history and all author content survive edit/download/full browser restart
ok 45 - F01 A3: no history and all author content survive edit/download/full browser restart
  ---
  duration_ms: 2858.330291
  type: 'test'
  ...
# Subtest: F01 A3: valid history and all author content survive edit/download/full browser restart
ok 46 - F01 A3: valid history and all author content survive edit/download/full browser restart
  ---
  duration_ms: 3692.101834
  type: 'test'
  ...
# Subtest: F01 A3: broken history and all author content survive edit/download/full browser restart
ok 47 - F01 A3: broken history and all author content survive edit/download/full browser restart
  ---
  duration_ms: 3433.229583
  type: 'test'
  ...
# Subtest: F01 A3: unknown history and all author content survive edit/download/full browser restart
ok 48 - F01 A3: unknown history and all author content survive edit/download/full browser restart
  ---
  duration_ms: 3250.726333
  type: 'test'
  ...
# Subtest: F01 A3: simulated native adapter writes real disk and preserves old media history without new snapshots
ok 49 - F01 A3: simulated native adapter writes real disk and preserves old media history without new snapshots
  ---
  duration_ms: 4121.192791
  type: 'test'
  ...
# Subtest: F01 A1–A3: audited Cherry ten-page document upgrades without content loss and keeps focused controls
ok 50 - F01 A1–A3: audited Cherry ten-page document upgrades without content loss and keeps focused controls
  ---
  duration_ms: 5683.399584
  type: 'test'
  ...
# (node:35853) ExperimentalWarning: The MockTimers API is an experimental feature and might change at any time
# (Use `node --trace-warnings ...` to show where the warning was created)
# Subtest: F02 errors survive editing and draft quota failure; pending automatic timer cannot retry without consent
ok 51 - F02 errors survive editing and draft quota failure; pending automatic timer cannot retry without consent
  ---
  duration_ms: 0.904209
  type: 'test'
  ...
# Subtest: F02 recovery serializes and stores once per revision/base; next acknowledged baseline checkpoints latest revision
ok 52 - F02 recovery serializes and stores once per revision/base; next acknowledged baseline checkpoints latest revision
  ---
  duration_ms: 0.144125
  type: 'test'
  ...
# Subtest: F02 cancel, denial, picker/read errors and unsupported save never download; explicit download retains content
ok 53 - F02 cancel, denial, picker/read errors and unsupported save never download; explicit download retains content
  ---
  duration_ms: 8939.670083
  type: 'test'
  ...
# Subtest: F02 B1 actual Enter/Shift+Enter, inline formatting, multiline clipboard event, undo/redo, download and fresh process editing
ok 54 - F02 B1 actual Enter/Shift+Enter, inline formatting, multiline clipboard event, undo/redo, download and fresh process editing
  ---
  duration_ms: 6909.54225
  type: 'test'
  ...
# Subtest: F03 A1/A2/A3 absolute: image UI placement, pointer/order, resize/crop/replace, undo/redo and fresh-process saved reopen
ok 55 - F03 A1/A2/A3 absolute: image UI placement, pointer/order, resize/crop/replace, undo/redo and fresh-process saved reopen
  ---
  duration_ms: 15360.195208
  type: 'test'
  ...
# Subtest: F03 A1/A2/A3 block: image UI placement, pointer/order, resize/crop/replace, undo/redo and fresh-process saved reopen
ok 56 - F03 A1/A2/A3 block: image UI placement, pointer/order, resize/crop/replace, undo/redo and fresh-process saved reopen
  ---
  duration_ms: 14449.500166
  type: 'test'
  ...
# Subtest: F03 A1/A2/A3 flex: image UI placement, pointer/order, resize/crop/replace, undo/redo and fresh-process saved reopen
ok 57 - F03 A1/A2/A3 flex: image UI placement, pointer/order, resize/crop/replace, undo/redo and fresh-process saved reopen
  ---
  duration_ms: 14977.279292
  type: 'test'
  ...
# Subtest: F03 A1/A2/A3 grid: image UI placement, pointer/order, resize/crop/replace, undo/redo and fresh-process saved reopen
ok 58 - F03 A1/A2/A3 grid: image UI placement, pointer/order, resize/crop/replace, undo/redo and fresh-process saved reopen
  ---
  duration_ms: 13882.508959
  type: 'test'
  ...
# Subtest: F03 failures/cancel: cancelled chooser, invalid bytes/type/oversize preserve original and undo stack; same replacement can be retried
ok 59 - F03 failures/cancel: cancelled chooser, invalid bytes/type/oversize preserve original and undo stack; same replacement can be retried
  ---
  duration_ms: 5571.498917
  type: 'test'
  ...
# Subtest: F03 bounded async image import: progress, cancel and leaving edit discard delayed decode without dirty/history changes
ok 60 - F03 bounded async image import: progress, cancel and leaving edit discard delayed decode without dirty/history changes
  ---
  duration_ms: 7302.121542
  type: 'test'
  ...
# Subtest: F03 A1/A2 prototype: actual author draft, consecutive images, pointer resize, resource reuse and author content preserved
ok 61 - F03 A1/A2 prototype: actual author draft, consecutive images, pointer resize, resource reuse and author content preserved
  ---
  duration_ms: 4142.681042
  type: 'test'
  ...
# Subtest: F03 A1/A2 cherry: actual author draft, consecutive images, pointer resize, resource reuse and author content preserved
ok 62 - F03 A1/A2 cherry: actual author draft, consecutive images, pointer resize, resource reuse and author content preserved
  ---
  duration_ms: 4348.087833
  type: 'test'
  ...
# Subtest: F05 A1/A2: scoped controls, no retired menu/gutter, honest PDF state, navigation endpoints and keyboard focus
ok 63 - F05 A1/A2: scoped controls, no retired menu/gutter, honest PDF state, navigation endpoints and keyboard focus
  ---
  duration_ms: 4647.391792
  type: 'test'
  ...
# Subtest: F05 A1/A2/A3: same Cherry draft at 1440/1024/390, unclipped centered page, inspector, save status and pure presentation
ok 64 - F05 A1/A2/A3: same Cherry draft at 1440/1024/390, unclipped centered page, inspector, save status and pure presentation
  ---
  duration_ms: 8144.844209
  type: 'test'
  ...
# Subtest: F05 A3: 40-page rail scrolls independently; last page/add footer and keyboard reorder remain reachable at desktop and narrow width
ok 65 - F05 A3: 40-page rail scrolls independently; last page/add footer and keyboard reorder remain reachable at desktop and narrow width
  ---
  duration_ms: 5003.83525
  type: 'test'
  ...
# Subtest: F06 A1/A4: same offline Cherry draft edits text and image, downloads once, reopens in fresh process and presents all pages; PDF stays unqualified
ok 66 - F06 A1/A4: same offline Cherry draft edits text and image, downloads once, reopens in fresh process and presents all pages; PDF stays unqualified
  ---
  duration_ms: 7335.18475
  type: 'test'
  ...
# Subtest: F06 A2/A3: native acceptance and audit gaps cannot be closed by automated evidence
ok 67 - F06 A2/A3: native acceptance and audit gaps cannot be closed by automated evidence
  ---
  duration_ms: 108.662334
  type: 'test'
  ...
# Subtest: F06 A4: frozen delivered HTML matches recorded download hash and carries ten editable pages without external runtime dependencies
ok 68 - F06 A4: frozen delivered HTML matches recorded download hash and carries ten editable pages without external runtime dependencies
  ---
  duration_ms: 31.616208
  type: 'test'
  ...
# Subtest: H01 acceptance 1: native Grid/Flex/SVG/font hierarchy and nested resources retain computed layout and exact pixels
ok 69 - H01 acceptance 1: native Grid/Flex/SVG/font hierarchy and nested resources retain computed layout and exact pixels
  ---
  duration_ms: 1603.320334
  type: 'test'
  ...
# Subtest: H01 acceptance 1: deterministic IDs reserve author identities, repair duplicates and preserve nested template escaping
ok 70 - H01 acceptance 1: deterministic IDs reserve author identities, repair duplicates and preserve nested template escaping
  ---
  duration_ms: 160.064875
  type: 'test'
  ...
# Subtest: H01 acceptance 2: 100 actual browser serialize/write/close/reopen cycles retain one payload and no editing residue
ok 71 - H01 acceptance 2: 100 actual browser serialize/write/close/reopen cycles retain one payload and no editing residue
  ---
  duration_ms: 35017.59
  type: 'test'
  ...
# Subtest: H01 acceptance 2: sanitizer reports executable content; runtime sandbox/CSP block independent script/event/network/navigation attempts
ok 72 - H01 acceptance 2: sanitizer reports executable content; runtime sandbox/CSP block independent script/event/network/navigation attempts
  ---
  duration_ms: 604.82075
  type: 'test'
  ...
# Subtest: H01 acceptance 2: safe serialization fails closed for executable CSS, SVG data, remote resource and malformed metadata
ok 73 - H01 acceptance 2: safe serialization fails closed for executable CSS, SVG data, remote resource and malformed metadata
  ---
  duration_ms: 95.708666
  type: 'test'
  ...
# Subtest: H01 acceptance 3: offline CLI with no PATH/keys/browser writes exactly one HTML and <=1KB summary
ok 74 - H01 acceptance 3: offline CLI with no PATH/keys/browser writes exactly one HTML and <=1KB summary
  ---
  duration_ms: 436.213375
  type: 'test'
  ...
# Subtest: H01 acceptance 3: rejection creates no output; local resource root, symlinks, missing resources and import cycles fail explicitly
ok 75 - H01 acceptance 3: rejection creates no output; local resource root, symlinks, missing resources and import cycles fail explicitly
  ---
  duration_ms: 246.441125
  type: 'test'
  ...
# Subtest: H01 acceptance 4: actual bundled CLI/runtime import graphs exclude old representations; all three H00 drafts enhance directly
ok 76 - H01 acceptance 4: actual bundled CLI/runtime import graphs exclude old representations; all three H00 drafts enhance directly
  ---
  duration_ms: 142.097791
  type: 'test'
  ...
# Subtest: H01 acceptance 1/3: embedded SVG references preserve fragment identity and diagnostics obey byte limits
ok 77 - H01 acceptance 1/3: embedded SVG references preserve fragment identity and diagnostics obey byte limits
  ---
  duration_ms: 75.014958
  type: 'test'
  ...
# Subtest: H03 acceptance 2/3: viewport changes retain focused format control, selection and original DOM without edits
ok 78 - H03 acceptance 2/3: viewport changes retain focused format control, selection and original DOM without edits
  ---
  duration_ms: 2866.998292
  type: 'test'
  ...
# Subtest: H03 acceptance 1: real object selection, empty/multiple/mixed contextual shell and screenshots
ok 79 - H03 acceptance 1: real object selection, empty/multiple/mixed contextual shell and screenshots
  ---
  duration_ms: 3278.149667
  type: 'test'
  ...
# Subtest: H03 acceptance 2: computed normal text contrast >=4.5, visible keyboard focus and keyboard object/format path
ok 80 - H03 acceptance 2: computed normal text contrast >=4.5, visible keyboard focus and keyboard object/format path
  ---
  duration_ms: 1582.365917
  type: 'test'
  ...
# Subtest: H03 acceptance 3: local text/range history preserves sibling identity, native Grid/Flex strategies and protected Agent hash
ok 81 - H03 acceptance 3: local text/range history preserves sibling identity, native Grid/Flex strategies and protected Agent hash
  ---
  duration_ms: 1609.407041
  type: 'test'
  ...
# Subtest: H03 acceptance 4: original-file reopen retains text, range style, layout, media, table/background/lock; errors retain work
ok 82 - H03 acceptance 4: original-file reopen retains text, range style, layout, media, table/background/lock; errors retain work
  ---
  duration_ms: 6208.740334
  type: 'test'
  ...
# Subtest: H03 native typing history, atomic multi-edit failure, table cell and page insertion history
ok 83 - H03 native typing history, atomic multi-edit failure, table cell and page insertion history
  ---
  duration_ms: 1767.015
  type: 'test'
  ...
# Subtest: H03 original-file persisted range formatting and keyboard/pointer layout; clean preview returns to edit
ok 84 - H03 original-file persisted range formatting and keyboard/pointer layout; clean preview returns to edit
  ---
  duration_ms: 3033.092125
  type: 'test'
  ...
# Subtest: H03 guarded SVG replacement, protected native input, composition events coalesce and hash race rejects
ok 85 - H03 guarded SVG replacement, protected native input, composition events coalesce and hash race rejects
  ---
  duration_ms: 1542.414959
  type: 'test'
  ...
# Subtest: H00 acceptance 1: frozen positive HTML contract excludes retired formats and IR pipeline
ok 86 - H00 acceptance 1: frozen positive HTML contract excludes retired formats and IR pipeline
  ---
  duration_ms: 6.155334
  type: 'test'
  ...
# Subtest: H00 acceptance 2: real fixed materials, all nine pairs and cold/hot missing data stay pending
ok 87 - H00 acceptance 2: real fixed materials, all nine pairs and cold/hot missing data stay pending
  ---
  duration_ms: 158.38325
  type: 'test'
  ...
# Subtest: H00 acceptance 2: missing timings/tokens, changed model/materials, omitted runs and fake success fail
ok 88 - H00 acceptance 2: missing timings/tokens, changed model/materials, omitted runs and fake success fail
  ---
  duration_ms: 51.516292
  type: 'test'
  ...
# Subtest: H00 acceptance 2: observed failures are retained, never repaired away or silently excluded
ok 89 - H00 acceptance 2: observed failures are retained, never repaired away or silently excluded
  ---
  duration_ms: 42.887542
  type: 'test'
  ...
# Subtest: H00 acceptance 2: artifact bytes must exist inside evidence root including symlink resolution
ok 90 - H00 acceptance 2: artifact bytes must exist inside evidence root including symlink resolution
  ---
  duration_ms: 64.147417
  type: 'test'
  ...
# Subtest: H00 acceptance 2: capture records actual subprocess time/bytes/failure and refuses overwrite
ok 91 - H00 acceptance 2: capture records actual subprocess time/bytes/failure and refuses overwrite
  ---
  duration_ms: 89.4525
  type: 'test'
  ...
# Subtest: H00 retained exploratory HTML has twelve pages, no runtime/network and real data table; not timing evidence
ok 92 - H00 retained exploratory HTML has twelve pages, no runtime/network and real data table; not timing evidence
  ---
  duration_ms: 1.338041
  type: 'test'
  ...
# Subtest: H00 dependency inventory preserves evidence of live retired dependencies without declaring retirement
ok 93 - H00 dependency inventory preserves evidence of live retired dependencies without declaring retirement
  ---
  duration_ms: 1.479792
  type: 'test'
  ...
# Subtest: H05 acceptance 1: static CLI/runtime graph and actual installed npm tarball contain only HTML dependencies
ok 94 - H05 acceptance 1: static CLI/runtime graph and actual installed npm tarball contain only HTML dependencies
  ---
  duration_ms: 2.548959
  type: 'test'
  ...
# Subtest: H05 acceptance 2: offline installed CLI generates HTML with network and external processes forbidden
ok 95 - H05 acceptance 2: offline installed CLI generates HTML with network and external processes forbidden
  ---
  duration_ms: 149.731333
  type: 'test'
  ...
# Subtest: H05 acceptance 3: candidate runtime <=250 KB gzip and three twelve-page light HTMLs <=1 MB measured
ok 96 - H05 acceptance 3: candidate runtime <=250 KB gzip and three twelve-page light HTMLs <=1 MB measured
  ---
  duration_ms: 370.682209
  type: 'test'
  ...
# Subtest: H05 acceptance 4: isolated install, reusable skill and overwrite refusal preserve existing user files
ok 97 - H05 acceptance 4: isolated install, reusable skill and overwrite refusal preserve existing user files
  ---
  duration_ms: 1007.837292
  type: 'test'
  ...
# Subtest: H05 acceptance 2: packaged HTML prints through separately available Chrome PDF toolchain
ok 98 - H05 acceptance 2: packaged HTML prints through separately available Chrome PDF toolchain # SKIP F01 scope retirement: docs/focused-product/evidence/F01/TEST-MIGRATION.json; not a pass
  ---
  duration_ms: 0.15025
  type: 'test'
  ...
# Subtest: H05 retirement: all historical test files remain byte-identical to the pre-H05 manifest
ok 99 - H05 retirement: all historical test files remain byte-identical to the pre-H05 manifest
  ---
  duration_ms: 12.9505
  type: 'test'
  ...
# Subtest: H04 acceptance 1/2: clean audience, idle controls, black pixels, steps, media clicks, fullscreen denial and Escape restore
ok 100 - H04 acceptance 1/2: clean audience, idle controls, black pixels, steps, media clicks, fullscreen denial and Escape restore
  ---
  duration_ms: 4599.998166
  type: 'test'
  ...
# Subtest: H04 acceptance 2: blocked presenter leaves audience usable; real popup has notes/next preview and shared navigation
ok 101 - H04 acceptance 2: blocked presenter leaves audience usable; real popup has notes/next preview and shared navigation
  ---
  duration_ms: 3316.825
  type: 'test'
  ...
# Subtest: H04 acceptance 3: actual browser PDF has two sized pages, selectable revealed text, no editor UI and print restores content
ok 102 - H04 acceptance 3: actual browser PDF has two sized pages, selectable revealed text, no editor UI and print restores content # SKIP F01 scope retirement: docs/focused-product/evidence/F01/TEST-MIGRATION.json; not a pass
  ---
  duration_ms: 0.087333
  type: 'test'
  ...
# Subtest: H04 acceptance 4: generation and reading create only HTML; new export/runtime graph excludes retired formats
    # Subtest: Retired product system-print action
    ok 1 - Retired product system-print action # SKIP F01 forbids system-print export; assertions preserved
      ---
      duration_ms: 0.103125
      type: 'test'
      ...
    1..1
ok 103 - H04 acceptance 4: generation and reading create only HTML; new export/runtime graph excludes retired formats
  ---
  duration_ms: 1118.094375
  type: 'test'
  ...
# Subtest: H04 actual fullscreen exit, Grid slide layout, print from presentation, mount and read return
    # Subtest: Retired system-print product path — F04A/F04 pending
    ok 1 - Retired system-print product path — F04A/F04 pending # SKIP F01: user forbids system printing; original assertions preserved
      ---
      duration_ms: 0.196375
      type: 'test'
      ...
    1..1
ok 104 - H04 actual fullscreen exit, Grid slide layout, print from presentation, mount and read return
  ---
  duration_ms: 1458.356792
  type: 'test'
  ...
# Subtest: H02 acceptance 1: original path autosave, close/reopen and service restart preserve text with no download
ok 105 - H02 acceptance 1: original path autosave, close/reopen and service restart preserve text with no download
  ---
  duration_ms: 4965.264958
  type: 'test'
  ...
# Subtest: H02 acceptance 2: OS read-only, ENOSPC fault, interrupted replace retain original and recoverable version
ok 106 - H02 acceptance 2: OS read-only, ENOSPC fault, interrupted replace retain original and recoverable version
  ---
  duration_ms: 599.642708
  type: 'test'
  ...
# Subtest: H02 acceptance 2: two services/windows serialize one winner and detect external Agent edits at replace
ok 107 - H02 acceptance 2: two services/windows serialize one winner and detect external Agent edits at replace
  ---
  duration_ms: 383.805083
  type: 'test'
  ...
# Subtest: H02 acceptance 2: kill process before rename, restart recovers stale lock and preserves original
ok 108 - H02 acceptance 2: kill process before rename, restart recovers stale lock and preserves original
  ---
  duration_ms: 617.681167
  type: 'test'
  ...
# Subtest: H02 acceptance 2/3: browser two-window conflict keeps draft; explicit reread and retry after network failure
ok 109 - H02 acceptance 2/3: browser two-window conflict keeps draft; explicit reread and retry after network failure
  ---
  duration_ms: 4554.310584
  type: 'test'
  ...
# Subtest: H02 acceptance 3: IME does not save half composition; 1000ms pause and delayed acknowledgement remain dirty/saving
ok 110 - H02 acceptance 3: IME does not save half composition; 1000ms pause and delayed acknowledgement remain dirty/saving
  ---
  duration_ms: 2757.268875
  type: 'test'
  ...
# Subtest: H02 acceptance 2/3: two real windows retain the failed draft after the other file save is acknowledged
ok 111 - H02 acceptance 2/3: two real windows retain the failed draft after the other file save is acknowledged
  ---
  duration_ms: 3831.340167
  type: 'test'
  ...
# Subtest: H02 acceptance 2/3: a delayed acknowledgement never deletes another window recovery draft
ok 112 - H02 acceptance 2/3: a delayed acknowledgement never deletes another window recovery draft
  ---
  duration_ms: 1.04
  type: 'test'
  ...
# Subtest: H02 acceptance 3: edits during in-flight save remain queued; draft base matching, quotas and copied identity
ok 113 - H02 acceptance 3: edits during in-flight save remain queued; draft base matching, quotas and copied identity
  ---
  duration_ms: 0.835167
  type: 'test'
  ...
# Subtest: H02 acceptance 2/3: File System Access permission revoked, conflict, failed close and confirmation (API contract test)
ok 114 - H02 acceptance 2/3: File System Access permission revoked, conflict, failed close and confirmation (API contract test)
  ---
  duration_ms: 6.122333
  type: 'test'
  ...
# Subtest: H02 acceptance 4: loopback bind, hostile Origin/Host, no token, traversal, arbitrary fields and unsafe content rejected
ok 115 - H02 acceptance 4: loopback bind, hostile Origin/Host, no token, traversal, arbitrary fields and unsafe content rejected
  ---
  duration_ms: 404.913084
  type: 'test'
  ...
# Subtest: H02 acceptance 5: real installed Chrome file URL shows limitation, keeps draft and never claims file save
ok 116 - H02 acceptance 5: real installed Chrome file URL shows limitation, keeps draft and never claims file save
  ---
  duration_ms: 2886.978416
  type: 'test'
  ...
# Subtest: H02 acceptance 5: Safari actual WebDriver journey or explicit blocked evidence (not simulated Safari)
ok 117 - H02 acceptance 5: Safari actual WebDriver journey or explicit blocked evidence (not simulated Safari)
  ---
  duration_ms: 352.516834
  type: 'test'
  ...
# Subtest: H02 acceptance 1/4: explicit development ppte serve retains packaged npm install, stable restart URL and multiple file mappings
ok 118 - H02 acceptance 1/4: explicit development ppte serve retains packaged npm install, stable restart URL and multiple file mappings
  ---
  duration_ms: 2318.195375
  type: 'test'
  ...
# Subtest: H02 acceptance 2: history bounded by count and rejected restoration paths never write
ok 119 - H02 acceptance 2: history bounded by count and rejected restoration paths never write
  ---
  duration_ms: 2632.131709
  type: 'test'
  ...
# Subtest: H02 acceptance 2: actual bounded full disk returns ENOSPC without replacing original (macOS HFS+)
ok 120 - H02 acceptance 2: actual bounded full disk returns ENOSPC without replacing original (macOS HFS+)
  ---
  duration_ms: 1776.944125
  type: 'test'
  ...
# Subtest: H02 acceptance 2/3: failed-save draft survives page close, restores on matching file base and flushes to original
ok 121 - H02 acceptance 2/3: failed-save draft survives page close, restores on matching file base and flushes to original
  ---
  duration_ms: 3132.418834
  type: 'test'
  ...
# Subtest: CLOSING: delivered CLI file supports offline editing, history, download and fresh-process reopening; same-content responsive comparisons
ok 122 - CLOSING: delivered CLI file supports offline editing, history, download and fresh-process reopening; same-content responsive comparisons
  ---
  duration_ms: 9105.588875
  type: 'test'
  ...
# Subtest: GAPS N04: fixed sRGB rasterization preserves original >4000 gates and rejects missing red, blue, and image
ok 123 - GAPS N04: fixed sRGB rasterization preserves original >4000 gates and rejects missing red, blue, and image
  ---
  duration_ms: 7041.98075
  type: 'test'
  ...
# Subtest: GAPS A4: real navigation, image edit undo, versions, download/reopen, presentation and PDF demand/release
    # Subtest: Retired history preview UI
    ok 1 - Retired history preview UI # SKIP F01 confirmed history UI removal
      ---
      duration_ms: 0.186875
      type: 'test'
      ...
    # Subtest: Retired system-print action
    ok 2 - Retired system-print action # SKIP F01 PDF pending F04A/F04
      ---
      duration_ms: 0.138
      type: 'test'
      ...
    1..2
ok 124 - GAPS A4: real navigation, image edit undo, versions, download/reopen, presentation and PDF demand/release
  ---
  duration_ms: 5585.951083
  type: 'test'
  ...
# Subtest: GAPS S04: real mouse/keyboard measurements report the unchanged 50/100ms gates, including unmet targets
ok 125 - GAPS S04: real mouse/keyboard measurements report the unchanged 50/100ms gates, including unmet targets
  ---
  duration_ms: 17914.362667
  type: 'test'
  ...
# Subtest: R1 audit native div: actual click, keyboard input, styles, undo/redo and offline download/new-process reopen
ok 126 - R1 audit native div: actual click, keyboard input, styles, undo/redo and offline download/new-process reopen
  ---
  duration_ms: 5931.332417
  type: 'test'
  ...
# Subtest: R1 native span and nested inline runs use one safe host; range style, input, undo and saved markup survive
ok 127 - R1 native span and nested inline runs use one safe host; range style, input, undo and saved markup survive
  ---
  duration_ms: 4509.492375
  type: 'test'
  ...
# Subtest: R1 mixed media/block/positioned/declared containers stay noneditable and explain unsupported text structure
ok 128 - R1 mixed media/block/positioned/declared containers stay noneditable and explain unsupported text structure
  ---
  duration_ms: 2335.563542
  type: 'test'
  ...
# Subtest: R2 audit text: image UI or explicit legacy command fixture, mouse selection, actual Alt+Right, resize, undo/redo and offline download/new-process reopen
ok 129 - R2 audit text: image UI or explicit legacy command fixture, mouse selection, actual Alt+Right, resize, undo/redo and offline download/new-process reopen
  ---
  duration_ms: 4869.463459
  type: 'test'
  ...
# Subtest: R2 audit image: image UI or explicit legacy command fixture, mouse selection, actual Alt+Right, resize, undo/redo and offline download/new-process reopen
ok 130 - R2 audit image: image UI or explicit legacy command fixture, mouse selection, actual Alt+Right, resize, undo/redo and offline download/new-process reopen
  ---
  duration_ms: 5147.033792
  type: 'test'
  ...
# Subtest: R2 audit shape: image UI or explicit legacy command fixture, mouse selection, actual Alt+Right, resize, undo/redo and offline download/new-process reopen
ok 131 - R2 audit shape: image UI or explicit legacy command fixture, mouse selection, actual Alt+Right, resize, undo/redo and offline download/new-process reopen
  ---
  duration_ms: 4541.465583
  type: 'test'
  ...
# Subtest: R2 audit table: image UI or explicit legacy command fixture, mouse selection, actual Alt+Right, resize, undo/redo and offline download/new-process reopen
ok 132 - R2 audit table: image UI or explicit legacy command fixture, mouse selection, actual Alt+Right, resize, undo/redo and offline download/new-process reopen
  ---
  duration_ms: 4240.219125
  type: 'test'
  ...
# Subtest: R2 block: image UI and legacy command fixtures use real order, spacing/alignment and retain native layout after download
ok 133 - R2 block: image UI and legacy command fixtures use real order, spacing/alignment and retain native layout after download
  ---
  duration_ms: 10638.310792
  type: 'test'
  ...
# Subtest: R2 flex: image UI and legacy command fixtures use real order, spacing/alignment and retain native layout after download
ok 134 - R2 flex: image UI and legacy command fixtures use real order, spacing/alignment and retain native layout after download
  ---
  duration_ms: 9121.063958
  type: 'test'
  ...
# Subtest: R2 grid: image UI and legacy command fixtures use real order, spacing/alignment and retain native layout after download
ok 135 - R2 grid: image UI and legacy command fixtures use real order, spacing/alignment and retain native layout after download
  ---
  duration_ms: 9791.487458
  type: 'test'
  ...
# Subtest: R2 no available space: image UI / legacy command fixture insertion rolls back DOM and undo history with an accurate visible error
ok 136 - R2 no available space: image UI / legacy command fixture insertion rolls back DOM and undo history with an accurate visible error
  ---
  duration_ms: 1550.077167
  type: 'test'
  ...
# Subtest: R2 native media wrapper and mixed text: insert beside the canvas object, and protect non-heading direct text
ok 137 - R2 native media wrapper and mixed text: insert beside the canvas object, and protect non-heading direct text
  ---
  duration_ms: 4411.079833
  type: 'test'
  ...
# Subtest: R3 current page fits with padding through inspector, rail, viewport changes, mouse/keyboard navigation and modes
ok 138 - R3 current page fits with padding through inspector, rail, viewport changes, mouse/keyboard navigation and modes
  ---
  duration_ms: 3808.960584
  type: 'test'
  ...
# Subtest: R3 manual zoom scrolls only the current work area, reset fits; real drag/resize keep author units
ok 139 - R3 manual zoom scrolls only the current work area, reset fits; real drag/resize keep author units
  ---
  duration_ms: 3725.922875
  type: 'test'
  ...
# Subtest: R3 responsive author CSS reflows on window resize; transient fits do not change saved layouts; download/new-process reopen
ok 140 - R3 responsive author CSS reflows on window resize; transient fits do not change saved layouts; download/new-process reopen
  ---
  duration_ms: 3997.741041
  type: 'test'
  ...
# Subtest: R3 twelve-page audit source: current-page navigation and added page stay isolated and fitted
ok 141 - R3 twelve-page audit source: current-page navigation and added page stay isolated and fitted
  ---
  duration_ms: 1917.729583
  type: 'test'
  ...
# Subtest: R4 hierarchy: actual text controls, stable status, contextual page ordering, offline download and prototype comparisons
ok 142 - R4 hierarchy: actual text controls, stable status, contextual page ordering, offline download and prototype comparisons
  ---
  duration_ms: 8107.6395
  type: 'test'
  ...
# Subtest: R5: mobile inspector reserves visible current page, closes by mouse/Escape, navigation is exclusive, primary controls remain reachable
ok 143 - R5: mobile inspector reserves visible current page, closes by mouse/Escape, navigation is exclusive, primary controls remain reachable
  ---
  duration_ms: 5103.080583
  type: 'test'
  ...
# Subtest: R6: audit source mouse/keyboard naming, validation, cancellation, scoped confirmations, quota review, offline history round trip
ok 144 - R6: audit source mouse/keyboard naming, validation, cancellation, scoped confirmations, quota review, offline history round trip # SKIP F01 scope retirement: docs/focused-product/evidence/F01/TEST-MIGRATION.json; not a pass
  ---
  duration_ms: 1.573125
  type: 'test'
  ...
# Subtest: S00 frozen current contract rejects weakened requirements and cross-version relabelling
ok 145 - S00 frozen current contract rejects weakened requirements and cross-version relabelling
  ---
  duration_ms: 3.203417
  type: 'test'
  ...
# Subtest: S00 version changes cannot promote the historical baseline or bypass missing telemetry
ok 146 - S00 version changes cannot promote the historical baseline or bypass missing telemetry
  ---
  duration_ms: 37.707916
  type: 'test'
  ...
# Subtest: S00 active instructions and actual CLI help agree on delivery and disclose migration
ok 147 - S00 active instructions and actual CLI help agree on delivery and disclose migration
  ---
  duration_ms: 351.127625
  type: 'test'
  ...
# Subtest: S00 no new runtime or dependency requirement and historical bytes stay unchanged
ok 148 - S00 no new runtime or dependency requirement and historical bytes stay unchanged
  ---
  duration_ms: 143.638709
  type: 'test'
  ...
# Subtest: S00 real enhancement supports both extensions and refuses to rewrite existing user files
ok 149 - S00 real enhancement supports both extensions and refuses to rewrite existing user files
  ---
  duration_ms: 429.914041
  type: 'test'
  ...
# Subtest: S03 F02-F05 file UI: protected local insert/history, unique identity, native context, background, download/reopen and PDF
    # Subtest: Retired system-print product path
    ok 1 - Retired system-print product path # SKIP F01 PDF remains pending F04A/F04
      ---
      duration_ms: 0.388375
      type: 'test'
      ...
    1..1
ok 150 - S03 F02-F05 file UI: protected local insert/history, unique identity, native context, background, download/reopen and PDF
  ---
  duration_ms: 12793.5875
  type: 'test'
  ...
# Subtest: S03 contextual UI: real cell mouse/keyboard range format, collapse/zoom focus, handles and composition refresh
ok 151 - S03 contextual UI: real cell mouse/keyboard range format, collapse/zoom focus, handles and composition refresh
  ---
  duration_ms: 4956.683542
  type: 'test'
  ...
# Subtest: S01 file URL: offline visible entry, native canvas, text/format/undo, present/Esc, copied file and complete download
ok 152 - S01 file URL: offline visible entry, native canvas, text/format/undo, present/Esc, copied file and complete download
  ---
  duration_ms: 9767.51325
  type: 'test'
  ...
# Subtest: S01 CLI edit exits with file URL, rejects service flags and leaves original bytes unchanged
ok 153 - S01 CLI edit exits with file URL, rejects service flags and leaves original bytes unchanged
  ---
  duration_ms: 387.30625
  type: 'test'
  ...
# Subtest: S07 continuous file journey: offline download, browser shutdown, fresh reopen, presentation and optional PDF
    # Subtest: Retired system-print product path — F04A/F04 pending
    ok 1 - Retired system-print product path — F04A/F04 pending # SKIP F01: user forbids system printing; original assertions preserved
      ---
      duration_ms: 0.35625
      type: 'test'
      ...
    1..1
ok 154 - S07 continuous file journey: offline download, browser shutdown, fresh reopen, presentation and optional PDF
  ---
  duration_ms: 3525.425417
  type: 'test'
  ...
# Subtest: S06 table: SHA-256 vectors, legacy identity, dedup, stable references, missing/corrupt resources, no CSP expansion
ok 155 - S06 table: SHA-256 vectors, legacy identity, dedup, stable references, missing/corrupt resources, no CSP expansion
  ---
  duration_ms: 101.572417
  type: 'test'
  ...
# Subtest: S06 file journey: mixed ratios, insert/replace/focus/reset, guarded history, download/reopen, print and speaker
    # Subtest: Retired system-print product path — F04A/F04 pending
    ok 1 - Retired system-print product path — F04A/F04 pending # SKIP F01: user forbids system printing; original assertions preserved
      ---
      duration_ms: 0.167292
      type: 'test'
      ...
    1..1
ok 156 - S06 file journey: mixed ratios, insert/replace/focus/reset, guarded history, download/reopen, print and speaker
  ---
  duration_ms: 4282.378333
  type: 'test'
  ...
# Subtest: S04 evidence refuses changed environment, content, undersampling and nonfinite timings
ok 157 - S04 evidence refuses changed environment, content, undersampling and nonfinite timings
  ---
  duration_ms: 0.55975
  type: 'test'
  ...
# Subtest: S04 cache: bytes, MIME, requirement/transform context, root authorization and budget cannot be stale
ok 158 - S04 cache: bytes, MIME, requirement/transform context, root authorization and budget cannot be stale
  ---
  duration_ms: 128.07825
  type: 'test'
  ...
# Subtest: S04 draft: bounded checkpoints, revision reuse, latest recovery and permission checks on each flush
ok 159 - S04 draft: bounded checkpoints, revision reuse, latest recovery and permission checks on each flush
  ---
  duration_ms: 293.677834
  type: 'test'
  ...
# Subtest: S04 file browser: one input revision, local thumbnail, stable tools and synchronous index invalidation
ok 160 - S04 file browser: one input revision, local thumbnail, stable tools and synchronous index invalidation
  ---
  duration_ms: 1380.669209
  type: 'test'
  ...
# Subtest: S02 file entry: no API and denied permission require explicit download, reopen content/style/lock/media offline
    # Subtest: Retired new-file-instance menu
    ok 1 - Retired new-file-instance menu # SKIP F01 confirmed removal; identity compatibility covered by focused-product-f01
      ---
      duration_ms: 0.626875
      type: 'test'
      ...
    1..1
ok 161 - S02 file entry: no API and denied permission require explicit download, reopen content/style/lock/media offline
  ---
  duration_ms: 6290.217333
  type: 'test'
  ...
# Subtest: S02 conflict remains latched through input; exported and confirmed revisions are independent
ok 162 - S02 conflict remains latched through input; exported and confirmed revisions are independent
  ---
  duration_ms: 0.451
  type: 'test'
  ...
# Subtest: S02 file handle contract bridge: real file bytes, permission lifecycle, autosave, conflicts and delayed receipts
ok 163 - S02 file handle contract bridge: real file bytes, permission lifecycle, autosave, conflicts and delayed receipts
  ---
  duration_ms: 9680.564125
  type: 'test'
  ...
# Subtest: U04 A1: same historical failed PDFs really replay in independent PDFKit and MuPDF parsers
    # Subtest: native parser replay
    ok 1 - native parser replay
      ---
      duration_ms: 5075.5705
      type: 'test'
      ...
    1..1
ok 164 - U04 A1: same historical failed PDFs really replay in independent PDFKit and MuPDF parsers
  ---
  duration_ms: 5082.507542
  type: 'test'
  ...
# Subtest: U04 A2/A3: all 20 fixed-author-viewport pages retain strict geometry, raster and text diagnostics
ok 165 - U04 A2/A3: all 20 fixed-author-viewport pages retain strict geometry, raster and text diagnostics
  ---
  duration_ms: 7559.201666
  type: 'test'
  ...
# Subtest: U04 A3: live installed Chromium exports fixed viewport independently of caller zoom
ok 166 - U04 A3: live installed Chromium exports fixed viewport independently of caller zoom
  ---
  duration_ms: 3344.877041
  type: 'test'
  ...
# Subtest: U04 decision gate: no qualified route, no product integration, explicit native/human pending
ok 167 - U04 decision gate: no qualified route, no product integration, explicit native/human pending
  ---
  duration_ms: 44.0735
  type: 'test'
  ...
# Subtest: U05 delivery: nine-page reading, text, insert, drag/resize/crop, undo/redo, disk bridge, full process restart and presentation
ok 168 - U05 delivery: nine-page reading, text, insert, drag/resize/crop, undo/redo, disk bridge, full process restart and presentation
  ---
  duration_ms: 15147.296125
  type: 'test'
  ...
# Subtest: DLV delivery: nine-page reading, text, insert, drag/resize/crop, undo/redo, disk bridge, full process restart and presentation
ok 169 - DLV delivery: nine-page reading, text, insert, drag/resize/crop, undo/redo, disk bridge, full process restart and presentation
  ---
  duration_ms: 13829.494166
  type: 'test'
  ...
# Subtest: U05 B2: original source-with-links enhances and round-trips both explicit web links
ok 170 - U05 B2: original source-with-links enhances and round-trips both explicit web links
  ---
  duration_ms: 241.285167
  type: 'test'
  ...
# Subtest: U05 B2: navigation allowlist rejects executable/relative URLs and automatic loads
ok 171 - U05 B2: navigation allowlist rejects executable/relative URLs and automatic loads
  ---
  duration_ms: 4.752666
  type: 'test'
  ...
# Subtest: U05 B2: actual file clicks open isolated navigation; no automatic fetch; links survive save/reopen
ok 172 - U05 B2: actual file clicks open isolated navigation; no automatic fetch; links survive save/reopen
  ---
  duration_ms: 6220.321208
  type: 'test'
  ...
# Subtest: UI01 acceptance 1: offline initial, copied and downloaded files reopen in reading in a fresh process
ok 173 - UI01 acceptance 1: offline initial, copied and downloaded files reopen in reading in a fresh process
  ---
  duration_ms: 4514.768625
  type: 'test'
  ...
# Subtest: UI01 acceptance 2: editor expands context on real selection, closes properties, keeps author DOM and input through mode switches
ok 174 - UI01 acceptance 2: editor expands context on real selection, closes properties, keeps author DOM and input through mode switches
  ---
  duration_ms: 2376.831333
  type: 'test'
  ...
# Subtest: UI01 acceptance 3: audience contains no menu or HUD before/after pointer, Tab, idle and black screen
ok 175 - UI01 acceptance 3: audience contains no menu or HUD before/after pointer, Tab, idle and black screen
  ---
  duration_ms: 4516.88875
  type: 'test'
  ...
# Subtest: UI01 acceptance 4: fullscreen reject/throw and native exit restore prior mode and current page; delayed grant cannot strand fullscreen
ok 176 - UI01 acceptance 4: fullscreen reject/throw and native exit restore prior mode and current page; delayed grant cannot strand fullscreen
  ---
  duration_ms: 3506.77775
  type: 'test'
  ...
# Subtest: UI02 acceptance 1: command-seeded legacy object fixtures adjust through UI and survive actual download / fresh process
ok 177 - UI02 acceptance 1: command-seeded legacy object fixtures adjust through UI and survive actual download / fresh process
  ---
  duration_ms: 6710.785916
  type: 'test'
  ...
# Subtest: UI02 acceptance 2: command fixture placement follows author Flex/Grid/flow and retains positioned author CSS
ok 178 - UI02 acceptance 2: command fixture placement follows author Flex/Grid/flow and retains positioned author CSS
  ---
  duration_ms: 3372.642333
  type: 'test'
  ...
# Subtest: UI02 acceptance 3: protection is bounded, command fixture/duplicate/delete history remains atomic and invalid actions leave content intact
ok 179 - UI02 acceptance 3: protection is bounded, command fixture/duplicate/delete history remains atomic and invalid actions leave content intact
  ---
  duration_ms: 3612.49
  type: 'test'
  ...
# Subtest: UI02 acceptance 4: one labeled SVG menu, keyboard navigation/escape/outside close and focus-safe properties
ok 180 - UI02 acceptance 4: one labeled SVG menu, keyboard navigation/escape/outside close and focus-safe properties # SKIP F01 scope retirement: docs/focused-product/evidence/F01/TEST-MIGRATION.json; not a pass
  ---
  duration_ms: 0.11175
  type: 'test'
  ...
# Subtest: UI03 acceptance 1: long page rail has independent scroll, fixed add footer and unobstructed controls
ok 181 - UI03 acceptance 1: long page rail has independent scroll, fixed add footer and unobstructed controls
  ---
  duration_ms: 4302.770166
  type: 'test'
  ...
# Subtest: UI03 acceptance 2: new pages retain responsive/fixed/Grid declarations across modes, resize and download
ok 182 - UI03 acceptance 2: new pages retain responsive/fixed/Grid declarations across modes, resize and download
  ---
  duration_ms: 8671.933375
  type: 'test'
  ...
# Subtest: UI03 acceptance 3: nested stacking title and image do not overlap; real hit selection, layout, crop, undo and saved content
ok 183 - UI03 acceptance 3: nested stacking title and image do not overlap; real hit selection, layout, crop, undo and saved content
  ---
  duration_ms: 3166.212375
  type: 'test'
  ...
# Subtest: UI03 acceptance 4: keyboard buttons/Alt arrows and drag reorder share undo history, identity and boundaries
ok 184 - UI03 acceptance 4: keyboard buttons/Alt arrows and drag reorder share undo history, identity and boundaries
  ---
  duration_ms: 2100.132375
  type: 'test'
  ...
# Subtest: UI03 audit N01–N03 regression: original 12-page author source, responsive blank page and image hit
ok 185 - UI03 audit N01–N03 regression: original 12-page author source, responsive blank page and image hit
  ---
  duration_ms: 2524.189542
  type: 'test'
  ...
# (node:38380) ExperimentalWarning: The MockTimers API is an experimental feature and might change at any time
# (Use `node --trace-warnings ...` to show where the warning was created)
# Subtest: UI04 A5: 1s debounce, 10s sustained input, default autosave and manual override
ok 186 - UI04 A5: 1s debounce, 10s sustained input, default autosave and manual override
  ---
  duration_ms: 4.013917
  type: 'test'
  ...
# Subtest: UI04 A6: one writer, stale acknowledgement stays dirty and manual queued revision runs with auto off
ok 187 - UI04 A6: one writer, stale acknowledgement stays dirty and manual queued revision runs with auto off
  ---
  duration_ms: 0.399375
  type: 'test'
  ...
# Subtest: UI04 A4/A7/A8: errors latch; composition never serializes partial drafts or writes; retry retains baseline
ok 188 - UI04 A4/A7/A8: errors latch; composition never serializes partial drafts or writes; retry retains baseline
  ---
  duration_ms: 0.88725
  type: 'test'
  ...
# Subtest: UI04 A1/A3/A7/A8: product save panel, wrong same-name document refusal, complete IME download and fresh browser process
ok 189 - UI04 A1/A3/A7/A8: product save panel, wrong same-name document refusal, complete IME download and fresh browser process
  ---
  duration_ms: 3868.394
  type: 'test'
  ...
# Subtest: UI05 acceptance 1: 1440/1024/820/390 reading/editing, mutually exclusive drawers and reachable primary controls
ok 190 - UI05 acceptance 1: 1440/1024/820/390 reading/editing, mutually exclusive drawers and reachable primary controls
  ---
  duration_ms: 6326.15825
  type: 'test'
  ...
# Subtest: UI05 acceptance 2: 200% equivalent layout viewport, large font, coarse 44px targets and table grid
ok 191 - UI05 acceptance 2: 200% equivalent layout viewport, large font, coarse 44px targets and table grid
  ---
  duration_ms: 2159.465209
  type: 'test'
  ...
# Subtest: UI05 acceptance 3: menu arrows/Home/End/Enter/Escape/Tab, focus restoration, edge placement and disclosure semantics
ok 192 - UI05 acceptance 3: menu arrows/Home/End/Enter/Escape/Tab, focus restoration, edge placement and disclosure semantics # SKIP F01 scope retirement: docs/focused-product/evidence/F01/TEST-MIGRATION.json; not a pass
  ---
  duration_ms: 0.10625
  type: 'test'
  ...
# Subtest: UI05 acceptance 4: icon names/tooltips, visible focus, modes and measured important text contrast
ok 193 - UI05 acceptance 4: icon names/tooltips, visible focus, modes and measured important text contrast
  ---
  duration_ms: 1800.474
  type: 'test'
  ...
# Subtest: UI06 A1/A2: product offline four-object history → download → full shutdown → copy → preview/restore → download → fresh read/show/PDF
ok 194 - UI06 A1/A2: product offline four-object history → download → full shutdown → copy → preview/restore → download → fresh read/show/PDF # SKIP F01 scope retirement: docs/focused-product/evidence/F01/TEST-MIGRATION.json; not a pass
  ---
  duration_ms: 0.868417
  type: 'test'
  ...
# Subtest: UI06 A3 evidence contract: native/Safari unknowns cannot inherit headless or bridge passes
ok 195 - UI06 A3 evidence contract: native/Safari unknowns cannot inherit headless or bridge passes
  ---
  duration_ms: 4.583167
  type: 'test'
  ...
# Subtest: UI06 A4 evidence contract: UI feedback and sample aesthetics have separate unfilled human records and vetoes
ok 196 - UI06 A4 evidence contract: UI feedback and sample aesthetics have separate unfilled human records and vetoes
  ---
  duration_ms: 2.240834
  type: 'test'
  ...
# Subtest: UI07 A1: named checkpoints deduplicate; restore is atomic and retains target, later and before-restore states
ok 197 - UI07 A1: named checkpoints deduplicate; restore is atomic and retains target, later and before-restore states
  ---
  duration_ms: 17.6775
  type: 'test'
  ...
# Subtest: UI07 A3: 5 minute generation, count/bytes quotas, named retention and failed pre-restore preserve all history
ok 198 - UI07 A3: 5 minute generation, count/bytes quotas, named retention and failed pre-restore preserve all history
  ---
  duration_ms: 22.6205
  type: 'test'
  ...
# Subtest: UI07 A2/A4: portable wire, shared media across current and checkpoints, lazy decode and independent checkpoints after deletion
ok 199 - UI07 A2/A4: portable wire, shared media across current and checkpoints, lazy decode and independent checkpoints after deletion
  ---
  duration_ms: 24.340792
  type: 'test'
  ...
# Subtest: UI07 A5: truncation, unknown schema, missing resource, bad checkpoint, hostile HTML and expansion limits are isolated
ok 200 - UI07 A5: truncation, unknown schema, missing resource, bad checkpoint, hostile HTML and expansion limits are isolated
  ---
  duration_ms: 22.799333
  type: 'test'
  ...
# Subtest: UI07 A2/A5: CLI re-enhancement preserves opaque history and single-file identity
ok 201 - UI07 A2/A5: CLI re-enhancement preserves opaque history and single-file identity
  ---
  duration_ms: 176.25725
  type: 'test'
  ...
# Subtest: UI07 A1–A6: product controls, actual offline download, copied file in fresh process, preview/restore and media timings
ok 202 - UI07 A1–A6: product controls, actual offline download, copied file in fresh process, preview/restore and media timings # SKIP F01 scope retirement: docs/focused-product/evidence/F01/TEST-MIGRATION.json; not a pass
  ---
  duration_ms: 0.202125
  type: 'test'
  ...
# Subtest: UI07 A3/A5/A6: real disk bridge writes media history; quota never blocks current save; no-history export removes private resources
ok 203 - UI07 A3/A5/A6: real disk bridge writes media history; quota never blocks current save; no-history export removes private resources # SKIP F01 scope retirement: docs/focused-product/evidence/F01/TEST-MIGRATION.json; not a pass
  ---
  duration_ms: 0.129625
  type: 'test'
  ...
# Subtest: UI07 A3/A4/A5: quota measures escaped transport bytes; reference fan-out is bounded before resource expansion
ok 204 - UI07 A3/A4/A5: quota measures escaped transport bytes; reference fan-out is bounded before resource expansion
  ---
  duration_ms: 91.597625
  type: 'test'
  ...
# Subtest: U01 A4 receipts: array and keyed results identify one tarball; malformed or ambiguous output fails
ok 205 - U01 A4 receipts: array and keyed results identify one tarball; malformed or ambiguous output fails
  ---
  duration_ms: 1.840792
  type: 'test'
  ...
# Subtest: U01 A1/A2: three newly authored native pages in one offline runtime, text/image bounds and clean presentation
ok 206 - U01 A1/A2: three newly authored native pages in one offline runtime, text/image bounds and clean presentation
  ---
  duration_ms: 2886.043417
  type: 'test'
  ...
# Subtest: U01 A1: actual text editing, undo/redo, explicit download and new browser process retain the representative source
ok 207 - U01 A1: actual text editing, undo/redo, explicit download and new browser process retain the representative source
  ---
  duration_ms: 4542.008333
  type: 'test'
  ...
# Subtest: U01 A4: actual packed, offline installed and skill-installed instructions equal source
ok 208 - U01 A4: actual packed, offline installed and skill-installed instructions equal source
  ---
  duration_ms: 1028.951708
  type: 'test'
  ...
# Subtest: U01 A3/full-deck: explicit decision gate preserves rejected human status and blocks expansion
ok 209 - U01 A3/full-deck: explicit decision gate preserves rejected human status and blocks expansion
  ---
  duration_ms: 23.000208
  type: 'test'
  ...
# Subtest: U01 FULL A1/A2: nine native pages in one offline runtime, text/image bounds and clean presentation
ok 210 - U01 FULL A1/A2: nine native pages in one offline runtime, text/image bounds and clean presentation
  ---
  duration_ms: 6965.444917
  type: 'test'
  ...
# Subtest: U01 FULL A1: actual text editing, undo/redo, explicit download and new browser process retain the full source
ok 211 - U01 FULL A1: actual text editing, undo/redo, explicit download and new browser process retain the full source
  ---
  duration_ms: 3269.405417
  type: 'test'
  ...
# Subtest: U02 absolute: real pointers, all corners, crop/cancel, transaction undo, siblings and saved restart
ok 212 - U02 absolute: real pointers, all corners, crop/cancel, transaction undo, siblings and saved restart
  ---
  duration_ms: 13696.607666
  type: 'test'
  ...
# Subtest: U02 block: real pointers, all corners, crop/cancel, transaction undo, siblings and saved restart
ok 213 - U02 block: real pointers, all corners, crop/cancel, transaction undo, siblings and saved restart
  ---
  duration_ms: 10781.254458
  type: 'test'
  ...
# Subtest: U02 grid: real pointers, all corners, crop/cancel, transaction undo, siblings and saved restart
ok 214 - U02 grid: real pointers, all corners, crop/cancel, transaction undo, siblings and saved restart
  ---
  duration_ms: 11759.662083
  type: 'test'
  ...
# Subtest: U02 flex: real pointers, all corners, crop/cancel, transaction undo, siblings and saved restart
ok 215 - U02 flex: real pointers, all corners, crop/cancel, transaction undo, siblings and saved restart
  ---
  duration_ms: 9565.59575
  type: 'test'
  ...
# Subtest: U02 insert/replace: portrait, landscape, transparent, tiny and large; frame retention, decoding cancel/error and history
ok 216 - U02 insert/replace: portrait, landscape, transparent, tiny and large; frame retention, decoding cancel/error and history
  ---
  duration_ms: 9487.299458
  type: 'test'
  ...
# U02 coordinates: zoom
# U02 coordinates: cancel drag
# U02 coordinates: text
# U02 coordinates: IME
# U02 coordinates: bounded drag
# U02 coordinates: modes
# Subtest: U02 zoom/scroll/resize, bounded drag, pointer cancellation, text/IME and read/present guards
ok 217 - U02 zoom/scroll/resize, bounded drag, pointer cancellation, text/IME and read/present guards
  ---
  duration_ms: 5587.633083
  type: 'test'
  ...
# Subtest: U02 unsupported transformed author image reports boundary before handles; no accidental multi-image selection
ok 218 - U02 unsupported transformed author image reports boundary before handles; no accidental multi-image selection
  ---
  duration_ms: 844.871333
  type: 'test'
  ...
# Subtest: U02 static multi-page author coordinates survive save and preserve prior image insertion undo chain
ok 219 - U02 static multi-page author coordinates survive save and preserve prior image insertion undo chain
  ---
  duration_ms: 3707.5105
  type: 'test'
  ...
# Subtest: U03 A1/A2/A3: discoverable primary save, explanatory gesture, manual/automatic disk bridge then full browser restart
ok 220 - U03 A1/A2/A3: discoverable primary save, explanatory gesture, manual/automatic disk bridge then full browser restart
  ---
  duration_ms: 5795.749917
  type: 'test'
  ...
# Subtest: U03 A1/A3/A4: unsupported primary action downloads exactly one complete file; cache failure and beforeunload retain dirty state
ok 221 - U03 A1/A3/A4: unsupported primary action downloads exactly one complete file; cache failure and beforeunload retain dirty state
  ---
  duration_ms: 1962.821958
  type: 'test'
  ...
# (node:38629) ExperimentalWarning: The MockTimers API is an experimental feature and might change at any time
# (Use `node --trace-warnings ...` to show where the warning was created)
# Subtest: U03 A4: recovery requires preview, keeps editing and pre-recovery content, cancellation and storage errors are independent of file saves
ok 222 - U03 A4: recovery requires preview, keeps editing and pre-recovery content, cancellation and storage errors are independent of file saves
  ---
  duration_ms: 3472.40625
  type: 'test'
  ...
# Subtest: U03 A4: corrupt recovery does not become a file-write failure; quota cannot block verified manual save
ok 223 - U03 A4: corrupt recovery does not become a file-write failure; quota cannot block verified manual save
  ---
  duration_ms: 0.696916
  type: 'test'
  ...
# Subtest: U03 A2/A4 performance: large raster, real keyboard edits, natural cache quota, crop and verified manual write survive fresh browser
ok 224 - U03 A2/A4 performance: large raster, real keyboard edits, natural cache quota, crop and verified manual write survive fresh browser
  ---
  duration_ms: 17363.181
  type: 'test'
  ...
# Subtest: U03 A4: known cache failure backs off repeated checkpoints, retains cached content and retries on manual save
ok 225 - U03 A4: known cache failure backs off repeated checkpoints, retains cached content and retries on manual save
  ---
  duration_ms: 0.322667
  type: 'test'
  ...
# Subtest: U03 A4: failed disk reread/mount cannot clear unsaved revision or replace the confirmed baseline
ok 226 - U03 A4: failed disk reread/mount cannot clear unsaved revision or replace the confirmed baseline
  ---
  duration_ms: 1222.152375
  type: 'test'
  ...
1..226
# tests 236
# suites 0
# pass 220
# fail 0
# cancelled 0
# skipped 16
# todo 0
# duration_ms 152800.02
