{"name":"contain-percentage","iteration":0,"before":{"x":340,"y":320,"width":300,"height":260},"after":{"x":340,"y":320,"width":300,"height":260},"samples":[{"baselineEqual":false,"afterEqual":true},{"baselineEqual":false,"afterEqual":true},{"baselineEqual":false,"afterEqual":true},{"baselineEqual":false,"afterEqual":true},{"baselineEqual":false,"afterEqual":true}]}
node:internal/modules/run_main:123
    triggerUncaughtException(
    ^

AssertionError [ERR_ASSERTION]: single-capture cross-mode raster bytes
+ actual - expected
... Skipped lines

+ Buffer(1052) [Uint8Array] [
- Buffer(1054) [Uint8Array] [
    137,
    80,
    78,
    71,
    13,
...
    3,
+   209,
-   211,
    73,
    68,
    65,
    84,
    120,
...
    219,
+   191,
+   74,
+   151,
+   81,
+   28,
-   61,
-   106,
-   85,
-   65,
-   24,
    128,
+   241,
+   243,
+   154,
+   67,
+   171,
+   87,
+   80,
+   151,
+   80,
+   180,
+   53,
+   70,
+   83,
+   183,
+   208,
+   216,
+   69,
+   116,
+   11,
+   221,
+   66,
+   13,
+   13,
+   10,
+   45,
+   191,
-   225,
    185,
+   169,
+   189,
-   55,
-   226,
-   79,
-   153,
-   37,
-   184,
-   3,
-   209,
-   206,
-   86,
-   59,
-   215,
-   96,
-   233,
-   26,
-   220,
-   130,
-   91,
-   16,
-   4,
-   193,
-   32,
    22,
+   157,
-   183,
-   179,
-   182,
-   178,
-   178,
-   72,
-   26,
-   193,
-   20,
-   182,
-   10,
-   17,
-   155,
-   128,
-   137,
-   73,
    132,
+   108,
+   143,
+   48,
+   104,
+   16,
+   210,
+   212,
+   64,
+   176,
+   188,
+   3,
+   197,
+   56,
+   143,
+   198,
+   231,
+   195,
+   25,
+   95,
+   120,
+   255,
+   124,
+   121,
+   120,
-   96,
-   12,
-   174,
-   32,
-   33,
-   50,
-   175,
-   9,
    207,
+   114,
+   214,
+   15,
+   143,
+   142,
-   195,
-   41,
    7,
+   208,
+   89,
+   27,
+   64,
+   74,
-   134,
-   225,
-   227,
-   61,
-   231,
-   52,
-   115,
-   109,
-   111,
-   255,
-   96,
-   0,
-   157,
-   229,
-   0,
-   82,
-   34,
    132,
+   16,
+   19,
+   33,
+   196,
+   68,
-   152,
    8,
+   49,
+   17,
-   33,
-   38,
    66,
+   76,
+   132,
-   136,
-   137,
    16,
+   19,
+   33,
+   196,
+   68,
-   98,
-   34,
-   132,
-   152,
    8,
+   49,
+   17,
-   33,
-   38,
    66,
+   76,
+   132,
-   136,
-   137,
    16,
+   19,
+   33,
+   196,
+   68,
-   98,
-   34,
-   132,
-   152,
    8,
+   49,
+   17,
-   33,
-   38,
    66,
+   76,
+   132,
-   136,
-   137,
    16,
+   19,
+   33,
+   196,
+   68,
-   98,
-   34,
-   132,
-   152,
    8,
+   49,
+   17,
-   33,
-   38,
    66,
+   76,
+   132,
-   136,
-   137,
    16,
+   19,
+   33,
+   196,
+   68,
-   98,
-   34,
-   132,
-   152,
    8,
+   49,
+   17,
-   33,
-   38,
    66,
+   76,
+   132,
-   136,
-   137,
    16,
+   19,
+   33,
+   196,
+   68,
-   98,
-   34,
-   132,
-   152,
    8,
+   49,
+   17,
-   33,
-   38,
    66,
+   76,
+   132,
-   136,
-   137,
    16,
+   19,
+   33,
+   196,
+   68,
-   98,
-   34,
-   132,
-   152,
    8,
+   49,
+   17,
-   33,
-   38,
    66,
+   76,
+   132,
-   136,
-   137,
    16,
+   19,
+   33,
+   196,
+   68,
-   98,
-   34,
-   132,
-   152,
    8,
+   49,
+   17,
-   33,
-   38,
    66,
+   76,
+   132,
-   136,
-   137,
    16,
+   19,
+   33,
+   196,
+   68,
-   98,
-   34,
-   132,
-   152,
    8,
+   49,
+   17,
-   33,
-   38,
    66,
+   76,
+   132,
-   136,
-   137,
    16,
+   19,
+   33,
+   196,
+   150,
+   237,
+   167,
+   143,
+   198,
+   68,
+   171,
+   211,
+   141,
+   213,
+   201,
+   198,
+   152,
+   104,
+   251,
+   213,
+   203,
+   49,
+   209,
+   230,
+   193,
+   206,
+   214,
+   193,
+   206,
+   152,
+   232,
+   245,
+   106,
+   234,
+   237,
+   76,
+   240,
+   159,
+   243,
+   39,
-   98,
-   34,
    132,
    152,
    8,
    33,
+   38,
-   182,
-   216,
-   124,
-   120,
-   111,
-   76,
-   180,
-   58,
-   90,
-   95,
-   29,
-   174,
-   143,
-   137,
-   54,
-   159,
-   61,
-   29,
-   19,
-   189,
-   218,
-   221,
-   218,
-   216,
-   221,
-   26,
-   19,
-   61,
-   95,
-   77,
-   221,
-   206,
-   4,
-   255,
-   57,
-   95,
    66,
    136,
    137,
    16,
    98,
...
    33,
+   182,
+   108,
+   63,
+   125,
+   116,
+   201,
+   75,
+   31,
+   190,
+   255,
-   38,
-   66,
-   136,
-   137,
-   16,
-   98,
-   139,
-   205,
-   135,
-   247,
-   206,
    184,
+   172,
+   175,
+   143,
+   107,
+   59,
+   31,
+   83,
+   173,
+   45,
-   244,
-   206,
-   219,
-   247,
    203,
+   152,
+   232,
-   235,
-   55,
-   198,
-   197,
-   156,
    252,
+   98,
+   77,
    125,
+   197,
+   101,
+   242,
+   7,
+   189,
-   102,
-   90,
-   91,
-   78,
-   125,
-   209,
-   252,
-   30,
-   39,
-   39,
-   115,
-   79,
-   184,
-   156,
-   187,
-   223,
-   37,
    157,
+   19,
+   60,
+   254,
+   242,
+   245,
+   247,
+   183,
+   31,
+   151,
+   185,
+   114,
+   243,
+   96,
+   103,
+   235,
+   96,
+   103,
+   76,
+   116,
+   133,
+   168,
+   150,
+   181,
+   181,
-   224,
-   193,
-   231,
-   175,
    191,
+   107,
+   92,
+   219,
+   212,
+   38,
+   166,
-   190,
-   124,
-   63,
-   203,
-   202,
-   87,
-   187,
    91,
+   46,
-   27,
-   187,
-   91,
-   99,
-   162,
-   107,
-   103,
-   95,
-   186,
-   88,
-   174,
-   45,
    214,
+   220,
+   87,
+   156,
+   254,
+   65,
+   111,
+   229,
+   4,
+   111,
+   240,
+   67,
+   219,
+   142,
-   214,
-   198,
-   197,
-   44,
-   198,
-   21,
-   183,
-   60,
-   61,
-   226,
-   149,
-   62,
-   228,
-   149,
-   159,
-   224,
-   124,
-   126,
-   71,
-   33,
-   38,
    66,
+   76,
+   132,
-   136,
-   137,
    16,
+   19,
+   33,
+   196,
+   68,
-   98,
-   34,
-   132,
-   152,
    8,
+   49,
+   17,
-   33,
-   38,
    66,
+   76,
+   132,
-   136,
-   137,
    16,
+   19,
+   33,
+   196,
+   68,
-   98,
-   34,
-   132,
-   152,
    8,
+   49,
+   17,
-   33,
-   38,
    66,
+   76,
+   132,
-   136,
-   137,
    16,
+   19,
+   33,
+   196,
+   68,
-   98,
-   34,
-   132,
-   152,
    8,
+   49,
+   17,
-   33,
-   38,
    66,
+   76,
+   132,
+   16,
+   187,
+   194,
+   81,
+   166,
+   253,
+   119,
+   111,
-   136,
-   157,
-   227,
-   42,
-   211,
-   206,
-   155,
    151,
+   59,
+   119,
+   198,
+   245,
-   23,
-   191,
-   202,
-   180,
-   125,
    124,
+   62,
+   187,
+   187,
+   119,
+   118,
+   119,
+   76,
+   244,
+   226,
-   107,
-   251,
-   248,
-   230,
-   152,
-   232,
    201,
+   227,
+   49,
+   209,
+   238,
+   233,
+   254,
+   238,
+   201,
+   254,
-   131,
-   251,
-   99,
-   162,
-   143,
-   71,
-   59,
-   167,
-   207,
    152,
    232,
+   217,
+   222,
+   247,
+   49,
    209,
+   45,
+   157,
+   224,
+   217,
+   207,
+   95,
-   167,
-   169,
-   219,
-   93,
-   210,
-   9,
-   30,
-   255,
-   248,
-   57,
-   254,
-   87,
-   231,
-   136,
-   240,
-   219,
-   235,
-   23,
    227,
+   166,
+   186,
+   74,
+   132,
+   91,
-   194,
-   222,
-   29,
-   173,
-   175,
-   14,
-   215,
-   199,
-   68,
-   143,
    111,
+   198,
+   181,
+   125,
+   56,
+   221,
+   88,
+   157,
+   108,
+   140,
+   137,
+   158,
    223,
+   187,
+   63,
+   38,
+   250,
+   52,
+   253,
+   72,
+   232,
+   131,
+   213,
+   212,
+   219,
+   253,
+   247,
-   30,
    19,
+   156,
+   207,
-   125,
-   152,
-   126,
-   37,
-   244,
-   238,
-   106,
-   234,
    118,
+   20,
+   98,
+   34,
+   132,
-   87,
-   126,
-   130,
-   243,
-   249,
-   29,
-   133,
    152,
    8,
    33,
    38,
    66,
...
    132,
-   152,
-   8,
-   33,
-   182,
    216,
+   114,
+   120,
+   116,
+   60,
+   128,
+   142,
-   219,
    63,
+   33,
+   196,
+   68,
-   24,
-   64,
-   199,
-   151,
-   16,
-   98,
-   34,
-   132,
-   152,
    8,
+   49,
+   17,
-   33,
-   38,
    66,
+   76,
+   132,
-   136,
-   137,
    16,
+   19,
+   33,
+   196,
+   68,
-   98,
-   34,
-   132,
-   152,
    8,
+   49,
+   17,
-   33,
-   38,
    66,
+   76,
+   132,
-   136,
-   137,
    16,
+   19,
+   33,
+   196,
+   68,
-   98,
-   34,
-   132,
-   152,
    8,
+   49,
+   17,
-   33,
-   38,
    66,
+   76,
+   132,
+   16,
+   251,
+   3,
-   136,
-   253,
-   1,
    0,
    0,
    255,
    255,
+   253,
+   15,
+   179,
+   60,
-   9,
-   104,
-   115,
-   48,
    0,
    0,
    0,
    6,
    73,
...
    0,
+   154,
+   3,
+   88,
+   182,
+   54,
+   185,
+   21,
+   18,
-   63,
-   34,
-   92,
-   209,
-   194,
-   57,
-   225,
-   13,
    0,
    0,
    0,
    0,
    73,

    at file:///private/tmp/ppte8/docs/audits/2026-09-08-main-52e3bf0/evidence/DLV/verification/fix-round/compositor-probe.mjs:15:84 {
  generatedMessage: false,
  code: 'ERR_ASSERTION',
  actual: Buffer(1052) [Uint8Array] [
    137,  80,  78,  71,  13,  10,  26,  10,   0,   0,   0,  13,
     73,  72,  68,  82,   0,   0,   1,  44,   0,   0,   1,   4,
      8,   2,   0,   0,   0,  29, 224, 158, 121,   0,   0,   3,
    209,  73,  68,  65,  84, 120, 156, 236, 219, 191,  74, 151,
     81,  28, 128, 241, 243, 154,  67, 171,  87,  80, 151,  80,
    180,  53,  70,  83, 183, 208, 216,  69, 116,  11, 221,  66,
     13,  13,  10,  45, 191, 185, 169, 189,  22, 157, 132, 108,
    143,  48, 104,  16, 210, 212,  64, 176, 188,   3, 197,  56,
    143, 198, 231, 195,
    ... 952 more items
  ],
  expected: Buffer(1054) [Uint8Array] [
    137,  80,  78,  71,  13,  10,  26,  10,   0,   0,   0,  13,
     73,  72,  68,  82,   0,   0,   1,  44,   0,   0,   1,   4,
      8,   2,   0,   0,   0,  29, 224, 158, 121,   0,   0,   3,
    211,  73,  68,  65,  84, 120, 156, 236, 219,  61, 106,  85,
     65,  24, 128, 225, 185,  55, 226,  79, 153,  37, 184,   3,
    209, 206,  86,  59, 215,  96, 233,  26, 220, 130,  91,  16,
      4, 193,  32,  22, 183, 179, 182, 178, 178,  72,  26, 193,
     20, 182,  10,  17, 155, 128, 137,  73, 132,  96,  12, 174,
     32,  33,  50, 175,
    ... 954 more items
  ],
  operator: 'deepStrictEqual',
  diff: 'simple'
}

Node.js v22.23.2
