40,
  -   24,
  -   5,
      0,
  +   25,
  +   49,
  +   10,
  +   0,
  +   64,
  -   32,
  -   35,
      70,
  +   140,
  +   2,
  -   1,
      0,
  +   144,
  +   17,
  +   163,
  -   200,
  -   136,
  -   81,
      0,
      0,
  +   100,
  +   196,
  +   40,
  -   50,
  -   98,
  -   20,
      0,
  +   0,
  +   25,
  +   49,
  +   10,
  +   0,
  +   64,
  +   70,
  -   128,
      140,
  +   2,
  -   24,
  -   5,
      0,
  +   144,
  +   17,
  +   58,
  +   155,
  -   32,
  -   35,
  -   70,
      1,
  +   120,
      0,
  -   200,
  -   136,
  -   177,
  -   180,
  -   175,
  -   46,
      0,
      0,
  +   48,
  -   0,
  -   62,
      73,
      68,
      65,
      84,
  +   163,
  -   81,
      0,
      0,
  +   100,
  +   196,
  +   40,
  -   50,
  -   98,
  -   20,
      0,
  -   128,
  -   140,
  -   24,
  -   5,
      0,
  +   25,
  +   49,
  +   10,
  +   0,
  +   64,
  -   32,
  -   35,
      70,
  +   140,
  +   2,
  -   1,
      0,
  +   144,
  +   17,
  +   163,
  -   200,
  -   136,
  -   81,
      0,
      0,
  +   100,
  +   196,
  +   40,
  -   50,
  -   98,
  -   20,
      0,
  -   128,
  -   140,
  -   24,
  -   5,
      0,
  +   25,
  +   49,
  +   10,
  +   0,
  +   64,
  -   32,
  -   35,
      70,
  +   140,
  +   2,
  -   1,
      0,
  +   144,
  +   17,
  +   163,
  -   200,
  -   136,
  -   81,
      0,
      0,
  +   100,
  +   254,
  +   6,
  -   50,
  -   98,
  -   20,
      0,
  -   128,
  -   140,
  -   24,
  -   5,
      0,
  -   32,
  -   35,
  -   70,
  -   1,
  -   0,
  -   200,
  -   252,
  -   13,
  -   0,
  -   0,
      255,
      255,
  +   25,
  +   251,
  +   200,
  +   62,
  -   91,
  -   120,
  -   115,
  -   126,
      0,
      0,
      0,
      6,
      73,
  ...
      0,
  +   85,
  +   4,
  +   157,
  +   15,
  +   25,
  +   232,
  +   213,
  +   228,
  -   169,
  -   139,
  -   159,
  -   20,
  -   135,
  -   98,
  -   139,
  -   40,
      0,
      0,
      0,
      0,
      73,
  
      at TestContext.<anonymous> (file:///private/tmp/ppte8/dist/tests/audit-followup-r03.test.js:70:24)
      at async Test.run (node:internal/test_runner/test:1389:7)
      at async Test.processPendingSubtests (node:internal/test_runner/test:960:7) {
    generatedMessage: false,
    code: 'ERR_ASSERTION',
    actual: <Buffer 89 50 4e 47 0d 0a 1a 0a 00 00 00 0d 49 48 44 52 00 00 03 84 00 00 03 0c 08 02 00 00 00 84 cf fe d9 00 00 10 00 49 44 41 54 78 9c ec d9 bb 8a 5d 65 00 ... 4181 more bytes>,
    expected: <Buffer 89 50 4e 47 0d 0a 1a 0a 00 00 00 0d 49 48 44 52 00 00 03 84 00 00 03 0c 08 02 00 00 00 84 cf fe d9 00 00 10 00 49 44 41 54 78 9c ec d9 bd 8a 5d 55 18 ... 4195 more bytes>,
    operator: 'deepStrictEqual',
    diff: 'simple'
  }
[ELIFECYCLE] Test failed. See above for more details.
$ node scripts/build-html.mjs && tsc --noEmit
$ node scripts/build-html.mjs --clean && tsc -p tsconfig.build.json
$ pnpm build && node --test dist/tests/*.test.js
$ node scripts/build-html.mjs --clean && tsc -p tsconfig.build.json
