TAP version 13
# Subtest: GAPS N04: fixed sRGB rasterization preserves original >4000 gates and rejects missing red, blue, and image
ok 1 - GAPS N04: fixed sRGB rasterization preserves original >4000 gates and rejects missing red, blue, and image
  ---
  duration_ms: 2020.163125
  type: 'test'
  ...
# Subtest: GAPS A4: real navigation, image edit undo, versions, download/reopen, presentation and PDF demand/release
ok 2 - GAPS A4: real navigation, image edit undo, versions, download/reopen, presentation and PDF demand/release
  ---
  duration_ms: 3231.830791
  type: 'test'
  ...
# Subtest: GAPS S04: real mouse/keyboard measurements report the unchanged 50/100ms gates, including unmet targets
ok 3 - GAPS S04: real mouse/keyboard measurements report the unchanged 50/100ms gates, including unmet targets
  ---
  duration_ms: 15851.252417
  type: 'test'
  ...
1..3
# tests 3
# suites 0
# pass 3
# fail 0
# cancelled 0
# skipped 0
# todo 0
# duration_ms 21287.631083
