TAP version 13
# Subtest: GAPS N04: fixed sRGB rasterization preserves original >4000 gates and rejects missing red, blue, and image
ok 1 - GAPS N04: fixed sRGB rasterization preserves original >4000 gates and rejects missing red, blue, and image
  ---
  duration_ms: 2069.65275
  type: 'test'
  ...
# Subtest: GAPS A4: real navigation, image edit undo, versions, download/reopen, presentation and PDF demand/release
not ok 2 - GAPS A4: real navigation, image edit undo, versions, download/reopen, presentation and PDF demand/release
  ---
  duration_ms: 1831.952917
  type: 'test'
  location: '/private/tmp/ppte8/dist/tests/r8-gaps.test.js:40:1'
  failureType: 'testCodeFailure'
  error: |-
    locator.click: Error: strict mode violation: getByRole('button', { name: '预览', exact: true }) resolved to 2 elements:
        1) <button type="button">预览</button> aka locator('section').filter({ hasText: 'Media checkpoint · 2026/9/7' }).getByRole('button')
        2) <button type="button">预览</button> aka locator('section').filter({ hasText: '未命名版本 · 2026/9/7 17:29:57' }).getByRole('button')
    
    Call log:
    [2m  - waiting for getByRole('button', { name: '预览', exact: true })[22m
    
  code: 'ERR_TEST_FAILURE'
  stack: |-
    TestContext.<anonymous> (/private/tmp/ppte8/dist/tests/r8-gaps.test.js:86:69)
  ...
1..2
# tests 2
# suites 0
# pass 1
# fail 1
# cancelled 0
# skipped 0
# todo 0
# duration_ms 4087.681291
