TAP version 13
# Subtest: H01 acceptance 1: native Grid/Flex/SVG/font hierarchy and nested resources retain computed layout and exact pixels
ok 1 - H01 acceptance 1: native Grid/Flex/SVG/font hierarchy and nested resources retain computed layout and exact pixels
  ---
  duration_ms: 1087.476875
  type: 'test'
  ...
# Subtest: H01 acceptance 1: deterministic IDs reserve author identities, repair duplicates and preserve nested template escaping
ok 2 - H01 acceptance 1: deterministic IDs reserve author identities, repair duplicates and preserve nested template escaping
  ---
  duration_ms: 63.014083
  type: 'test'
  ...
# Subtest: H01 acceptance 2: 100 actual browser serialize/write/close/reopen cycles retain one payload and no editing residue
ok 3 - H01 acceptance 2: 100 actual browser serialize/write/close/reopen cycles retain one payload and no editing residue
  ---
  duration_ms: 12301.025584
  type: 'test'
  ...
# Subtest: H01 acceptance 2: sanitizer reports executable content; runtime sandbox/CSP block independent script/event/network/navigation attempts
ok 4 - H01 acceptance 2: sanitizer reports executable content; runtime sandbox/CSP block independent script/event/network/navigation attempts
  ---
  duration_ms: 317.842375
  type: 'test'
  ...
# Subtest: H01 acceptance 2: safe serialization fails closed for executable CSS, SVG data, remote resource and malformed metadata
ok 5 - H01 acceptance 2: safe serialization fails closed for executable CSS, SVG data, remote resource and malformed metadata
  ---
  duration_ms: 22.645959
  type: 'test'
  ...
# Subtest: H01 acceptance 3: offline CLI with no PATH/keys/browser writes exactly one HTML and <=1KB summary
ok 6 - H01 acceptance 3: offline CLI with no PATH/keys/browser writes exactly one HTML and <=1KB summary
  ---
  duration_ms: 154.732833
  type: 'test'
  ...
# Subtest: H01 acceptance 3: rejection creates no output; local resource root, symlinks, missing resources and import cycles fail explicitly
ok 7 - H01 acceptance 3: rejection creates no output; local resource root, symlinks, missing resources and import cycles fail explicitly
  ---
  duration_ms: 54.740542
  type: 'test'
  ...
# Subtest: H01 acceptance 4: actual bundled CLI/runtime import graphs exclude old representations; all three H00 drafts enhance directly
ok 8 - H01 acceptance 4: actual bundled CLI/runtime import graphs exclude old representations; all three H00 drafts enhance directly
  ---
  duration_ms: 79.197959
  type: 'test'
  ...
# Subtest: H01 acceptance 1/3: embedded SVG references preserve fragment identity and diagnostics obey byte limits
ok 9 - H01 acceptance 1/3: embedded SVG references preserve fragment identity and diagnostics obey byte limits
  ---
  duration_ms: 37.380292
  type: 'test'
  ...
# Subtest: H04 acceptance 1/2: clean audience, idle controls, black pixels, steps, media clicks, fullscreen denial and Escape restore
not ok 10 - H04 acceptance 1/2: clean audience, idle controls, black pixels, steps, media clicks, fullscreen denial and Escape restore
  ---
  duration_ms: 4028.614625
  type: 'test'
  location: '/private/tmp/ppte8/dist/tests/html-player.test.js:26:1'
  failureType: 'testCodeFailure'
  error: |-
    Expected values to be strictly equal:
    
    false !== true
    
  code: 'ERR_ASSERTION'
  name: 'AssertionError'
  expected: true
  actual: false
  operator: 'strictEqual'
  stack: |-
    TestContext.<anonymous> (file:///private/tmp/ppte8/dist/tests/html-player.test.js:66:16)
    async Test.run (node:internal/test_runner/test:1054:7)
    async startSubtestAfterBootstrap (node:internal/test_runner/harness:296:3)
  ...
# Subtest: H04 acceptance 2: blocked presenter leaves audience usable; real popup has notes/next preview and shared navigation
ok 11 - H04 acceptance 2: blocked presenter leaves audience usable; real popup has notes/next preview and shared navigation
  ---
  duration_ms: 1117.859292
  type: 'test'
  ...
# Subtest: H04 acceptance 3: actual browser PDF has two sized pages, selectable revealed text, no editor UI and print restores content
ok 12 - H04 acceptance 3: actual browser PDF has two sized pages, selectable revealed text, no editor UI and print restores content
  ---
  duration_ms: 838.53925
  type: 'test'
  ...
# Subtest: H04 acceptance 4: generation and reading create only HTML; new export/runtime graph excludes retired formats
ok 13 - H04 acceptance 4: generation and reading create only HTML; new export/runtime graph excludes retired formats
  ---
  duration_ms: 843.451709
  type: 'test'
  ...
# Subtest: H04 actual fullscreen exit, Grid slide layout, print from presentation, mount and read return
ok 14 - H04 actual fullscreen exit, Grid slide layout, print from presentation, mount and read return
  ---
  duration_ms: 1027.60625
  type: 'test'
  ...
# Subtest: GAPS N04: fixed sRGB rasterization preserves original >4000 gates and rejects missing red, blue, and image
ok 15 - GAPS N04: fixed sRGB rasterization preserves original >4000 gates and rejects missing red, blue, and image
  ---
  duration_ms: 2587.963625
  type: 'test'
  ...
# Subtest: GAPS A4: real navigation, image edit undo, versions, download/reopen, presentation and PDF demand/release
ok 16 - GAPS A4: real navigation, image edit undo, versions, download/reopen, presentation and PDF demand/release
  ---
  duration_ms: 4708.820666
  type: 'test'
  ...
# Subtest: GAPS S04: real mouse/keyboard measurements report the unchanged 50/100ms gates, including unmet targets
ok 17 - GAPS S04: real mouse/keyboard measurements report the unchanged 50/100ms gates, including unmet targets
  ---
  duration_ms: 20328.06075
  type: 'test'
  ...
# Subtest: S06 table: SHA-256 vectors, legacy identity, dedup, stable references, missing/corrupt resources, no CSP expansion
ok 18 - S06 table: SHA-256 vectors, legacy identity, dedup, stable references, missing/corrupt resources, no CSP expansion
  ---
  duration_ms: 58.955958
  type: 'test'
  ...
# Subtest: S06 file journey: mixed ratios, insert/replace/focus/reset, guarded history, download/reopen, print and speaker
ok 19 - S06 file journey: mixed ratios, insert/replace/focus/reset, guarded history, download/reopen, print and speaker
  ---
  duration_ms: 3992.40125
  type: 'test'
  ...
1..19
# tests 19
# suites 0
# pass 18
# fail 1
# cancelled 0
# skipped 0
# todo 0
# duration_ms 27859.580125
