TAP version 13
# Subtest: S07 continuous file journey: offline download, browser shutdown, fresh reopen, presentation and optional PDF
ok 1 - S07 continuous file journey: offline download, browser shutdown, fresh reopen, presentation and optional PDF
  ---
  duration_ms: 2287.286667
  type: 'test'
  ...
# Subtest: S06 table: SHA-256 vectors, legacy identity, dedup, stable references, missing/corrupt resources, no CSP expansion
ok 2 - S06 table: SHA-256 vectors, legacy identity, dedup, stable references, missing/corrupt resources, no CSP expansion
  ---
  duration_ms: 50.194583
  type: 'test'
  ...
# Subtest: S06 file journey: mixed ratios, insert/replace/focus/reset, guarded history, download/reopen, print and speaker
ok 3 - S06 file journey: mixed ratios, insert/replace/focus/reset, guarded history, download/reopen, print and speaker
  ---
  duration_ms: 3775.135666
  type: 'test'
  ...
1..3
# tests 3
# suites 0
# pass 3
# fail 0
# cancelled 0
# skipped 0
# todo 0
# duration_ms 4026.6595
