TAP version 13
# Subtest: F04A acceptance 1–3: replay real PDFs, full text, fonts, colors and frozen input integrity
    # Subtest: PDFKit reopens and re-extracts every candidate page; negative controls really discriminate
    ok 1 - PDFKit reopens and re-extracts every candidate page; negative controls really discriminate
      ---
      duration_ms: 17736.278833
      type: 'test'
      ...
    1..1
ok 1 - F04A acceptance 1–3: replay real PDFs, full text, fonts, colors and frozen input integrity
  ---
  duration_ms: 17747.983958
  type: 'test'
  ...
# Subtest: F04A acceptance 3: installed Chrome really exports frozen file:// fixture offline; not a product PDF action
ok 2 - F04A acceptance 3: installed Chrome really exports frozen file:// fixture offline; not a product PDF action
  ---
  duration_ms: 566.312584
  type: 'test'
  ...
# Subtest: F04A acceptance 2: every human selection and physical-browser requirement remains explicitly pending
ok 3 - F04A acceptance 2: every human selection and physical-browser requirement remains explicitly pending
  ---
  duration_ms: 3.5085
  type: 'test'
  ...
# Subtest: F04A acceptance 4: only external qualification requires HOLD; neither qualified cannot enable F04
ok 4 - F04A acceptance 4: only external qualification requires HOLD; neither qualified cannot enable F04
  ---
  duration_ms: 1.178667
  type: 'test'
  ...
1..4
# tests 5
# suites 0
# pass 5
# fail 0
# cancelled 0
# skipped 0
# todo 0
# duration_ms 18496.700916
