TAP version 13
# Subtest: F04A acceptance 1–3: replay real PDFs, full text, fonts, colors and frozen input integrity
    # Subtest: PDFKit reopens and re-extracts every candidate page; negative controls really discriminate
    not ok 1 - PDFKit reopens and re-extracts every candidate page; negative controls really discriminate
      ---
      duration_ms: 1659.846958
      type: 'test'
      location: '/private/tmp/ppte8/dist/tests/f04a-pdf-route.test.js:38:13'
      failureType: 'testCodeFailure'
      error: |-
        The expression evaluated to a falsy value:
        
          assert.ok(actual.every((p) => p.characters.length > 0 && p.fonts.length > 0))
        
      code: 'ERR_ASSERTION'
      name: 'AssertionError'
      expected: true
      actual: false
      operator: '=='
      stack: |-
        TestContext.<anonymous> (file:///private/tmp/ppte8/dist/tests/f04a-pdf-route.test.js:55:24)
        async Test.run (node:internal/test_runner/test:1054:7)
        async TestContext.<anonymous> (file:///private/tmp/ppte8/dist/tests/f04a-pdf-route.test.js:38:5)
        async Test.run (node:internal/test_runner/test:1054:7)
        async startSubtestAfterBootstrap (node:internal/test_runner/harness:296:3)
      ...
    1..1
not ok 1 - F04A acceptance 1–3: replay real PDFs, full text, fonts, colors and frozen input integrity
  ---
  duration_ms: 1671.908125
  type: 'test'
  location: '/private/tmp/ppte8/dist/tests/f04a-pdf-route.test.js:14:1'
  failureType: 'subtestsFailed'
  error: '1 subtest failed'
  code: 'ERR_TEST_FAILURE'
  ...
# Subtest: F04A acceptance 3: installed Chrome really exports frozen file:// fixture offline; not a product PDF action
ok 2 - F04A acceptance 3: installed Chrome really exports frozen file:// fixture offline; not a product PDF action
  ---
  duration_ms: 566.53375
  type: 'test'
  ...
# Subtest: F04A acceptance 2: every human selection and physical-browser requirement remains explicitly pending
ok 3 - F04A acceptance 2: every human selection and physical-browser requirement remains explicitly pending
  ---
  duration_ms: 3.711959
  type: 'test'
  ...
# Subtest: F04A acceptance 4: only external qualification requires HOLD; neither qualified cannot enable F04
ok 4 - F04A acceptance 4: only external qualification requires HOLD; neither qualified cannot enable F04
  ---
  duration_ms: 0.901917
  type: 'test'
  ...
1..4
# tests 5
# suites 0
# pass 3
# fail 2
# cancelled 0
# skipped 0
# todo 0
# duration_ms 2414.768625
