TAP version 13
# Subtest: U01 FULL A1/A2: nine native pages in one offline runtime, text/image bounds and clean presentation
ok 1 - U01 FULL A1/A2: nine native pages in one offline runtime, text/image bounds and clean presentation
  ---
  duration_ms: 6517.03125
  type: 'test'
  ...
# Subtest: U01 FULL A1: actual text editing, undo/redo, explicit download and new browser process retain the full source
ok 2 - U01 FULL A1: actual text editing, undo/redo, explicit download and new browser process retain the full source
  ---
  duration_ms: 2280.042125
  type: 'test'
  ...
1..2
# tests 2
# suites 0
# pass 2
# fail 0
# cancelled 0
# skipped 0
# todo 0
# duration_ms 8986.850333
