✔ H01 acceptance 1: native Grid/Flex/SVG/font hierarchy and nested resources retain computed layout and exact pixels (392.483292ms)
✔ H01 acceptance 1: deterministic IDs reserve author identities, repair duplicates and preserve nested template escaping (33.703709ms)
✔ H01 acceptance 2: 100 actual browser serialize/write/close/reopen cycles retain one payload and no editing residue (8164.427625ms)
✔ H01 acceptance 2: sanitizer reports executable content; runtime sandbox/CSP block independent script/event/network/navigation attempts (271.37475ms)
✔ H01 acceptance 2: safe serialization fails closed for executable CSS, SVG data, remote resource and malformed metadata (13.888625ms)
✔ H01 acceptance 3: offline CLI with no PATH/keys/browser writes exactly one HTML and <=1KB summary (162.150792ms)
✔ H01 acceptance 3: rejection creates no output; local resource root, symlinks, missing resources and import cycles fail explicitly (55.809709ms)
✔ H01 acceptance 4: actual bundled CLI/runtime import graphs exclude old representations; all three H00 drafts enhance directly (65.861333ms)
✔ H01 acceptance 1/3: embedded SVG references preserve fragment identity and diagnostics obey byte limits (14.506375ms)
✔ H02 acceptance 1: original path autosave, close/reopen and service restart preserve text with no download (2179.822083ms)
✔ H02 acceptance 2: OS read-only, ENOSPC fault, interrupted replace retain original and recoverable version (121.174792ms)
✔ H02 acceptance 2: two services/windows serialize one winner and detect external Agent edits at replace (84.779666ms)
✔ H02 acceptance 2: kill process before rename, restart recovers stale lock and preserves original (137.739541ms)
✔ H02 acceptance 2/3: browser two-window conflict keeps draft; explicit reread and retry after network failure (2886.480417ms)
✔ H02 acceptance 3: IME does not save half composition; 800ms pause and delayed acknowledgement remain dirty/saving (2049.285583ms)
✔ H02 acceptance 2/3: two real windows retain the failed draft after the other file save is acknowledged (2056.003208ms)
✔ H02 acceptance 2/3: a delayed acknowledgement never deletes another window recovery draft (0.384625ms)
✔ H02 acceptance 3: edits during in-flight save remain queued; draft base matching, quotas and copied identity (0.175458ms)
✔ H02 acceptance 2/3: File System Access permission revoked, conflict, failed close and confirmation (API contract test) (1.164209ms)
✔ H02 acceptance 4: loopback bind, hostile Origin/Host, no token, traversal, arbitrary fields and unsafe content rejected (38.633333ms)
✔ H02 acceptance 5: real installed Chrome file URL shows limitation, keeps draft and never claims file save (1722.136042ms)
✔ H02 acceptance 5: Safari actual WebDriver journey or explicit blocked evidence (not simulated Safari) (248.489791ms)
✔ H02 acceptance 1/4: packaged npm install exposes ppte edit, stable restart URL and multiple file mappings (1634.434042ms)
✔ H02 acceptance 2: history bounded by count and rejected restoration paths never write (377.212292ms)
✔ H02 acceptance 2: actual bounded full disk returns ENOSPC without replacing original (macOS HFS+) (1644.905375ms)
✔ H02 acceptance 2/3: failed-save draft survives page close, restores on matching file base and flushes to original (2010.631167ms)
ℹ tests 26
ℹ suites 0
ℹ pass 26
ℹ fail 0
ℹ cancelled 0
ℹ skipped 0
ℹ todo 0
ℹ duration_ms 17377.703959
