TAP version 13
# Subtest: F05 A1/A2: scoped controls, no retired menu/gutter, honest PDF state, navigation endpoints and keyboard focus
ok 1 - F05 A1/A2: scoped controls, no retired menu/gutter, honest PDF state, navigation endpoints and keyboard focus
  ---
  duration_ms: 3241.93025
  type: 'test'
  ...
# Subtest: F05 A1/A2/A3: same Cherry draft at 1440/1024/390, unclipped centered page, inspector, save status and pure presentation
ok 2 - F05 A1/A2/A3: same Cherry draft at 1440/1024/390, unclipped centered page, inspector, save status and pure presentation
  ---
  duration_ms: 5990.457416
  type: 'test'
  ...
# Subtest: F05 A3: 40-page rail scrolls independently; last page/add footer and keyboard reorder remain reachable at desktop and narrow width
ok 3 - F05 A3: 40-page rail scrolls independently; last page/add footer and keyboard reorder remain reachable at desktop and narrow width
  ---
  duration_ms: 3190.757583
  type: 'test'
  ...
1..3
# tests 3
# suites 0
# pass 3
# fail 0
# cancelled 0
# skipped 0
# todo 0
# duration_ms 12619.180291
