TAP version 13
# Subtest: F05 A1/A2: scoped controls, no retired menu/gutter, honest PDF state, navigation endpoints and keyboard focus
ok 1 - F05 A1/A2: scoped controls, no retired menu/gutter, honest PDF state, navigation endpoints and keyboard focus
  ---
  duration_ms: 2330.664625
  type: 'test'
  ...
# Subtest: F05 A1/A2/A3: same Cherry draft at 1440/1024/390, unclipped centered page, inspector, save status and pure presentation
not ok 2 - F05 A1/A2/A3: same Cherry draft at 1440/1024/390, unclipped centered page, inspector, save status and pure presentation
  ---
  duration_ms: 1580.042042
  type: 'test'
  location: '/private/tmp/ppte8/dist/tests/focused-product-f05.test.js:79:1'
  failureType: 'testCodeFailure'
  error: 'null {"x":1278,"y":42,"width":300,"height":459}'
  code: 'ERR_ASSERTION'
  name: 'AssertionError'
  expected: true
  actual: false
  operator: '=='
  stack: |-
    fits (file:///private/tmp/ppte8/dist/tests/focused-product-f05.test.js:32:16)
    async TestContext.<anonymous> (file:///private/tmp/ppte8/dist/tests/focused-product-f05.test.js:108:13)
    async Test.run (node:internal/test_runner/test:1054:7)
    async Test.processPendingSubtests (node:internal/test_runner/test:744:7)
  ...
# Subtest: F05 A3: 40-page rail scrolls independently; last page/add footer and keyboard reorder remain reachable at desktop and narrow width
not ok 3 - F05 A3: 40-page rail scrolls independently; last page/add footer and keyboard reorder remain reachable at desktop and narrow width
  ---
  duration_ms: 1892.077583
  type: 'test'
  location: '/private/tmp/ppte8/dist/tests/focused-product-f05.test.js:126:1'
  failureType: 'testCodeFailure'
  error: |-
    Expected values to be strictly equal:
    
    41 !== 40
    
  code: 'ERR_ASSERTION'
  name: 'AssertionError'
  expected: 40
  actual: 41
  operator: 'strictEqual'
  stack: |-
    TestContext.<anonymous> (file:///private/tmp/ppte8/dist/tests/focused-product-f05.test.js:152:20)
    async Test.run (node:internal/test_runner/test:1054:7)
    async Test.processPendingSubtests (node:internal/test_runner/test:744:7)
  ...
1..3
# tests 3
# suites 0
# pass 1
# fail 2
# cancelled 0
# skipped 0
# todo 0
# duration_ms 5992.6845
