TAP version 13
# Subtest: H02 acceptance 1: original path autosave, close/reopen and service restart preserve text with no download
ok 1 - H02 acceptance 1: original path autosave, close/reopen and service restart preserve text with no download
  ---
  duration_ms: 1847.125541
  type: 'test'
  ...
# Subtest: H02 acceptance 2: OS read-only, ENOSPC fault, interrupted replace retain original and recoverable version
ok 2 - H02 acceptance 2: OS read-only, ENOSPC fault, interrupted replace retain original and recoverable version
  ---
  duration_ms: 141.607875
  type: 'test'
  ...
# Subtest: H02 acceptance 2: two services/windows serialize one winner and detect external Agent edits at replace
ok 3 - H02 acceptance 2: two services/windows serialize one winner and detect external Agent edits at replace
  ---
  duration_ms: 93.734083
  type: 'test'
  ...
# Subtest: H02 acceptance 2: kill process before rename, restart recovers stale lock and preserves original
ok 4 - H02 acceptance 2: kill process before rename, restart recovers stale lock and preserves original
  ---
  duration_ms: 145.626833
  type: 'test'
  ...
# Subtest: H02 acceptance 2/3: browser two-window conflict keeps draft; explicit reread and retry after network failure
ok 5 - H02 acceptance 2/3: browser two-window conflict keeps draft; explicit reread and retry after network failure
  ---
  duration_ms: 3016.338708
  type: 'test'
  ...
# Subtest: H02 acceptance 3: IME does not save half composition; 800ms pause and delayed acknowledgement remain dirty/saving
not ok 6 - H02 acceptance 3: IME does not save half composition; 800ms pause and delayed acknowledgement remain dirty/saving
  ---
  duration_ms: 1615.689958
  type: 'test'
  location: '/private/tmp/ppte6/dist/tests/html-save.test.js:159:1'
  failureType: 'testCodeFailure'
  error: |-
    Expected values to be strictly equal:
    
    'saved' !== 'dirty'
    
  code: 'ERR_ASSERTION'
  name: 'AssertionError'
  expected: 'dirty'
  actual: 'saved'
  operator: 'strictEqual'
  stack: |-
    TestContext.<anonymous> (file:///private/tmp/ppte6/dist/tests/html-save.test.js:173:16)
    async Test.run (node:internal/test_runner/test:1054:7)
    async Test.processPendingSubtests (node:internal/test_runner/test:744:7)
  ...
# Subtest: H02 acceptance 2/3: two real windows retain the failed draft after the other file save is acknowledged
ok 7 - H02 acceptance 2/3: two real windows retain the failed draft after the other file save is acknowledged
  ---
  duration_ms: 2120.691875
  type: 'test'
  ...
# Subtest: H02 acceptance 2/3: a delayed acknowledgement never deletes another window recovery draft
ok 8 - H02 acceptance 2/3: a delayed acknowledgement never deletes another window recovery draft
  ---
  duration_ms: 0.359417
  type: 'test'
  ...
# Subtest: H02 acceptance 3: edits during in-flight save remain queued; draft base matching, quotas and copied identity
ok 9 - H02 acceptance 3: edits during in-flight save remain queued; draft base matching, quotas and copied identity
  ---
  duration_ms: 0.309459
  type: 'test'
  ...
# Subtest: H02 acceptance 2/3: File System Access permission revoked, conflict, failed close and confirmation (API contract test)
ok 10 - H02 acceptance 2/3: File System Access permission revoked, conflict, failed close and confirmation (API contract test)
  ---
  duration_ms: 1.636666
  type: 'test'
  ...
# Subtest: H02 acceptance 4: loopback bind, hostile Origin/Host, no token, traversal, arbitrary fields and unsafe content rejected
ok 11 - H02 acceptance 4: loopback bind, hostile Origin/Host, no token, traversal, arbitrary fields and unsafe content rejected
  ---
  duration_ms: 47.141958
  type: 'test'
  ...
# Subtest: H02 acceptance 5: real installed Chrome file URL shows limitation, keeps draft and never claims file save
ok 12 - H02 acceptance 5: real installed Chrome file URL shows limitation, keeps draft and never claims file save
  ---
  duration_ms: 1769.785708
  type: 'test'
  ...
# Subtest: H02 acceptance 5: Safari actual WebDriver journey or explicit blocked evidence (not simulated Safari)
ok 13 - H02 acceptance 5: Safari actual WebDriver journey or explicit blocked evidence (not simulated Safari)
  ---
  duration_ms: 231.854625
  type: 'test'
  ...
# Subtest: H02 acceptance 1/4: explicit development ppte serve retains packaged npm install, stable restart URL and multiple file mappings
ok 14 - H02 acceptance 1/4: explicit development ppte serve retains packaged npm install, stable restart URL and multiple file mappings
  ---
  duration_ms: 1646.561917
  type: 'test'
  ...
# Subtest: H02 acceptance 2: history bounded by count and rejected restoration paths never write
ok 15 - H02 acceptance 2: history bounded by count and rejected restoration paths never write
  ---
  duration_ms: 478.300375
  type: 'test'
  ...
# Subtest: H02 acceptance 2: actual bounded full disk returns ENOSPC without replacing original (macOS HFS+)
ok 16 - H02 acceptance 2: actual bounded full disk returns ENOSPC without replacing original (macOS HFS+)
  ---
  duration_ms: 1651.097708
  type: 'test'
  ...
# Subtest: H02 acceptance 2/3: failed-save draft survives page close, restores on matching file base and flushes to original
ok 17 - H02 acceptance 2/3: failed-save draft survives page close, restores on matching file base and flushes to original
  ---
  duration_ms: 2010.284708
  type: 'test'
  ...
# Subtest: S04 cache: bytes, MIME, requirement/transform context, root authorization and budget cannot be stale
ok 18 - S04 cache: bytes, MIME, requirement/transform context, root authorization and budget cannot be stale
  ---
  duration_ms: 34.076291
  type: 'test'
  ...
# Subtest: S04 draft: bounded checkpoints, revision reuse, latest recovery and permission checks on each flush
ok 19 - S04 draft: bounded checkpoints, revision reuse, latest recovery and permission checks on each flush
  ---
  duration_ms: 252.434417
  type: 'test'
  ...
# Subtest: S04 file browser: one input revision, local thumbnail, stable tools and synchronous index invalidation
ok 20 - S04 file browser: one input revision, local thumbnail, stable tools and synchronous index invalidation
  ---
  duration_ms: 858.180584
  type: 'test'
  ...
1..20
# tests 20
# suites 0
# pass 19
# fail 1
# cancelled 0
# skipped 0
# todo 0
# duration_ms 17022.14125
