{
  "errors": [],
  "nativeText": {
    "contenteditable": "true",
    "tag": "DIV",
    "text": "开源，\n让选择更多。"
  },
  "fontControls": 1,
  "viewport": {
    "frame": {
      "x": 220,
      "y": 102,
      "width": 940,
      "height": 790,
      "top": 102,
      "right": 1160,
      "bottom": 892,
      "left": 220
    },
    "slides": [
      {
        "x": 0,
        "y": 0,
        "width": 960,
        "height": 540,
        "top": 0,
        "right": 960,
        "bottom": 540,
        "left": 0
      },
      {
        "x": 0,
        "y": 540,
        "width": 960,
        "height": 540,
        "top": 540,
        "right": 960,
        "bottom": 1080,
        "left": 0
      },
      {
        "x": 0,
        "y": 1080,
        "width": 960,
        "height": 540,
        "top": 1080,
        "right": 960,
        "bottom": 1620,
        "left": 0
      }
    ]
  },
  "imageBefore": {
    "rect": {
      "x": 55,
      "y": 384.296875,
      "width": 96,
      "height": 72,
      "top": 384.296875,
      "right": 151,
      "bottom": 456.296875,
      "left": 55
    },
    "heading": {
      "x": 55,
      "y": 165,
      "width": 600,
      "height": 183.59375,
      "top": 165,
      "right": 655,
      "bottom": 348.59375,
      "left": 55
    },
    "style": "width: 96px; height: 72px; max-width: 100%; object-fit: contain !important; object-position: 50% 50% !important; position: absolute; margin: 0px; transform: none; inset: 384.297px auto auto 55px;",
    "overlap": false
  },
  "imageAfter": {
    "rect": {
      "x": 63,
      "y": 384.296875,
      "width": 96,
      "height": 72,
      "top": 384.296875,
      "right": 159,
      "bottom": 456.296875,
      "left": 63
    },
    "heading": {
      "x": 55,
      "y": 165,
      "width": 600,
      "height": 183.59375,
      "top": 165,
      "right": 655,
      "bottom": 348.59375,
      "left": 55
    },
    "style": "width: 96px; height: 72px; max-width: 100%; object-fit: contain !important; object-position: 50% 50% !important; position: absolute; margin: 0px; transform: translate(8px, 0px); inset: 384.297px auto auto 55px;",
    "overlap": false
  },
  "moveFeedback": "",
  "namingDialog": {
    "type": "prompt",
    "message": "版本名称（最多 200 字）"
  },
  "semanticTextControls": 1,
  "addedCount": 13
}
