TAP version 13
# Subtest: R2 audit text: mouse insertion/selection, actual Alt+Right, resize, undo/redo and offline download/new-process reopen
ok 1 - R2 audit text: mouse insertion/selection, actual Alt+Right, resize, undo/redo and offline download/new-process reopen
  ---
  duration_ms: 3711.148083
  type: 'test'
  ...
# Subtest: R2 audit image: mouse insertion/selection, actual Alt+Right, resize, undo/redo and offline download/new-process reopen
ok 2 - R2 audit image: mouse insertion/selection, actual Alt+Right, resize, undo/redo and offline download/new-process reopen
  ---
  duration_ms: 3081.706125
  type: 'test'
  ...
# Subtest: R2 audit shape: mouse insertion/selection, actual Alt+Right, resize, undo/redo and offline download/new-process reopen
ok 3 - R2 audit shape: mouse insertion/selection, actual Alt+Right, resize, undo/redo and offline download/new-process reopen
  ---
  duration_ms: 2930.027792
  type: 'test'
  ...
# Subtest: R2 audit table: mouse insertion/selection, actual Alt+Right, resize, undo/redo and offline download/new-process reopen
ok 4 - R2 audit table: mouse insertion/selection, actual Alt+Right, resize, undo/redo and offline download/new-process reopen
  ---
  duration_ms: 3467.169708
  type: 'test'
  ...
# Subtest: R2 block: all four types use real order, spacing/alignment and retain native layout after download
ok 5 - R2 block: all four types use real order, spacing/alignment and retain native layout after download
  ---
  duration_ms: 8377.096
  type: 'test'
  ...
# Subtest: R2 flex: all four types use real order, spacing/alignment and retain native layout after download
ok 6 - R2 flex: all four types use real order, spacing/alignment and retain native layout after download
  ---
  duration_ms: 6876.058666
  type: 'test'
  ...
# Subtest: R2 grid: all four types use real order, spacing/alignment and retain native layout after download
ok 7 - R2 grid: all four types use real order, spacing/alignment and retain native layout after download
  ---
  duration_ms: 7425.082625
  type: 'test'
  ...
# Subtest: R2 no available space: each menu insertion rolls back DOM and undo history with an accurate visible error
ok 8 - R2 no available space: each menu insertion rolls back DOM and undo history with an accurate visible error
  ---
  duration_ms: 2910.399875
  type: 'test'
  ...
1..8
# tests 8
# suites 0
# pass 8
# fail 0
# cancelled 0
# skipped 0
# todo 0
# duration_ms 38973.968334
