TAP version 13
# Subtest: DLV nine-page layout: nine native pages in one offline runtime, text/image bounds and clean presentation
ok 1 - DLV nine-page layout: nine native pages in one offline runtime, text/image bounds and clean presentation
  ---
  duration_ms: 6359.920708
  type: 'test'
  ...
# Subtest: DLV download roundtrip: actual text editing, undo/redo, explicit download and new browser process retain the full source
ok 2 - DLV download roundtrip: actual text editing, undo/redo, explicit download and new browser process retain the full source
  ---
  duration_ms: 2363.184458
  type: 'test'
  ...
# Subtest: DLV installed delivery equals current runtime and original nine-page content; package receipts match source
ok 3 - DLV installed delivery equals current runtime and original nine-page content; package receipts match source
  ---
  duration_ms: 31.462167
  type: 'test'
  ...
1..3
# tests 3
# suites 0
# pass 3
# fail 0
# cancelled 0
# skipped 0
# todo 0
# duration_ms 8951.536583
