TAP version 13
# (node:93431) ExperimentalWarning: The MockTimers API is an experimental feature and might change at any time
# (Use `node --trace-warnings ...` to show where the warning was created)
# Subtest: UI04 A5: 1s debounce, 10s sustained input, default autosave and manual override
not ok 1 - UI04 A5: 1s debounce, 10s sustained input, default autosave and manual override
  ---
  duration_ms: 1.081834
  type: 'test'
  location: '/private/tmp/ppte7/dist/tests/ui04-saving.test.js:12:1'
  failureType: 'testCodeFailure'
  error: |-
    Expected values to be strictly deep-equal:
    + actual - expected
    
    + []
    - [
    -   'pause'
    - ]
    
  code: 'ERR_ASSERTION'
  name: 'AssertionError'
  expected:
    0: 'pause'
  actual:
  operator: 'deepStrictEqual'
  stack: |-
    TestContext.<anonymous> (file:///private/tmp/ppte7/dist/tests/ui04-saving.test.js:23:12)
    async Test.run (node:internal/test_runner/test:1054:7)
    async startSubtestAfterBootstrap (node:internal/test_runner/harness:296:3)
  ...
# Subtest: UI04 A6: one writer, stale acknowledgement stays dirty and manual queued revision runs with auto off
ok 2 - UI04 A6: one writer, stale acknowledgement stays dirty and manual queued revision runs with auto off
  ---
  duration_ms: 0.256208
  type: 'test'
  ...
# Subtest: UI04 A4/A7/A8: errors latch; composition never serializes partial drafts or writes; retry retains baseline
ok 3 - UI04 A4/A7/A8: errors latch; composition never serializes partial drafts or writes; retry retains baseline
  ---
  duration_ms: 0.272583
  type: 'test'
  ...
# Subtest: UI04 A1/A3/A7/A8: product save panel, wrong same-name document refusal, complete IME download and fresh browser process
ok 4 - UI04 A1/A3/A7/A8: product save panel, wrong same-name document refusal, complete IME download and fresh browser process
  ---
  duration_ms: 2368.345334
  type: 'test'
  ...
1..4
# tests 4
# suites 0
# pass 3
# fail 1
# cancelled 0
# skipped 0
# todo 0
# duration_ms 2560.516125
