node:internal/modules/run_main:123
    triggerUncaughtException(
    ^

AssertionError [ERR_ASSERTION]: Expected values to be strictly deep-equal:
+ actual - expected

+ [
+   '把作品带走。打开，就能继续。'
+ ]
- []

    at file:///private/tmp/ppte6/docs/single-file-first/evidence/s08/verify.mjs:26:46
    at runNextTicks (node:internal/process/task_queues:64:5)
    at process.processImmediate (node:internal/timers:452:9)
    at process.callbackTrampoline (node:internal/async_hooks:130:17) {
  generatedMessage: true,
  code: 'ERR_ASSERTION',
  actual: [ '把作品带走。打开，就能继续。' ],
  expected: [],
  operator: 'deepStrictEqual',
  diff: 'simple'
}

Node.js v22.23.2
