TAP version 13
# Subtest: F06 A1/A4: same offline Cherry draft edits text and image, downloads once, reopens in fresh process and presents all pages; PDF stays unqualified
ok 1 - F06 A1/A4: same offline Cherry draft edits text and image, downloads once, reopens in fresh process and presents all pages; PDF stays unqualified
  ---
  duration_ms: 4583.579
  type: 'test'
  ...
# Subtest: F06 A2/A3: native acceptance and audit gaps cannot be closed by automated evidence
ok 2 - F06 A2/A3: native acceptance and audit gaps cannot be closed by automated evidence
  ---
  duration_ms: 5.764417
  type: 'test'
  ...
# Subtest: F06 A4: frozen delivered HTML matches recorded download hash and carries ten editable pages without external runtime dependencies
ok 3 - F06 A4: frozen delivered HTML matches recorded download hash and carries ten editable pages without external runtime dependencies
  ---
  duration_ms: 12.527125
  type: 'test'
  ...
1..3
# tests 3
# suites 0
# pass 3
# fail 0
# cancelled 0
# skipped 0
# todo 0
# duration_ms 4793.436375
