TAP version 13
# Subtest: F06 A1/A4: same offline Cherry draft edits text and image, downloads once, reopens in fresh process and presents all pages; PDF stays unqualified
ok 1 - F06 A1/A4: same offline Cherry draft edits text and image, downloads once, reopens in fresh process and presents all pages; PDF stays unqualified
  ---
  duration_ms: 4274.9055
  type: 'test'
  ...
# Subtest: F06 A2/A3: native acceptance and audit gaps cannot be closed by automated evidence
ok 2 - F06 A2/A3: native acceptance and audit gaps cannot be closed by automated evidence
  ---
  duration_ms: 5.808583
  type: 'test'
  ...
1..2
# tests 2
# suites 0
# pass 2
# fail 0
# cancelled 0
# skipped 0
# todo 0
# duration_ms 4471.730375
