TAP version 13
# Subtest: R03 cover negative-px: browser preview, no-op bytes/history, actual move/download/fresh reopen
ok 1 - R03 cover negative-px: browser preview, no-op bytes/history, actual move/download/fresh reopen
  ---
  duration_ms: 5348.080458
  type: 'test'
  ...
# Subtest: R03 cover positive-px: browser preview, no-op bytes/history, actual move/download/fresh reopen
not ok 2 - R03 cover positive-px: browser preview, no-op bytes/history, actual move/download/fresh reopen
  ---
  duration_ms: 4300.114417
  type: 'test'
  location: '/private/tmp/ppte8/dist/tests/audit-followup-r03.test.js:44:9'
  failureType: 'testCodeFailure'
  error: 'reopened ox: 0 vs 18.666666666666668'
  code: 'ERR_ASSERTION'
  name: 'AssertionError'
  expected: true
  actual: false
  operator: '=='
  stack: |-
    near (file:///private/tmp/ppte8/dist/tests/audit-followup-r03.test.js:41:37)
    TestContext.<anonymous> (file:///private/tmp/ppte8/dist/tests/audit-followup-r03.test.js:108:25)
    async Test.run (node:internal/test_runner/test:1054:7)
    async Test.processPendingSubtests (node:internal/test_runner/test:744:7)
  ...
# Subtest: R03 cover percentage: browser preview, no-op bytes/history, actual move/download/fresh reopen
ok 3 - R03 cover percentage: browser preview, no-op bytes/history, actual move/download/fresh reopen
  ---
  duration_ms: 5499.722334
  type: 'test'
  ...
# Subtest: R03 cover left-top: browser preview, no-op bytes/history, actual move/download/fresh reopen
ok 4 - R03 cover left-top: browser preview, no-op bytes/history, actual move/download/fresh reopen
  ---
  duration_ms: 5351.220333
  type: 'test'
  ...
# Subtest: R03 cover right-bottom: browser preview, no-op bytes/history, actual move/download/fresh reopen
ok 5 - R03 cover right-bottom: browser preview, no-op bytes/history, actual move/download/fresh reopen
  ---
  duration_ms: 4965.538541
  type: 'test'
  ...
# Subtest: R03 cover edge-lengths: browser preview, no-op bytes/history, actual move/download/fresh reopen
ok 6 - R03 cover edge-lengths: browser preview, no-op bytes/history, actual move/download/fresh reopen
  ---
  duration_ms: 5466.62975
  type: 'test'
  ...
# Subtest: R03 cover calc: browser preview, no-op bytes/history, actual move/download/fresh reopen
not ok 7 - R03 cover calc: browser preview, no-op bytes/history, actual move/download/fresh reopen
  ---
  duration_ms: 4798.378125
  type: 'test'
  location: '/private/tmp/ppte8/dist/tests/audit-followup-r03.test.js:44:9'
  failureType: 'testCodeFailure'
  error: 'reopened oy: 0 vs 7.466666666666667'
  code: 'ERR_ASSERTION'
  name: 'AssertionError'
  expected: true
  actual: false
  operator: '=='
  stack: |-
    near (file:///private/tmp/ppte8/dist/tests/audit-followup-r03.test.js:41:37)
    TestContext.<anonymous> (file:///private/tmp/ppte8/dist/tests/audit-followup-r03.test.js:109:25)
    async Test.run (node:internal/test_runner/test:1054:7)
    async Test.processPendingSubtests (node:internal/test_runner/test:744:7)
  ...
# Subtest: R03 cover math: browser preview, no-op bytes/history, actual move/download/fresh reopen
ok 8 - R03 cover math: browser preview, no-op bytes/history, actual move/download/fresh reopen
  ---
  duration_ms: 5655.737542
  type: 'test'
  ...
# Subtest: R03 contain negative-px: browser preview, no-op bytes/history, actual move/download/fresh reopen
ok 9 - R03 contain negative-px: browser preview, no-op bytes/history, actual move/download/fresh reopen
  ---
  duration_ms: 5296.799583
  type: 'test'
  ...
# Subtest: R03 contain positive-px: browser preview, no-op bytes/history, actual move/download/fresh reopen
not ok 10 - R03 contain positive-px: browser preview, no-op bytes/history, actual move/download/fresh reopen
  ---
  duration_ms: 4616.748208
  type: 'test'
  location: '/private/tmp/ppte8/dist/tests/audit-followup-r03.test.js:44:9'
  failureType: 'testCodeFailure'
  error: 'reopened ox: 0 vs 18.666666666666668'
  code: 'ERR_ASSERTION'
  name: 'AssertionError'
  expected: true
  actual: false
  operator: '=='
  stack: |-
    near (file:///private/tmp/ppte8/dist/tests/audit-followup-r03.test.js:41:37)
    TestContext.<anonymous> (file:///private/tmp/ppte8/dist/tests/audit-followup-r03.test.js:108:25)
    async Test.run (node:internal/test_runner/test:1054:7)
    async Test.processPendingSubtests (node:internal/test_runner/test:744:7)
  ...
# Subtest: R03 contain percentage: browser preview, no-op bytes/history, actual move/download/fresh reopen
not ok 11 - R03 contain percentage: browser preview, no-op bytes/history, actual move/download/fresh reopen
  ---
  duration_ms: 2619.838625
  type: 'test'
  location: '/private/tmp/ppte8/dist/tests/audit-followup-r03.test.js:44:9'
  failureType: 'testCodeFailure'
  error: |-
    no-op rendered image pixels unchanged
    + actual - expected
    ... Skipped lines
    
    + Buffer(1052) [Uint8Array] [
    - Buffer(1054) [Uint8Array] [
        137,
        80,
        78,
        71,
        13,
    ...
        3,
    +   209,
    -   211,
        73,
        68,
        65,
        84,
        120,
    ...
        219,
    +   191,
    +   74,
    +   151,
    +   81,
    +   28,
    -   61,
    -   106,
    -   85,
    -   65,
    -   24,
        128,
    +   241,
    +   243,
    +   154,
    +   67,
    +   171,
    +   87,
    +   80,
    +   151,
    +   80,
    +   180,
    +   53,
    +   70,
    +   83,
    +   183,
    +   208,
    +   216,
    +   69,
    +   116,
    +   11,
    +   221,
    +   66,
    +   13,
    +   13,
    +   10,
    +   45,
    +   191,
    -   225,
        185,
    +   169,
    +   189,
    -   55,
    -   226,
    -   79,
    -   153,
    -   37,
    -   184,
    -   3,
    -   209,
    -   206,
    -   86,
    -   59,
    -   215,
    -   96,
    -   233,
    -   26,
    -   220,
    -   130,
    -   91,
    -   16,
    -   4,
    -   193,
    -   32,
        22,
    +   157,
    -   183,
    -   179,
    -   182,
    -   178,
    -   178,
    -   72,
    -   26,
    -   193,
    -   20,
    -   182,
    -   10,
    -   17,
    -   155,
    -   128,
    -   137,
    -   73,
        132,
    +   108,
    +   143,
    +   48,
    +   104,
    +   16,
    +   210,
    +   212,
    +   64,
    +   176,
    +   188,
    +   3,
    +   197,
    +   56,
    +   143,
    +   198,
    +   231,
    +   195,
    +   25,
    +   95,
    +   120,
    +   255,
    +   124,
    +   121,
    +   120,
    -   96,
    -   12,
    -   174,
    -   32,
    -   33,
    -   50,
    -   175,
    -   9,
        207,
    +   114,
    +   214,
    +   15,
    +   143,
    +   142,
    -   195,
    -   41,
        7,
    +   208,
    +   89,
    +   27,
    +   64,
    +   74,
    -   134,
    -   225,
    -   227,
    -   61,
    -   231,
    -   52,
    -   115,
    -   109,
    -   111,
    -   255,
    -   96,
    -   0,
    -   157,
    -   229,
    -   0,
    -   82,
    -   34,
        132,
    +   16,
    +   19,
    +   33,
    +   196,
    +   68,
    -   152,
        8,
    +   49,
    +   17,
    -   33,
    -   38,
        66,
    +   76,
    +   132,
    -   136,
    -   137,
        16,
    +   19,
    +   33,
    +   196,
    +   68,
    -   98,
    -   34,
    -   132,
    -   152,
        8,
    +   49,
    +   17,
    -   33,
    -   38,
        66,
    +   76,
    +   132,
    -   136,
    -   137,
        16,
    +   19,
    +   33,
    +   196,
    +   68,
    -   98,
    -   34,
    -   132,
    -   152,
        8,
    +   49,
    +   17,
    -   33,
    -   38,
        66,
    +   76,
    +   132,
    -   136,
    -   137,
        16,
    +   19,
    +   33,
    +   196,
    +   68,
    -   98,
    -   34,
    -   132,
    -   152,
        8,
    +   49,
    +   17,
    -   33,
    -   38,
        66,
    +   76,
    +   132,
    -   136,
    -   137,
        16,
    +   19,
    +   33,
    +   196,
    +   68,
    -   98,
    -   34,
    -   132,
    -   152,
        8,
    +   49,
    +   17,
    -   33,
    -   38,
        66,
    +   76,
    +   132,
    -   136,
    -   137,
        16,
    +   19,
    +   33,
    +   196,
    +   68,
    -   98,
    -   34,
    -   132,
    -   152,
        8,
    +   49,
    +   17,
    -   33,
    -   38,
        66,
    +   76,
    +   132,
    -   136,
    -   137,
        16,
    +   19,
    +   33,
    +   196,
    +   68,
    -   98,
    -   34,
    -   132,
    -   152,
        8,
    +   49,
    +   17,
    -   33,
    -   38,
        66,
    +   76,
    +   132,
    -   136,
    -   137,
        16,
    +   19,
    +   33,
    +   196,
    +   68,
    -   98,
    -   34,
    -   132,
    -   152,
        8,
    +   49,
    +   17,
    -   33,
    -   38,
        66,
    +   76,
    +   132,
    -   136,
    -   137,
        16,
    +   19,
    +   33,
    +   196,
    +   68,
    -   98,
    -   34,
    -   132,
    -   152,
        8,
    +   49,
    +   17,
    -   33,
    -   38,
        66,
    +   76,
    +   132,
    -   136,
    -   137,
        16,
    +   19,
    +   33,
    +   196,
    +   150,
    +   237,
    +   167,
    +   143,
    +   198,
    +   68,
    +   171,
    +   211,
    +   141,
    +   213,
    +   201,
    +   198,
    +   152,
    +   104,
    +   251,
    +   213,
    +   203,
    +   49,
    +   209,
    +   230,
    +   193,
    +   206,
    +   214,
    +   193,
    +   206,
    +   152,
    +   232,
    +   245,
    +   106,
    +   234,
    +   237,
    +   76,
    +   240,
    +   159,
    +   243,
    +   39,
    -   98,
    -   34,
        132,
        152,
        8,
        33,
    +   38,
    -   182,
    -   216,
    -   124,
    -   120,
    -   111,
    -   76,
    -   180,
    -   58,
    -   90,
    -   95,
    -   29,
    -   174,
    -   143,
    -   137,
    -   54,
    -   159,
    -   61,
    -   29,
    -   19,
    -   189,
    -   218,
    -   221,
    -   218,
    -   216,
    -   221,
    -   26,
    -   19,
    -   61,
    -   95,
    -   77,
    -   221,
    -   206,
    -   4,
    -   255,
    -   57,
    -   95,
        66,
        136,
        137,
        16,
        98,
    ...
        33,
    +   182,
    +   108,
    +   63,
    +   125,
    +   116,
    +   201,
    +   75,
    +   31,
    +   190,
    +   255,
    -   38,
    -   66,
    -   136,
    -   137,
    -   16,
    -   98,
    -   139,
    -   205,
    -   135,
    -   247,
    -   206,
        184,
    +   172,
    +   175,
    +   143,
    +   107,
    +   59,
    +   31,
    +   83,
    +   173,
    +   45,
    -   244,
    -   206,
    -   219,
    -   247,
        203,
    +   152,
    +   232,
    -   235,
    -   55,
    -   198,
    -   197,
    -   156,
        252,
    +   98,
    +   77,
        125,
    +   197,
    +   101,
    +   242,
    +   7,
    +   189,
    -   102,
    -   90,
    -   91,
    -   78,
    -   125,
    -   209,
    -   252,
    -   30,
    -   39,
    -   39,
    -   115,
    -   79,
    -   184,
    -   156,
    -   187,
    -   223,
    -   37,
        157,
    +   19,
    +   60,
    +   254,
    +   242,
    +   245,
    +   247,
    +   183,
    +   31,
    +   151,
    +   185,
    +   114,
    +   243,
    +   96,
    +   103,
    +   235,
    +   96,
    +   103,
    +   76,
    +   116,
    +   133,
    +   168,
    +   150,
    +   181,
    +   181,
    -   224,
    -   193,
    -   231,
    -   175,
        191,
    +   107,
    +   92,
    +   219,
    +   212,
    +   38,
    +   166,
    -   190,
    -   124,
    -   63,
    -   203,
    -   202,
    -   87,
    -   187,
        91,
    +   46,
    -   27,
    -   187,
    -   91,
    -   99,
    -   162,
    -   107,
    -   103,
    -   95,
    -   186,
    -   88,
    -   174,
    -   45,
        214,
    +   220,
    +   87,
    +   156,
    +   254,
    +   65,
    +   111,
    +   229,
    +   4,
    +   111,
    +   240,
    +   67,
    +   219,
    +   142,
    -   214,
    -   198,
    -   197,
    -   44,
    -   198,
    -   21,
    -   183,
    -   60,
    -   61,
    -   226,
    -   149,
    -   62,
    -   228,
    -   149,
    -   159,
    -   224,
    -   124,
    -   126,
    -   71,
    -   33,
    -   38,
        66,
    +   76,
    +   132,
    -   136,
    -   137,
        16,
    +   19,
    +   33,
    +   196,
    +   68,
    -   98,
    -   34,
    -   132,
    -   152,
        8,
    +   49,
    +   17,
    -   33,
    -   38,
        66,
    +   76,
    +   132,
    -   136,
    -   137,
        16,
    +   19,
    +   33,
    +   196,
    +   68,
    -   98,
    -   34,
    -   132,
    -   152,
        8,
    +   49,
    +   17,
    -   33,
    -   38,
        66,
    +   76,
    +   132,
    -   136,
    -   137,
        16,
    +   19,
    +   33,
    +   196,
    +   68,
    -   98,
    -   34,
    -   132,
    -   152,
        8,
    +   49,
    +   17,
    -   33,
    -   38,
        66,
    +   76,
    +   132,
    +   16,
    +   187,
    +   194,
    +   81,
    +   166,
    +   253,
    +   119,
    +   111,
    -   136,
    -   157,
    -   227,
    -   42,
    -   211,
    -   206,
    -   155,
        151,
    +   59,
    +   119,
    +   198,
    +   245,
    -   23,
    -   191,
    -   202,
    -   180,
    -   125,
        124,
    +   62,
    +   187,
    +   187,
    +   119,
    +   118,
    +   119,
    +   76,
    +   244,
    +   226,
    -   107,
    -   251,
    -   248,
    -   230,
    -   152,
    -   232,
        201,
    +   227,
    +   49,
    +   209,
    +   238,
    +   233,
    +   254,
    +   238,
    +   201,
    +   254,
    -   131,
    -   251,
    -   99,
    -   162,
    -   143,
    -   71,
    -   59,
    -   167,
    -   207,
        152,
        232,
    +   217,
    +   222,
    +   247,
    +   49,
        209,
    +   45,
    +   157,
    +   224,
    +   217,
    +   207,
    +   95,
    -   167,
    -   169,
    -   219,
    -   93,
    -   210,
    -   9,
    -   30,
    -   255,
    -   248,
    -   57,
    -   254,
    -   87,
    -   231,
    -   136,
    -   240,
    -   219,
    -   235,
    -   23,
        227,
    +   166,
    +   186,
    +   74,
    +   132,
    +   91,
    -   194,
    -   222,
    -   29,
    -   173,
    -   175,
    -   14,
    -   215,
    -   199,
    -   68,
    -   143,
        111,
    +   198,
    +   181,
    +   125,
    +   56,
    +   221,
    +   88,
    +   157,
    +   108,
    +   140,
    +   137,
    +   158,
        223,
    +   187,
    +   63,
    +   38,
    +   250,
    +   52,
    +   253,
    +   72,
    +   232,
    +   131,
    +   213,
    +   212,
    +   219,
    +   253,
    +   247,
    -   30,
        19,
    +   156,
    +   207,
    -   125,
    -   152,
    -   126,
    -   37,
    -   244,
    -   238,
    -   106,
    -   234,
        118,
    +   20,
    +   98,
    +   34,
    +   132,
    -   87,
    -   126,
    -   130,
    -   243,
    -   249,
    -   29,
    -   133,
        152,
        8,
        33,
        38,
        66,
    ...
        132,
    -   152,
    -   8,
    -   33,
    -   182,
        216,
    +   114,
    +   120,
    +   116,
    +   60,
    +   128,
    +   142,
    -   219,
        63,
    +   33,
    +   196,
    +   68,
    -   24,
    -   64,
    -   199,
    -   151,
    -   16,
    -   98,
    -   34,
    -   132,
    -   152,
        8,
    +   49,
    +   17,
    -   33,
    -   38,
        66,
    +   76,
    +   132,
    -   136,
    -   137,
        16,
    +   19,
    +   33,
    +   196,
    +   68,
    -   98,
    -   34,
    -   132,
    -   152,
        8,
    +   49,
    +   17,
    -   33,
    -   38,
        66,
    +   76,
    +   132,
    -   136,
    -   137,
        16,
    +   19,
    +   33,
    +   196,
    +   68,
    -   98,
    -   34,
    -   132,
    -   152,
        8,
    +   49,
    +   17,
    -   33,
    -   38,
        66,
    +   76,
    +   132,
    +   16,
    +   251,
    +   3,
    -   136,
    -   253,
    -   1,
        0,
        0,
        255,
        255,
    +   253,
    +   15,
    +   179,
    +   60,
    -   9,
    -   104,
    -   115,
    -   48,
        0,
        0,
        0,
        6,
        73,
    ...
        0,
    +   154,
    +   3,
    +   88,
    +   182,
    +   54,
    +   185,
    +   21,
    +   18,
    -   63,
    -   34,
    -   92,
    -   209,
    -   194,
    -   57,
    -   225,
    -   13,
        0,
        0,
        0,
        0,
        73,
    
  code: 'ERR_ASSERTION'
  name: 'AssertionError'
  expected:
    0: 137
    1: 80
    2: 78
    3: 71
    4: 13
    5: 10
    6: 26
    7: 10
    8: 0
    9: 0
    10: 0
    11: 13
    12: 73
    13: 72
    14: 68
    15: 82
    16: 0
    17: 0
    18: 1
    19: 44
    20: 0
    21: 0
    22: 1
    23: 4
    24: 8
    25: 2
    26: 0
    27: 0
    28: 0
    29: 29
    30: 224
    31: 158
    32: 121
    33: 0
    34: 0
    35: 3
    36: 211
    37: 73
    38: 68
    39: 65
    40: 84
    41: 120
    42: 156
    43: 236
    44: 219
    45: 61
    46: 106
    47: 85
    48: 65
    49: 24
    50: 128
    51: 225
    52: 185
    53: 55
    54: 226
    55: 79
    56: 153
    57: 37
    58: 184
    59: 3
    60: 209
    61: 206
    62: 86
    63: 59
    64: 215
    65: 96
    66: 233
    67: 26
    68: 220
    69: 130
    70: 91
    71: 16
    72: 4
    73: 193
    74: 32
    75: 22
    76: 183
    77: 179
    78: 182
    79: 178
    80: 178
    81: 72
    82: 26
    83: 193
    84: 20
    85: 182
    86: 10
    87: 17
    88: 155
    89: 128
    90: 137
    91: 73
    92: 132
    93: 96
    94: 12
    95: 174
    96: 32
    97: 33
    98: 50
    99: 175
    100: 9
    101: 207
    102: 195
    103: 41
    104: 7
    105: 134
    106: 225
    107: 227
    108: 61
    109: 231
    110: 52
    111: 115
    112: 109
    113: 111
    114: 255
    115: 96
    116: 0
    117: 157
    118: 229
    119: 0
    120: 82
    121: 34
    122: 132
    123: 152
    124: 8
    125: 33
    126: 38
    127: 66
    128: 136
    129: 137
    130: 16
    131: 98
    132: 34
    133: 132
    134: 152
    135: 8
    136: 33
    137: 38
    138: 66
    139: 136
    140: 137
    141: 16
    142: 98
    143: 34
    144: 132
    145: 152
    146: 8
    147: 33
    148: 38
    149: 66
    150: 136
    151: 137
    152: 16
    153: 98
    154: 34
    155: 132
    156: 152
    157: 8
    158: 33
    159: 38
    160: 66
    161: 136
    162: 137
    163: 16
    164: 98
    165: 34
    166: 132
    167: 152
    168: 8
    169: 33
    170: 38
    171: 66
    172: 136
    173: 137
    174: 16
    175: 98
    176: 34
    177: 132
    178: 152
    179: 8
    180: 33
    181: 38
    182: 66
    183: 136
    184: 137
    185: 16
    186: 98
    187: 34
    188: 132
    189: 152
    190: 8
    191: 33
    192: 38
    193: 66
    194: 136
    195: 137
    196: 16
    197: 98
    198: 34
    199: 132
    200: 152
    201: 8
    202: 33
    203: 38
    204: 66
    205: 136
    206: 137
    207: 16
    208: 98
    209: 34
    210: 132
    211: 152
    212: 8
    213: 33
    214: 38
    215: 66
    216: 136
    217: 137
    218: 16
    219: 98
    220: 34
    221: 132
    222: 152
    223: 8
    224: 33
    225: 182
    226: 216
    227: 124
    228: 120
    229: 111
    230: 76
    231: 180
    232: 58
    233: 90
    234: 95
    235: 29
    236: 174
    237: 143
    238: 137
    239: 54
    240: 159
    241: 61
    242: 29
    243: 19
    244: 189
    245: 218
    246: 221
    247: 218
    248: 216
    249: 221
    250: 26
    251: 19
    252: 61
    253: 95
    254: 77
    255: 221
    256: 206
    257: 4
    258: 255
    259: 57
    260: 95
    261: 66
    262: 136
    263: 137
    264: 16
    265: 98
    266: 34
    267: 132
    268: 152
    269: 8
    270: 33
    271: 38
    272: 66
    273: 136
    274: 137
    275: 16
    276: 98
    277: 34
    278: 132
    279: 152
    280: 8
    281: 33
    282: 38
    283: 66
    284: 136
    285: 137
    286: 16
    287: 98
    288: 34
    289: 132
    290: 152
    291: 8
    292: 33
    293: 38
    294: 66
    295: 136
    296: 137
    297: 16
    298: 98
    299: 34
    300: 132
    301: 152
    302: 8
    303: 33
    304: 38
    305: 66
    306: 136
    307: 137
    308: 16
    309: 98
    310: 34
    311: 132
    312: 152
    313: 8
    314: 33
    315: 38
    316: 66
    317: 136
    318: 137
    319: 16
    320: 98
    321: 34
    322: 132
    323: 152
    324: 8
    325: 33
    326: 38
    327: 66
    328: 136
    329: 137
    330: 16
    331: 98
    332: 34
    333: 132
    334: 152
    335: 8
    336: 33
    337: 38
    338: 66
    339: 136
    340: 137
    341: 16
    342: 98
    343: 34
    344: 132
    345: 152
    346: 8
    347: 33
    348: 38
    349: 66
    350: 136
    351: 137
    352: 16
    353: 98
    354: 34
    355: 132
    356: 152
    357: 8
    358: 33
    359: 38
    360: 66
    361: 136
    362: 137
    363: 16
    364: 98
    365: 34
    366: 132
    367: 152
    368: 8
    369: 33
    370: 38
    371: 66
    372: 136
    373: 137
    374: 16
    375: 98
    376: 34
    377: 132
    378: 152
    379: 8
    380: 33
    381: 38
    382: 66
    383: 136
    384: 137
    385: 16
    386: 98
    387: 139
    388: 205
    389: 135
    390: 247
    391: 206
    392: 184
    393: 244
    394: 206
    395: 219
    396: 247
    397: 203
    398: 235
    399: 55
    400: 198
    401: 197
    402: 156
    403: 252
    404: 125
    405: 102
    406: 90
    407: 91
    408: 78
    409: 125
    410: 209
    411: 252
    412: 30
    413: 39
    414: 39
    415: 115
    416: 79
    417: 184
    418: 156
    419: 187
    420: 223
    421: 37
    422: 157
    423: 224
    424: 193
    425: 231
    426: 175
    427: 191
    428: 190
    429: 124
    430: 63
    431: 203
    432: 202
    433: 87
    434: 187
    435: 91
    436: 27
    437: 187
    438: 91
    439: 99
    440: 162
    441: 107
    442: 103
    443: 95
    444: 186
    445: 88
    446: 174
    447: 45
    448: 214
    449: 214
    450: 198
    451: 197
    452: 44
    453: 198
    454: 21
    455: 183
    456: 60
    457: 61
    458: 226
    459: 149
    460: 62
    461: 228
    462: 149
    463: 159
    464: 224
    465: 124
    466: 126
    467: 71
    468: 33
    469: 38
    470: 66
    471: 136
    472: 137
    473: 16
    474: 98
    475: 34
    476: 132
    477: 152
    478: 8
    479: 33
    480: 38
    481: 66
    482: 136
    483: 137
    484: 16
    485: 98
    486: 34
    487: 132
    488: 152
    489: 8
    490: 33
    491: 38
    492: 66
    493: 136
    494: 137
    495: 16
    496: 98
    497: 34
    498: 132
    499: 152
    500: 8
    501: 33
    502: 38
    503: 66
    504: 136
    505: 157
    506: 227
    507: 42
    508: 211
    509: 206
    510: 155
    511: 151
    512: 23
    513: 191
    514: 202
    515: 180
    516: 125
    517: 124
    518: 107
    519: 251
    520: 248
    521: 230
    522: 152
    523: 232
    524: 201
    525: 131
    526: 251
    527: 99
    528: 162
    529: 143
    530: 71
    531: 59
    532: 167
    533: 207
    534: 152
    535: 232
    536: 209
    537: 167
    538: 169
    539: 219
    540: 93
    541: 210
    542: 9
    543: 30
    544: 255
    545: 248
    546: 57
    547: 254
    548: 87
    549: 231
    550: 136
    551: 240
    552: 219
    553: 235
    554: 23
    555: 227
    556: 194
    557: 222
    558: 29
    559: 173
    560: 175
    561: 14
    562: 215
    563: 199
    564: 68
    565: 143
    566: 111
    567: 223
    568: 30
    569: 19
    570: 125
    571: 152
    572: 126
    573: 37
    574: 244
    575: 238
    576: 106
    577: 234
    578: 118
    579: 87
    580: 126
    581: 130
    582: 243
    583: 249
    584: 29
    585: 133
    586: 152
    587: 8
    588: 33
    589: 38
    590: 66
    591: 136
    592: 137
    593: 16
    594: 98
    595: 34
    596: 132
    597: 152
    598: 8
    599: 33
    600: 38
    601: 66
    602: 136
    603: 137
    604: 16
    605: 98
    606: 34
    607: 132
    608: 152
    609: 8
    610: 33
    611: 38
    612: 66
    613: 136
    614: 137
    615: 16
    616: 98
    617: 34
    618: 132
    619: 152
    620: 8
    621: 33
    622: 38
    623: 66
    624: 136
    625: 137
    626: 16
    627: 98
    628: 34
    629: 132
    630: 152
    631: 8
    632: 33
    633: 38
    634: 66
    635: 136
    636: 137
    637: 16
    638: 98
    639: 34
    640: 132
    641: 152
    642: 8
    643: 33
    644: 38
    645: 66
    646: 136
    647: 137
    648: 16
    649: 98
    650: 34
    651: 132
    652: 152
    653: 8
    654: 33
    655: 38
    656: 66
    657: 136
    658: 137
    659: 16
    660: 98
    661: 34
    662: 132
    663: 152
    664: 8
    665: 33
    666: 38
    667: 66
    668: 136
    669: 137
    670: 16
    671: 98
    672: 34
    673: 132
    674: 152
    675: 8
    676: 33
    677: 38
    678: 66
    679: 136
    680: 137
    681: 16
    682: 98
    683: 34
    684: 132
    685: 152
    686: 8
    687: 33
    688: 38
    689: 66
    690: 136
    691: 137
    692: 16
    693: 98
    694: 34
    695: 132
    696: 152
    697: 8
    698: 33
    699: 38
    700: 66
    701: 136
    702: 137
    703: 16
    704: 98
    705: 34
    706: 132
    707: 152
    708: 8
    709: 33
    710: 38
    711: 66
    712: 136
    713: 137
    714: 16
    715: 98
    716: 34
    717: 132
    718: 152
    719: 8
    720: 33
    721: 38
    722: 66
    723: 136
    724: 137
    725: 16
    726: 98
    727: 34
    728: 132
    729: 152
    730: 8
    731: 33
    732: 38
    733: 66
    734: 136
    735: 137
    736: 16
    737: 98
    738: 34
    739: 132
    740: 152
    741: 8
    742: 33
    743: 38
    744: 66
    745: 136
    746: 137
    747: 16
    748: 98
    749: 34
    750: 132
    751: 152
    752: 8
    753: 33
    754: 38
    755: 66
    756: 136
    757: 137
    758: 16
    759: 98
    760: 34
    761: 132
    762: 152
    763: 8
    764: 33
    765: 38
    766: 66
    767: 136
    768: 137
    769: 16
    770: 98
    771: 34
    772: 132
    773: 152
    774: 8
    775: 33
    776: 38
    777: 66
    778: 136
    779: 137
    780: 16
    781: 98
    782: 34
    783: 132
    784: 152
    785: 8
    786: 33
    787: 38
    788: 66
    789: 136
    790: 137
    791: 16
    792: 98
    793: 34
    794: 132
    795: 152
    796: 8
    797: 33
    798: 38
    799: 66
    800: 136
    801: 137
    802: 16
    803: 98
    804: 34
    805: 132
    806: 152
    807: 8
    808: 33
    809: 38
    810: 66
    811: 136
    812: 137
    813: 16
    814: 98
    815: 34
    816: 132
    817: 152
    818: 8
    819: 33
    820: 38
    821: 66
    822: 136
    823: 137
    824: 16
    825: 98
    826: 34
    827: 132
    828: 152
    829: 8
    830: 33
    831: 38
    832: 66
    833: 136
    834: 137
    835: 16
    836: 98
    837: 34
    838: 132
    839: 152
    840: 8
    841: 33
    842: 38
    843: 66
    844: 136
    845: 137
    846: 16
    847: 98
    848: 34
    849: 132
    850: 152
    851: 8
    852: 33
    853: 38
    854: 66
    855: 136
    856: 137
    857: 16
    858: 98
    859: 34
    860: 132
    861: 152
    862: 8
    863: 33
    864: 38
    865: 66
    866: 136
    867: 137
    868: 16
    869: 98
    870: 34
    871: 132
    872: 152
    873: 8
    874: 33
    875: 38
    876: 66
    877: 136
    878: 137
    879: 16
    880: 98
    881: 34
    882: 132
    883: 152
    884: 8
    885: 33
    886: 38
    887: 66
    888: 136
    889: 137
    890: 16
    891: 98
    892: 34
    893: 132
    894: 152
    895: 8
    896: 33
    897: 38
    898: 66
    899: 136
    900: 137
    901: 16
    902: 98
    903: 34
    904: 132
    905: 152
    906: 8
    907: 33
    908: 38
    909: 66
    910: 136
    911: 137
    912: 16
    913: 98
    914: 34
    915: 132
    916: 152
    917: 8
    918: 33
    919: 38
    920: 66
    921: 136
    922: 137
    923: 16
    924: 98
    925: 34
    926: 132
    927: 152
    928: 8
    929: 33
    930: 38
    931: 66
    932: 136
    933: 137
    934: 16
    935: 98
    936: 34
    937: 132
    938: 152
    939: 8
    940: 33
    941: 38
    942: 66
    943: 136
    944: 137
    945: 16
    946: 98
    947: 34
    948: 132
    949: 152
    950: 8
    951: 33
    952: 38
    953: 66
    954: 136
    955: 137
    956: 16
    957: 98
    958: 34
    959: 132
    960: 152
    961: 8
    962: 33
    963: 38
    964: 66
    965: 136
    966: 137
    967: 16
    968: 98
    969: 34
    970: 132
    971: 152
    972: 8
    973: 33
    974: 182
    975: 216
    976: 219
    977: 63
    978: 24
    979: 64
    980: 199
    981: 151
    982: 16
    983: 98
    984: 34
    985: 132
    986: 152
    987: 8
    988: 33
    989: 38
    990: 66
    991: 136
    992: 137
    993: 16
    994: 98
    995: 34
    996: 132
    997: 152
    998: 8
    999: 33
    1000: 38
    1001: 66
    1002: 136
    1003: 137
    1004: 16
    1005: 98
    1006: 34
    1007: 132
    1008: 152
    1009: 8
    1010: 33
    1011: 38
    1012: 66
    1013: 136
    1014: 253
    1015: 1
    1016: 0
    1017: 0
    1018: 255
    1019: 255
    1020: 9
    1021: 104
    1022: 115
    1023: 48
    1024: 0
    1025: 0
    1026: 0
    1027: 6
    1028: 73
    1029: 68
    1030: 65
    1031: 84
    1032: 3
    1033: 0
    1034: 63
    1035: 34
    1036: 92
    1037: 209
    1038: 194
    1039: 57
    1040: 225
    1041: 13
    1042: 0
    1043: 0
    1044: 0
    1045: 0
    1046: 73
    1047: 69
    1048: 78
    1049: 68
    1050: 174
    1051: 66
    1052: 96
    1053: 130
  actual:
    0: 137
    1: 80
    2: 78
    3: 71
    4: 13
    5: 10
    6: 26
    7: 10
    8: 0
    9: 0
    10: 0
    11: 13
    12: 73
    13: 72
    14: 68
    15: 82
    16: 0
    17: 0
    18: 1
    19: 44
    20: 0
    21: 0
    22: 1
    23: 4
    24: 8
    25: 2
    26: 0
    27: 0
    28: 0
    29: 29
    30: 224
    31: 158
    32: 121
    33: 0
    34: 0
    35: 3
    36: 209
    37: 73
    38: 68
    39: 65
    40: 84
    41: 120
    42: 156
    43: 236
    44: 219
    45: 191
    46: 74
    47: 151
    48: 81
    49: 28
    50: 128
    51: 241
    52: 243
    53: 154
    54: 67
    55: 171
    56: 87
    57: 80
    58: 151
    59: 80
    60: 180
    61: 53
    62: 70
    63: 83
    64: 183
    65: 208
    66: 216
    67: 69
    68: 116
    69: 11
    70: 221
    71: 66
    72: 13
    73: 13
    74: 10
    75: 45
    76: 191
    77: 185
    78: 169
    79: 189
    80: 22
    81: 157
    82: 132
    83: 108
    84: 143
    85: 48
    86: 104
    87: 16
    88: 210
    89: 212
    90: 64
    91: 176
    92: 188
    93: 3
    94: 197
    95: 56
    96: 143
    97: 198
    98: 231
    99: 195
    100: 25
    101: 95
    102: 120
    103: 255
    104: 124
    105: 121
    106: 120
    107: 207
    108: 114
    109: 214
    110: 15
    111: 143
    112: 142
    113: 7
    114: 208
    115: 89
    116: 27
    117: 64
    118: 74
    119: 132
    120: 16
    121: 19
    122: 33
    123: 196
    124: 68
    125: 8
    126: 49
    127: 17
    128: 66
    129: 76
    130: 132
    131: 16
    132: 19
    133: 33
    134: 196
    135: 68
    136: 8
    137: 49
    138: 17
    139: 66
    140: 76
    141: 132
    142: 16
    143: 19
    144: 33
    145: 196
    146: 68
    147: 8
    148: 49
    149: 17
    150: 66
    151: 76
    152: 132
    153: 16
    154: 19
    155: 33
    156: 196
    157: 68
    158: 8
    159: 49
    160: 17
    161: 66
    162: 76
    163: 132
    164: 16
    165: 19
    166: 33
    167: 196
    168: 68
    169: 8
    170: 49
    171: 17
    172: 66
    173: 76
    174: 132
    175: 16
    176: 19
    177: 33
    178: 196
    179: 68
    180: 8
    181: 49
    182: 17
    183: 66
    184: 76
    185: 132
    186: 16
    187: 19
    188: 33
    189: 196
    190: 68
    191: 8
    192: 49
    193: 17
    194: 66
    195: 76
    196: 132
    197: 16
    198: 19
    199: 33
    200: 196
    201: 68
    202: 8
    203: 49
    204: 17
    205: 66
    206: 76
    207: 132
    208: 16
    209: 19
    210: 33
    211: 196
    212: 68
    213: 8
    214: 49
    215: 17
    216: 66
    217: 76
    218: 132
    219: 16
    220: 19
    221: 33
    222: 196
    223: 150
    224: 237
    225: 167
    226: 143
    227: 198
    228: 68
    229: 171
    230: 211
    231: 141
    232: 213
    233: 201
    234: 198
    235: 152
    236: 104
    237: 251
    238: 213
    239: 203
    240: 49
    241: 209
    242: 230
    243: 193
    244: 206
    245: 214
    246: 193
    247: 206
    248: 152
    249: 232
    250: 245
    251: 106
    252: 234
    253: 237
    254: 76
    255: 240
    256: 159
    257: 243
    258: 39
    259: 132
    260: 152
    261: 8
    262: 33
    263: 38
    264: 66
    265: 136
    266: 137
    267: 16
    268: 98
    269: 34
    270: 132
    271: 152
    272: 8
    273: 33
    274: 38
    275: 66
    276: 136
    277: 137
    278: 16
    279: 98
    280: 34
    281: 132
    282: 152
    283: 8
    284: 33
    285: 38
    286: 66
    287: 136
    288: 137
    289: 16
    290: 98
    291: 34
    292: 132
    293: 152
    294: 8
    295: 33
    296: 38
    297: 66
    298: 136
    299: 137
    300: 16
    301: 98
    302: 34
    303: 132
    304: 152
    305: 8
    306: 33
    307: 38
    308: 66
    309: 136
    310: 137
    311: 16
    312: 98
    313: 34
    314: 132
    315: 152
    316: 8
    317: 33
    318: 38
    319: 66
    320: 136
    321: 137
    322: 16
    323: 98
    324: 34
    325: 132
    326: 152
    327: 8
    328: 33
    329: 38
    330: 66
    331: 136
    332: 137
    333: 16
    334: 98
    335: 34
    336: 132
    337: 152
    338: 8
    339: 33
    340: 38
    341: 66
    342: 136
    343: 137
    344: 16
    345: 98
    346: 34
    347: 132
    348: 152
    349: 8
    350: 33
    351: 38
    352: 66
    353: 136
    354: 137
    355: 16
    356: 98
    357: 34
    358: 132
    359: 152
    360: 8
    361: 33
    362: 38
    363: 66
    364: 136
    365: 137
    366: 16
    367: 98
    368: 34
    369: 132
    370: 152
    371: 8
    372: 33
    373: 38
    374: 66
    375: 136
    376: 137
    377: 16
    378: 98
    379: 34
    380: 132
    381: 152
    382: 8
    383: 33
    384: 182
    385: 108
    386: 63
    387: 125
    388: 116
    389: 201
    390: 75
    391: 31
    392: 190
    393: 255
    394: 184
    395: 172
    396: 175
    397: 143
    398: 107
    399: 59
    400: 31
    401: 83
    402: 173
    403: 45
    404: 203
    405: 152
    406: 232
    407: 252
    408: 98
    409: 77
    410: 125
    411: 197
    412: 101
    413: 242
    414: 7
    415: 189
    416: 157
    417: 19
    418: 60
    419: 254
    420: 242
    421: 245
    422: 247
    423: 183
    424: 31
    425: 151
    426: 185
    427: 114
    428: 243
    429: 96
    430: 103
    431: 235
    432: 96
    433: 103
    434: 76
    435: 116
    436: 133
    437: 168
    438: 150
    439: 181
    440: 181
    441: 191
    442: 107
    443: 92
    444: 219
    445: 212
    446: 38
    447: 166
    448: 91
    449: 46
    450: 214
    451: 220
    452: 87
    453: 156
    454: 254
    455: 65
    456: 111
    457: 229
    458: 4
    459: 111
    460: 240
    461: 67
    462: 219
    463: 142
    464: 66
    465: 76
    466: 132
    467: 16
    468: 19
    469: 33
    470: 196
    471: 68
    472: 8
    473: 49
    474: 17
    475: 66
    476: 76
    477: 132
    478: 16
    479: 19
    480: 33
    481: 196
    482: 68
    483: 8
    484: 49
    485: 17
    486: 66
    487: 76
    488: 132
    489: 16
    490: 19
    491: 33
    492: 196
    493: 68
    494: 8
    495: 49
    496: 17
    497: 66
    498: 76
    499: 132
    500: 16
    501: 187
    502: 194
    503: 81
    504: 166
    505: 253
    506: 119
    507: 111
    508: 151
    509: 59
    510: 119
    511: 198
    512: 245
    513: 124
    514: 62
    515: 187
    516: 187
    517: 119
    518: 118
    519: 119
    520: 76
    521: 244
    522: 226
    523: 201
    524: 227
    525: 49
    526: 209
    527: 238
    528: 233
    529: 254
    530: 238
    531: 201
    532: 254
    533: 152
    534: 232
    535: 217
    536: 222
    537: 247
    538: 49
    539: 209
    540: 45
    541: 157
    542: 224
    543: 217
    544: 207
    545: 95
    546: 227
    547: 166
    548: 186
    549: 74
    550: 132
    551: 91
    552: 111
    553: 198
    554: 181
    555: 125
    556: 56
    557: 221
    558: 88
    559: 157
    560: 108
    561: 140
    562: 137
    563: 158
    564: 223
    565: 187
    566: 63
    567: 38
    568: 250
    569: 52
    570: 253
    571: 72
    572: 232
    573: 131
    574: 213
    575: 212
    576: 219
    577: 253
    578: 247
    579: 19
    580: 156
    581: 207
    582: 118
    583: 20
    584: 98
    585: 34
    586: 132
    587: 152
    588: 8
    589: 33
    590: 38
    591: 66
    592: 136
    593: 137
    594: 16
    595: 98
    596: 34
    597: 132
    598: 152
    599: 8
    600: 33
    601: 38
    602: 66
    603: 136
    604: 137
    605: 16
    606: 98
    607: 34
    608: 132
    609: 152
    610: 8
    611: 33
    612: 38
    613: 66
    614: 136
    615: 137
    616: 16
    617: 98
    618: 34
    619: 132
    620: 152
    621: 8
    622: 33
    623: 38
    624: 66
    625: 136
    626: 137
    627: 16
    628: 98
    629: 34
    630: 132
    631: 152
    632: 8
    633: 33
    634: 38
    635: 66
    636: 136
    637: 137
    638: 16
    639: 98
    640: 34
    641: 132
    642: 152
    643: 8
    644: 33
    645: 38
    646: 66
    647: 136
    648: 137
    649: 16
    650: 98
    651: 34
    652: 132
    653: 152
    654: 8
    655: 33
    656: 38
    657: 66
    658: 136
    659: 137
    660: 16
    661: 98
    662: 34
    663: 132
    664: 152
    665: 8
    666: 33
    667: 38
    668: 66
    669: 136
    670: 137
    671: 16
    672: 98
    673: 34
    674: 132
    675: 152
    676: 8
    677: 33
    678: 38
    679: 66
    680: 136
    681: 137
    682: 16
    683: 98
    684: 34
    685: 132
    686: 152
    687: 8
    688: 33
    689: 38
    690: 66
    691: 136
    692: 137
    693: 16
    694: 98
    695: 34
    696: 132
    697: 152
    698: 8
    699: 33
    700: 38
    701: 66
    702: 136
    703: 137
    704: 16
    705: 98
    706: 34
    707: 132
    708: 152
    709: 8
    710: 33
    711: 38
    712: 66
    713: 136
    714: 137
    715: 16
    716: 98
    717: 34
    718: 132
    719: 152
    720: 8
    721: 33
    722: 38
    723: 66
    724: 136
    725: 137
    726: 16
    727: 98
    728: 34
    729: 132
    730: 152
    731: 8
    732: 33
    733: 38
    734: 66
    735: 136
    736: 137
    737: 16
    738: 98
    739: 34
    740: 132
    741: 152
    742: 8
    743: 33
    744: 38
    745: 66
    746: 136
    747: 137
    748: 16
    749: 98
    750: 34
    751: 132
    752: 152
    753: 8
    754: 33
    755: 38
    756: 66
    757: 136
    758: 137
    759: 16
    760: 98
    761: 34
    762: 132
    763: 152
    764: 8
    765: 33
    766: 38
    767: 66
    768: 136
    769: 137
    770: 16
    771: 98
    772: 34
    773: 132
    774: 152
    775: 8
    776: 33
    777: 38
    778: 66
    779: 136
    780: 137
    781: 16
    782: 98
    783: 34
    784: 132
    785: 152
    786: 8
    787: 33
    788: 38
    789: 66
    790: 136
    791: 137
    792: 16
    793: 98
    794: 34
    795: 132
    796: 152
    797: 8
    798: 33
    799: 38
    800: 66
    801: 136
    802: 137
    803: 16
    804: 98
    805: 34
    806: 132
    807: 152
    808: 8
    809: 33
    810: 38
    811: 66
    812: 136
    813: 137
    814: 16
    815: 98
    816: 34
    817: 132
    818: 152
    819: 8
    820: 33
    821: 38
    822: 66
    823: 136
    824: 137
    825: 16
    826: 98
    827: 34
    828: 132
    829: 152
    830: 8
    831: 33
    832: 38
    833: 66
    834: 136
    835: 137
    836: 16
    837: 98
    838: 34
    839: 132
    840: 152
    841: 8
    842: 33
    843: 38
    844: 66
    845: 136
    846: 137
    847: 16
    848: 98
    849: 34
    850: 132
    851: 152
    852: 8
    853: 33
    854: 38
    855: 66
    856: 136
    857: 137
    858: 16
    859: 98
    860: 34
    861: 132
    862: 152
    863: 8
    864: 33
    865: 38
    866: 66
    867: 136
    868: 137
    869: 16
    870: 98
    871: 34
    872: 132
    873: 152
    874: 8
    875: 33
    876: 38
    877: 66
    878: 136
    879: 137
    880: 16
    881: 98
    882: 34
    883: 132
    884: 152
    885: 8
    886: 33
    887: 38
    888: 66
    889: 136
    890: 137
    891: 16
    892: 98
    893: 34
    894: 132
    895: 152
    896: 8
    897: 33
    898: 38
    899: 66
    900: 136
    901: 137
    902: 16
    903: 98
    904: 34
    905: 132
    906: 152
    907: 8
    908: 33
    909: 38
    910: 66
    911: 136
    912: 137
    913: 16
    914: 98
    915: 34
    916: 132
    917: 152
    918: 8
    919: 33
    920: 38
    921: 66
    922: 136
    923: 137
    924: 16
    925: 98
    926: 34
    927: 132
    928: 152
    929: 8
    930: 33
    931: 38
    932: 66
    933: 136
    934: 137
    935: 16
    936: 98
    937: 34
    938: 132
    939: 152
    940: 8
    941: 33
    942: 38
    943: 66
    944: 136
    945: 137
    946: 16
    947: 98
    948: 34
    949: 132
    950: 152
    951: 8
    952: 33
    953: 38
    954: 66
    955: 136
    956: 137
    957: 16
    958: 98
    959: 34
    960: 132
    961: 152
    962: 8
    963: 33
    964: 38
    965: 66
    966: 136
    967: 137
    968: 16
    969: 98
    970: 34
    971: 132
    972: 216
    973: 114
    974: 120
    975: 116
    976: 60
    977: 128
    978: 142
    979: 63
    980: 33
    981: 196
    982: 68
    983: 8
    984: 49
    985: 17
    986: 66
    987: 76
    988: 132
    989: 16
    990: 19
    991: 33
    992: 196
    993: 68
    994: 8
    995: 49
    996: 17
    997: 66
    998: 76
    999: 132
    1000: 16
    1001: 19
    1002: 33
    1003: 196
    1004: 68
    1005: 8
    1006: 49
    1007: 17
    1008: 66
    1009: 76
    1010: 132
    1011: 16
    1012: 251
    1013: 3
    1014: 0
    1015: 0
    1016: 255
    1017: 255
    1018: 253
    1019: 15
    1020: 179
    1021: 60
    1022: 0
    1023: 0
    1024: 0
    1025: 6
    1026: 73
    1027: 68
    1028: 65
    1029: 84
    1030: 3
    1031: 0
    1032: 154
    1033: 3
    1034: 88
    1035: 182
    1036: 54
    1037: 185
    1038: 21
    1039: 18
    1040: 0
    1041: 0
    1042: 0
    1043: 0
    1044: 73
    1045: 69
    1046: 78
    1047: 68
    1048: 174
    1049: 66
    1050: 96
    1051: 130
  operator: 'deepStrictEqual'
  stack: |-
    TestContext.<anonymous> (file:///private/tmp/ppte8/dist/tests/audit-followup-r03.test.js:68:24)
    async Test.run (node:internal/test_runner/test:1054:7)
    async Test.processPendingSubtests (node:internal/test_runner/test:744:7)
  ...
# Subtest: R03 contain left-top: browser preview, no-op bytes/history, actual move/download/fresh reopen
ok 12 - R03 contain left-top: browser preview, no-op bytes/history, actual move/download/fresh reopen
  ---
  duration_ms: 4878.646208
  type: 'test'
  ...
# Subtest: R03 contain right-bottom: browser preview, no-op bytes/history, actual move/download/fresh reopen
ok 13 - R03 contain right-bottom: browser preview, no-op bytes/history, actual move/download/fresh reopen
  ---
  duration_ms: 6072.125333
  type: 'test'
  ...
# Subtest: R03 contain edge-lengths: browser preview, no-op bytes/history, actual move/download/fresh reopen
ok 14 - R03 contain edge-lengths: browser preview, no-op bytes/history, actual move/download/fresh reopen
  ---
  duration_ms: 5857.794042
  type: 'test'
  ...
# Subtest: R03 contain calc: browser preview, no-op bytes/history, actual move/download/fresh reopen
ok 15 - R03 contain calc: browser preview, no-op bytes/history, actual move/download/fresh reopen
  ---
  duration_ms: 4987.511417
  type: 'test'
  ...
# Subtest: R03 contain math: browser preview, no-op bytes/history, actual move/download/fresh reopen
ok 16 - R03 contain math: browser preview, no-op bytes/history, actual move/download/fresh reopen
  ---
  duration_ms: 5066.315458
  type: 'test'
  ...
# Subtest: R03 unsupported contextual math reports before interaction and preserves content/history
ok 17 - R03 unsupported contextual math reports before interaction and preserves content/history
  ---
  duration_ms: 687.333125
  type: 'test'
  ...
1..17
# tests 17
# suites 0
# pass 13
# fail 4
# cancelled 0
# skipped 0
# todo 0
# duration_ms 81715.025417
